Archive member included because of file (symbol)

c:/freescale/kds_v3/toolchain/bin/../lib/gcc/arm-none-eabi/4.8.4/../../../../arm-none-eabi/lib/armv7e-m/fpu\libstdc++_s.a(new_op.o)
                              ./Sources/Ruby.o (operator new(unsigned int))
c:/freescale/kds_v3/toolchain/bin/../lib/gcc/arm-none-eabi/4.8.4/../../../../arm-none-eabi/lib/armv7e-m/fpu\libstdc++_s.a(del_op.o)
                              ./Startup_Code/console.o (operator delete(void*))
c:/freescale/kds_v3/toolchain/bin/../lib/gcc/arm-none-eabi/4.8.4/../../../../arm-none-eabi/lib/armv7e-m/fpu\libstdc++_s.a(new_handler.o)
                              c:/freescale/kds_v3/toolchain/bin/../lib/gcc/arm-none-eabi/4.8.4/../../../../arm-none-eabi/lib/armv7e-m/fpu\libstdc++_s.a(new_op.o) (__new_handler)
c:/freescale/kds_v3/toolchain/bin/../lib/gcc/arm-none-eabi/4.8.4/../../../../arm-none-eabi/lib/armv7e-m/fpu\libstdc++_s.a(atexit_arm.o)
                              ./Startup_Code/console.o (__aeabi_atexit)
c:/freescale/kds_v3/toolchain/bin/../lib/gcc/arm-none-eabi/4.8.4/../../../../arm-none-eabi/lib/armv7e-m/fpu\libstdc++_s.a(allocator-inst.o)
                              ./Sources/Ruby.o (std::allocator<char>::allocator())
c:/freescale/kds_v3/toolchain/bin/../lib/gcc/arm-none-eabi/4.8.4/../../../../arm-none-eabi/lib/armv7e-m/fpu\libstdc++_s.a(functexcept.o)
                              ./Sources/Ruby.o (std::__throw_bad_alloc())
c:/freescale/kds_v3/toolchain/bin/../lib/gcc/arm-none-eabi/4.8.4/../../../../arm-none-eabi/lib/armv7e-m/fpu\libm.a(lib_a-s_round.o)
                              ./Sources/Ruby.o (round)
c:/freescale/kds_v3/toolchain/bin/../lib/gcc/arm-none-eabi/4.8.4/armv7e-m/fpu\libgcc.a(_arm_addsubdf3.o)
                              ./Sources/Ruby.o (__aeabi_dsub)
c:/freescale/kds_v3/toolchain/bin/../lib/gcc/arm-none-eabi/4.8.4/armv7e-m/fpu\libgcc.a(_arm_muldivdf3.o)
                              ./Sources/Ruby.o (__aeabi_dmul)
c:/freescale/kds_v3/toolchain/bin/../lib/gcc/arm-none-eabi/4.8.4/armv7e-m/fpu\libgcc.a(_arm_cmpdf2.o)
                              ./Sources/Ruby.o (__aeabi_dcmplt)
c:/freescale/kds_v3/toolchain/bin/../lib/gcc/arm-none-eabi/4.8.4/armv7e-m/fpu\libgcc.a(_arm_fixdfsi.o)
                              ./Sources/Ruby.o (__aeabi_d2iz)
c:/freescale/kds_v3/toolchain/bin/../lib/gcc/arm-none-eabi/4.8.4/armv7e-m/fpu\libgcc.a(_arm_fixunsdfsi.o)
                              ./Sources/Ruby.o (__aeabi_d2uiz)
c:/freescale/kds_v3/toolchain/bin/../lib/gcc/arm-none-eabi/4.8.4/armv7e-m/fpu\libgcc.a(_arm_truncdfsf2.o)
                              ./Sources/Ruby.o (__aeabi_d2f)
c:/freescale/kds_v3/toolchain/bin/../lib/gcc/arm-none-eabi/4.8.4/armv7e-m/fpu\libgcc.a(_aeabi_uldivmod.o)
                              ./Sources/delay.o (__aeabi_uldivmod)
c:/freescale/kds_v3/toolchain/bin/../lib/gcc/arm-none-eabi/4.8.4/armv7e-m/fpu\libgcc.a(bpabi.o)
                              c:/freescale/kds_v3/toolchain/bin/../lib/gcc/arm-none-eabi/4.8.4/armv7e-m/fpu\libgcc.a(_aeabi_uldivmod.o) (__gnu_uldivmod_helper)
c:/freescale/kds_v3/toolchain/bin/../lib/gcc/arm-none-eabi/4.8.4/armv7e-m/fpu\libgcc.a(_dvmd_tls.o)
                              c:/freescale/kds_v3/toolchain/bin/../lib/gcc/arm-none-eabi/4.8.4/armv7e-m/fpu\libgcc.a(_aeabi_uldivmod.o) (__aeabi_ldiv0)
c:/freescale/kds_v3/toolchain/bin/../lib/gcc/arm-none-eabi/4.8.4/armv7e-m/fpu\libgcc.a(_divdi3.o)
                              c:/freescale/kds_v3/toolchain/bin/../lib/gcc/arm-none-eabi/4.8.4/armv7e-m/fpu\libgcc.a(bpabi.o) (__divdi3)
c:/freescale/kds_v3/toolchain/bin/../lib/gcc/arm-none-eabi/4.8.4/armv7e-m/fpu\libgcc.a(_udivdi3.o)
                              c:/freescale/kds_v3/toolchain/bin/../lib/gcc/arm-none-eabi/4.8.4/armv7e-m/fpu\libgcc.a(bpabi.o) (__udivdi3)
c:/freescale/kds_v3/toolchain/bin/../lib/gcc/arm-none-eabi/4.8.4/../../../../arm-none-eabi/lib/armv7e-m/fpu\libg_s.a(lib_a-abort.o)
                              c:/freescale/kds_v3/toolchain/bin/../lib/gcc/arm-none-eabi/4.8.4/../../../../arm-none-eabi/lib/armv7e-m/fpu\libstdc++_s.a(new_op.o) (abort)
c:/freescale/kds_v3/toolchain/bin/../lib/gcc/arm-none-eabi/4.8.4/../../../../arm-none-eabi/lib/armv7e-m/fpu\libg_s.a(lib_a-assert.o)
                              ./Sources/Ruby.o (__assert_func)
c:/freescale/kds_v3/toolchain/bin/../lib/gcc/arm-none-eabi/4.8.4/../../../../arm-none-eabi/lib/armv7e-m/fpu\libg_s.a(lib_a-cxa_atexit.o)
                              c:/freescale/kds_v3/toolchain/bin/../lib/gcc/arm-none-eabi/4.8.4/../../../../arm-none-eabi/lib/armv7e-m/fpu\libstdc++_s.a(atexit_arm.o) (__cxa_atexit)
c:/freescale/kds_v3/toolchain/bin/../lib/gcc/arm-none-eabi/4.8.4/../../../../arm-none-eabi/lib/armv7e-m/fpu\libg_s.a(lib_a-exit.o)
                              c:/freescale/kds_v3/toolchain/bin/../lib/gcc/arm-none-eabi/4.8.4/../../../../arm-none-eabi/lib/armv7e-m/fpu/crt0.o (exit)
[...]
Memory Configuration

Name             Origin             Length             Attributes
bitband          0x22000000         0x02000000         rw
aips0            0x40000000         0x00080000         rw
aips1            0x40080000         0x0007f000         rw
gpio             0x400ff000         0x00001000         rw
gpioBitband      0x42000000         0x02000000         rw
peripherals      0xe0000000         0x00100000         rw
flash            0x00000000         0x00100000         xr
ram              0x1fff0000         0x00020000         xrw
gdbGuard         0x20010000         0x00000020         r
*default*        0x00000000         0xffffffff

Linker script and memory map

LOAD c:/freescale/kds_v3/toolchain/bin/../lib/gcc/arm-none-eabi/4.8.4/armv7e-m/fpu/crti.o
LOAD c:/freescale/kds_v3/toolchain/bin/../lib/gcc/arm-none-eabi/4.8.4/armv7e-m/fpu/crtbegin.o
LOAD c:/freescale/kds_v3/toolchain/bin/../lib/gcc/arm-none-eabi/4.8.4/../../../../arm-none-eabi/lib/armv7e-m/fpu/crt0.o
LOAD ./Startup_Code/console.o
LOAD ./Startup_Code/mcg.o
LOAD ./Startup_Code/newlib_stubs.o
LOAD ./Startup_Code/rtc.o
LOAD ./Startup_Code/security.o
LOAD ./Startup_Code/startup_ARMLtdGCC.o
LOAD ./Startup_Code/system-gcc.o
LOAD ./Startup_Code/system.o
LOAD ./Startup_Code/vectors.o
LOAD ./Sources/Ruby.o
LOAD ./Sources/delay.o
LOAD ./Sources/ftfe.o
LOAD ./Sources/hardware.o
LOAD ./Sources/i2c.o
LOAD ./Sources/spi.o
LOAD ./Sources/usbdmError.o
LOAD c:/freescale/kds_v3/toolchain/bin/../lib/gcc/arm-none-eabi/4.8.4/../../../../arm-none-eabi/lib/armv7e-m/fpu\libstdc++_s.a
LOAD c:/freescale/kds_v3/toolchain/bin/../lib/gcc/arm-none-eabi/4.8.4/../../../../arm-none-eabi/lib/armv7e-m/fpu\libm.a
START GROUP
LOAD c:/freescale/kds_v3/toolchain/bin/../lib/gcc/arm-none-eabi/4.8.4/armv7e-m/fpu\libgcc.a
LOAD c:/freescale/kds_v3/toolchain/bin/../lib/gcc/arm-none-eabi/4.8.4/../../../../arm-none-eabi/lib/armv7e-m/fpu\libg_s.a
LOAD c:/freescale/kds_v3/toolchain/bin/../lib/gcc/arm-none-eabi/4.8.4/../../../../arm-none-eabi/lib/armv7e-m/fpu\libc_s.a
END GROUP
START GROUP
LOAD c:/freescale/kds_v3/toolchain/bin/../lib/gcc/arm-none-eabi/4.8.4/armv7e-m/fpu\libgcc.a
LOAD c:/freescale/kds_v3/toolchain/bin/../lib/gcc/arm-none-eabi/4.8.4/../../../../arm-none-eabi/lib/armv7e-m/fpu\libc_s.a
END GROUP
LOAD c:/freescale/kds_v3/toolchain/bin/../lib/gcc/arm-none-eabi/4.8.4/armv7e-m/fpu/crtend.o
LOAD c:/freescale/kds_v3/toolchain/bin/../lib/gcc/arm-none-eabi/4.8.4/armv7e-m/fpu/crtn.o
                0x00008000                __stack_size = 0x8000
                0x00008000                __heap_size = 0x8000
                0x00000000                __sram_u_size = 0x0
                0x00008000                PROVIDE (__stack_size__, __stack_size)
                0x00008000                PROVIDE (__heap_size__, __heap_size)
                0x000004d8                PROVIDE (__HardReset, Reset_Handler)
                0x00003020                PROVIDE (_start, main)

.interrupts     0x00000000      0x410
                0x00000000                __flash_start = .
                0x00000000                __VECTOR_TABLE = .
 *(.interrupt_vectors)
 .interrupt_vectors
                0x00000000      0x188 ./Startup_Code/vectors.o
                0x00000000                __vector_table
 *(.isr_vector)
                0x00000001                ASSERT ((. != __flash_start), No reset vector found)
                0x00000188                __VECTOR_TABLE_END = .
                0x00000400                . = (__flash_start + 0x400)
 *fill*         0x00000188      0x278 
 *(.security_information)
 .security_information
                0x00000400       0x10 ./Startup_Code/security.o
                0x00000400                securityInfo
 *(.FlashConfig)
                0x00000001                ASSERT ((. == (__flash_start + 0x410)), No Freescale security information)
                0x00000000                M_VECTOR_RAM_SIZE = DEFINED (__ram_vector_table__)?(__VECTOR_TABLE_END - __VECTOR_TABLE):0x0

.text           0x00000410     0x7bdc
 *(.text)
 .text          0x00000410       0x54 c:/freescale/kds_v3/toolchain/bin/../lib/gcc/arm-none-eabi/4.8.4/armv7e-m/fpu/crtbegin.o
 .text          0x00000464       0x74 c:/freescale/kds_v3/toolchain/bin/../lib/gcc/arm-none-eabi/4.8.4/../../../../arm-none-eabi/lib/armv7e-m/fpu/crt0.o
                0x00000464                _start
                0x00000464                _mainCRTStartup
 .text          0x000004d8       0x44 ./Startup_Code/startup_ARMLtdGCC.o
                0x000004d8                Reset_Handler
 .text          0x0000051c      0x370 c:/freescale/kds_v3/toolchain/bin/../lib/gcc/arm-none-eabi/4.8.4/armv7e-m/fpu\libgcc.a(_arm_addsubdf3.o)
                0x0000051c                __aeabi_drsub
                0x00000524                __aeabi_dsub
                0x00000524                __subdf3
                0x00000528                __aeabi_dadd
                0x00000528                __adddf3
                0x000007a0                __floatunsidf
                0x000007a0                __aeabi_ui2d
                0x000007c0                __floatsidf
                0x000007c0                __aeabi_i2d
                0x000007e4                __aeabi_f2d
                0x000007e4                __extendsfdf2
                0x00000820                __floatundidf
                0x00000820                __aeabi_ul2d
                0x00000830                __floatdidf
                0x00000830                __aeabi_l2d
 .text          0x0000088c      0x424 c:/freescale/kds_v3/toolchain/bin/../lib/gcc/arm-none-eabi/4.8.4/armv7e-m/fpu\libgcc.a(_arm_muldivdf3.o)
                0x0000088c                __aeabi_dmul
                0x0000088c                __muldf3
                0x00000ae0                __divdf3
                0x00000ae0                __aeabi_ddiv
 .text          0x00000cb0      0x110 c:/freescale/kds_v3/toolchain/bin/../lib/gcc/arm-none-eabi/4.8.4/armv7e-m/fpu\libgcc.a(_arm_cmpdf2.o)
                0x00000cb0                __gtdf2
                0x00000cb0                __gedf2
                0x00000cb8                __ltdf2
                0x00000cb8                __ledf2
                0x00000cc0                __nedf2
                0x00000cc0                __eqdf2
                0x00000cc0                __cmpdf2
                0x00000d3c                __aeabi_cdrcmple
                0x00000d4c                __aeabi_cdcmpeq
                0x00000d4c                __aeabi_cdcmple
                0x00000d5c                __aeabi_dcmpeq
                0x00000d70                __aeabi_dcmplt
                0x00000d84                __aeabi_dcmple
                0x00000d98                __aeabi_dcmpge
                0x00000dac                __aeabi_dcmpgt
 .text          0x00000dc0       0x50 c:/freescale/kds_v3/toolchain/bin/../lib/gcc/arm-none-eabi/4.8.4/armv7e-m/fpu\libgcc.a(_arm_fixdfsi.o)
                0x00000dc0                __aeabi_d2iz
                0x00000dc0                __fixdfsi
 .text          0x00000e10       0x40 c:/freescale/kds_v3/toolchain/bin/../lib/gcc/arm-none-eabi/4.8.4/armv7e-m/fpu\libgcc.a(_arm_fixunsdfsi.o)
                0x00000e10                __aeabi_d2uiz
                0x00000e10                __fixunsdfsi
 .text          0x00000e50       0x2c c:/freescale/kds_v3/toolchain/bin/../lib/gcc/arm-none-eabi/4.8.4/armv7e-m/fpu\libgcc.a(_aeabi_uldivmod.o)
                0x00000e50                __aeabi_uldivmod
 .text          0x00000e7c       0x60 c:/freescale/kds_v3/toolchain/bin/../lib/gcc/arm-none-eabi/4.8.4/armv7e-m/fpu\libgcc.a(bpabi.o)
                0x00000e7c                __gnu_ldivmod_helper
                0x00000eac                __gnu_uldivmod_helper
 .text          0x00000edc        0x4 c:/freescale/kds_v3/toolchain/bin/../lib/gcc/arm-none-eabi/4.8.4/armv7e-m/fpu\libgcc.a(_dvmd_tls.o)
                0x00000edc                __aeabi_idiv0
                0x00000edc                __aeabi_ldiv0
 .text          0x00000ee0      0x298 c:/freescale/kds_v3/toolchain/bin/../lib/gcc/arm-none-eabi/4.8.4/armv7e-m/fpu\libgcc.a(_divdi3.o)
                0x00000ee0                __divdi3
 .text          0x00001178      0x284 c:/freescale/kds_v3/toolchain/bin/../lib/gcc/arm-none-eabi/4.8.4/armv7e-m/fpu\libgcc.a(_udivdi3.o)
                0x00001178                __udivdi3
 *(.text*)
 .text._ZN5USBDML16enablePortClocksEm
                0x000013fc       0x34 ./Startup_Code/console.o
 .text._ZN5USBDM7SimInfo13getUart0ClockEv
                0x00001430       0x18 ./Startup_Code/console.o
                0x00001430                USBDM::SimInfo::getUart0Clock()
 .text._ZN5USBDM9Uart0Info22getInputClockFrequencyEv
                0x00001448       0x10 ./Startup_Code/console.o
                0x00001448                USBDM::Uart0Info::getInputClockFrequency()
 .text._ZN5USBDM9Uart0Info8initPCRsEm
                0x00001458       0x2c ./Startup_Code/console.o
                0x00001458                USBDM::Uart0Info::initPCRs(unsigned long)
 .text._ZN5USBDM11FormattedIOC2Ev
                0x00001484       0x48 ./Startup_Code/console.o
                0x00001484                USBDM::FormattedIO::FormattedIO()
                0x00001484                USBDM::FormattedIO::FormattedIO()
 .text._ZN5USBDM11FormattedIOD2Ev
                0x000014cc       0x28 ./Startup_Code/console.o
                0x000014cc                USBDM::FormattedIO::~FormattedIO()
                0x000014cc                USBDM::FormattedIO::~FormattedIO()
 .text._ZN5USBDM11FormattedIOD0Ev
                0x000014f4       0x20 ./Startup_Code/console.o
                0x000014f4                USBDM::FormattedIO::~FormattedIO()
 .text._ZN5USBDM11FormattedIO4peekEv
                0x00001514       0x88 ./Startup_Code/console.o
                0x00001514                USBDM::FormattedIO::peek()
 .text._ZN5USBDM11FormattedIO9writeCharEc
                0x0000159c       0x24 ./Startup_Code/console.o
                0x0000159c                USBDM::FormattedIO::writeChar(char)
 .text._ZN5USBDM11FormattedIO8readCharEv
                0x000015c0       0x28 ./Startup_Code/console.o
                0x000015c0                USBDM::FormattedIO::readChar()
 .text._ZN5USBDM11FormattedIO5writeEc
                0x000015e8       0x20 ./Startup_Code/console.o
                0x000015e8                USBDM::FormattedIO::write(char)
 .text._ZN5USBDM11FormattedIO7setEchoENS_8EchoModeE
                0x00001608       0x20 ./Startup_Code/console.o
                0x00001608                USBDM::FormattedIO::setEcho(USBDM::EchoMode)
 .text._ZN5USBDM4Uart16_isCharAvailableEv
                0x00001628       0x2c ./Startup_Code/console.o
                0x00001628                USBDM::Uart::_isCharAvailable()
 .text._ZN5USBDM4Uart9_readCharEv
                0x00001654       0x40 ./Startup_Code/console.o
                0x00001654                USBDM::Uart::_readChar()
 .text._ZN5USBDM4Uart10_writeCharEc
                0x00001694       0x44 ./Startup_Code/console.o
                0x00001694                USBDM::Uart::_writeChar(char)
 .text._ZN5USBDM4UartC2EPV9UART_Type
                0x000016d8       0x2c ./Startup_Code/console.o
                0x000016d8                USBDM::Uart::Uart(UART_Type volatile*)
                0x000016d8                USBDM::Uart::Uart(UART_Type volatile*)
 .text._ZN5USBDM4UartD2Ev
                0x00001704       0x30 ./Startup_Code/console.o
                0x00001704                USBDM::Uart::~Uart()
                0x00001704                USBDM::Uart::~Uart()
 .text._ZN5USBDM4UartD0Ev
                0x00001734       0x20 ./Startup_Code/console.o
                0x00001734                USBDM::Uart::~Uart()
 .text._ZN5USBDM4Uart16setBaudRate_brfaEmm
                0x00001754       0x8c ./Startup_Code/console.o
                0x00001754                USBDM::Uart::setBaudRate_brfa(unsigned long, unsigned long)
 .text._ZN5USBDM4Uart11flushOutputEv
                0x000017e0       0x30 ./Startup_Code/console.o
                0x000017e0                USBDM::Uart::flushOutput()
 .text._ZN5USBDM4Uart10flushInputEv
                0x00001810       0x20 ./Startup_Code/console.o
                0x00001810                USBDM::Uart::flushInput()
 .text.console_initialise
                0x00001830       0x1c ./Startup_Code/console.o
                0x00001830                console_initialise
 .text.console_txChar
                0x0000184c       0x20 ./Startup_Code/console.o
                0x0000184c                console_txChar
 .text.console_rxChar
                0x0000186c       0x14 ./Startup_Code/console.o
                0x0000186c                console_rxChar
 .text._ZN5USBDM11Uart_brfa_TINS_9Uart0InfoEEC2Ej
                0x00001880       0x30 ./Startup_Code/console.o
                0x00001880                USBDM::Uart_brfa_T<USBDM::Uart0Info>::Uart_brfa_T(unsigned int)
                0x00001880                USBDM::Uart_brfa_T<USBDM::Uart0Info>::Uart_brfa_T(unsigned int)
 .text._ZN5USBDM11Uart_brfa_TINS_9Uart0InfoEE11setBaudRateEj
                0x000018b0       0x24 ./Startup_Code/console.o
                0x000018b0                USBDM::Uart_brfa_T<USBDM::Uart0Info>::setBaudRate(unsigned int)
 .text._ZN5USBDM6Uart_TINS_9Uart0InfoEEC2Ev
                0x000018d4       0x4c ./Startup_Code/console.o
                0x000018d4                USBDM::Uart_T<USBDM::Uart0Info>::Uart_T()
                0x000018d4                USBDM::Uart_T<USBDM::Uart0Info>::Uart_T()
 .text._ZN5USBDM6Uart_TINS_9Uart0InfoEED2Ev
                0x00001920       0x30 ./Startup_Code/console.o
                0x00001920                USBDM::Uart_T<USBDM::Uart0Info>::~Uart_T()
                0x00001920                USBDM::Uart_T<USBDM::Uart0Info>::~Uart_T()
 .text._ZN5USBDM6Uart_TINS_9Uart0InfoEED0Ev
                0x00001950       0x20 ./Startup_Code/console.o
                0x00001950                USBDM::Uart_T<USBDM::Uart0Info>::~Uart_T()
 .text._Z41__static_initialization_and_destruction_0ii
                0x00001970       0x40 ./Startup_Code/console.o
 .text._ZN5USBDM11Uart_brfa_TINS_9Uart0InfoEED2Ev
                0x000019b0       0x30 ./Startup_Code/console.o
                0x000019b0                USBDM::Uart_brfa_T<USBDM::Uart0Info>::~Uart_brfa_T()
                0x000019b0                USBDM::Uart_brfa_T<USBDM::Uart0Info>::~Uart_brfa_T()
 .text._ZN5USBDM11Uart_brfa_TINS_9Uart0InfoEED0Ev
                0x000019e0       0x20 ./Startup_Code/console.o
                0x000019e0                USBDM::Uart_brfa_T<USBDM::Uart0Info>::~Uart_brfa_T()
 .text._ZN5USBDM6Uart_TINS_9Uart0InfoEE10clearErrorEv
                0x00001a00       0x18 ./Startup_Code/console.o
                0x00001a00                USBDM::Uart_T<USBDM::Uart0Info>::clearError()
 .text._GLOBAL__sub_I__ZN5USBDM7consoleE
                0x00001a18       0x10 ./Startup_Code/console.o
 .text.NVIC_DisableIRQ
                0x00001a28       0x34 ./Startup_Code/mcg.o
 .text._ZN5USBDML12setErrorCodeENS_9ErrorCodeE
                0x00001a5c       0x24 ./Startup_Code/mcg.o
 .text._ZN5USBDML16enablePortClocksEm
                0x00001a80       0x34 ./Startup_Code/mcg.o
 .text._ZN5USBDM8Osc0Info11getOscClockEv
                0x00001ab4       0x14 ./Startup_Code/mcg.o
                0x00001ab4                USBDM::Osc0Info::getOscClock()
 .text._ZN5USBDM8Osc0Info8initPCRsEm
                0x00001ac8       0x28 ./Startup_Code/mcg.o
                0x00001ac8                USBDM::Osc0Info::initPCRs(unsigned long)
 .text._ZN5USBDM7RtcInfo16getInternalClockEv
                0x00001af0       0x28 ./Startup_Code/mcg.o
                0x00001af0                USBDM::RtcInfo::getInternalClock()
 .text._ZN5USBDM7McgInfo11getErcClockEv
                0x00001b18       0x30 ./Startup_Code/mcg.o
                0x00001b18                USBDM::McgInfo::getErcClock()
 .text._ZN5USBDM7McgInfo19getInternalIrcClockEv
                0x00001b48       0x48 ./Startup_Code/mcg.o
                0x00001b48                USBDM::McgInfo::getInternalIrcClock()
 .text._ZN5USBDM7SimInfo8initRegsEv
                0x00001b90       0x74 ./Startup_Code/mcg.o
                0x00001b90                USBDM::SimInfo::initRegs()
 .text._ZN5USBDM3Mcg14setSysDividersEm
                0x00001c04       0x24 ./Startup_Code/mcg.o
                0x00001c04                USBDM::Mcg::setSysDividers(unsigned long)
 .text._ZN5USBDM3Mcg20enableNvicInterruptsEbm
                0x00001c28       0x30 ./Startup_Code/mcg.o
                0x00001c28                USBDM::Mcg::enableNvicInterrupts(bool, unsigned long)
 .text._ZN5USBDM3Mcg10initialiseEv
                0x00001c58        0xc ./Startup_Code/mcg.o
                0x00001c58                USBDM::Mcg::initialise()
 .text._ZN5USBDM3Mcg15clockTransitionERKNS_7McgInfo9ClockInfoE
                0x00001c64      0x2ec ./Startup_Code/mcg.o
                0x00001c64                USBDM::Mcg::clockTransition(USBDM::McgInfo::ClockInfo const&)
 .text._ZN5USBDM3Mcg21SystemCoreClockUpdateEv
                0x00001f50      0x26c ./Startup_Code/mcg.o
                0x00001f50                USBDM::Mcg::SystemCoreClockUpdate()
 .text._ZN5USBDM3Mcg16defaultConfigureEv
                0x000021bc       0x2c ./Startup_Code/mcg.o
                0x000021bc                USBDM::Mcg::defaultConfigure()
 .text.clock_initialise
                0x000021e8       0x14 ./Startup_Code/mcg.o
                0x000021e8                clock_initialise
 .text._ZN5USBDM9OscBase_TINS_8Osc0InfoEE10initialiseEv
                0x000021fc        0xc ./Startup_Code/mcg.o
                0x000021fc                USBDM::OscBase_T<USBDM::Osc0Info>::initialise()
 .text._ZN5USBDM9RtcBase_TINS_7RtcInfoEE10initialiseEv
                0x00002208        0xc ./Startup_Code/mcg.o
                0x00002208                USBDM::RtcBase_T<USBDM::RtcInfo>::initialise()
 .text._ZN5USBDM9OscBase_TINS_8Osc0InfoEE16defaultConfigureEv
                0x00002214       0x18 ./Startup_Code/mcg.o
                0x00002214                USBDM::OscBase_T<USBDM::Osc0Info>::defaultConfigure()
 .text._ZN5USBDM9RtcBase_TINS_7RtcInfoEE16defaultConfigureEv
                0x0000222c       0x24 ./Startup_Code/mcg.o
                0x0000222c                USBDM::RtcBase_T<USBDM::RtcInfo>::defaultConfigure()
 .text._close   0x00002250       0x18 ./Startup_Code/newlib_stubs.o
                0x00002250                _close
 .text._fstat   0x00002268       0x20 ./Startup_Code/newlib_stubs.o
                0x00002268                _fstat
 .text._getpid  0x00002288       0x10 ./Startup_Code/newlib_stubs.o
                0x00002288                _getpid
 .text._isatty  0x00002298       0x2c ./Startup_Code/newlib_stubs.o
                0x00002298                _isatty
 .text._kill    0x000022c4       0x24 ./Startup_Code/newlib_stubs.o
                0x000022c4                _kill
 .text._lseek   0x000022e8       0x1c ./Startup_Code/newlib_stubs.o
                0x000022e8                _lseek
 .text._sbrk    0x00002304       0x54 ./Startup_Code/newlib_stubs.o
                0x00002304                _sbrk
 .text._exit    0x00002358        0xc ./Startup_Code/newlib_stubs.o
                0x00002358                _exit
 .text._usbdm_read
                0x00002364       0x58 ./Startup_Code/newlib_stubs.o
                0x00002364                _usbdm_read
 .text._usbdm_write
                0x000023bc       0x60 ./Startup_Code/newlib_stubs.o
                0x000023bc                _usbdm_write
 .text.__cxa_pure_virtual
                0x0000241c        0xc ./Startup_Code/system-gcc.o
                0x0000241c                __cxa_pure_virtual
 .text.rtc_initialise
                0x00002428        0xc ./Startup_Code/system.o
                0x00002428                rtc_initialise
 .text.software_init_hook
                0x00002434        0xc ./Startup_Code/system.o
                0x00002434                software_init_hook
 .text.SystemInitLowLevel
                0x00002440       0x44 ./Startup_Code/system.o
                0x00002440                SystemInitLowLevel
 .text.SystemInit
                0x00002484       0x30 ./Startup_Code/system.o
                0x00002484                SystemInit
 .text._ZN5USBDM9PmcBase_TINS_7PmcInfoEE11releasePinsEv
                0x000024b4       0x20 ./Startup_Code/system.o
                0x000024b4                USBDM::PmcBase_T<USBDM::PmcInfo>::releasePins()
 .text._ZN5USBDM11FormattedIO10setPaddingENS_7PaddingE
                0x000024d4       0x20 ./Startup_Code/vectors.o
                0x000024d4                USBDM::FormattedIO::setPadding(USBDM::Padding)
 .text._ZN5USBDM11FormattedIO8setWidthEi
                0x000024f4       0x20 ./Startup_Code/vectors.o
                0x000024f4                USBDM::FormattedIO::setWidth(int)
 .text._ZN5USBDM11FormattedIO5ultoaEPcmNS_5RadixENS_7PaddingEib
                0x00002514      0x15c ./Startup_Code/vectors.o
                0x00002514                USBDM::FormattedIO::ultoa(char*, unsigned long, USBDM::Radix, USBDM::Padding, int, bool)
 .text._ZN5USBDM11FormattedIO7writelnEv
                0x00002670       0x1c ./Startup_Code/vectors.o
                0x00002670                USBDM::FormattedIO::writeln()
 .text._ZN5USBDM11FormattedIO5writeEPKc
                0x0000268c       0x30 ./Startup_Code/vectors.o
                0x0000268c                USBDM::FormattedIO::write(char const*)
 .text._ZN5USBDM11FormattedIO7writelnEPKc
                0x000026bc       0x24 ./Startup_Code/vectors.o
                0x000026bc                USBDM::FormattedIO::writeln(char const*)
 .text._ZN5USBDM11FormattedIO5writeEmNS_5RadixE
                0x000026e0       0x40 ./Startup_Code/vectors.o
                0x000026e0                USBDM::FormattedIO::write(unsigned long, USBDM::Radix)
 .text._ZN5USBDM11FormattedIO7writelnEmNS_5RadixE
                0x00002720       0x2c ./Startup_Code/vectors.o
                0x00002720                USBDM::FormattedIO::writeln(unsigned long, USBDM::Radix)
 .text._ZN5USBDM11FormattedIO7writelnEPKvNS_5RadixE
                0x0000274c       0x28 ./Startup_Code/vectors.o
                0x0000274c                USBDM::FormattedIO::writeln(void const*, USBDM::Radix)
 .text._ZN5USBDM11FormattedIO7writelnEjNS_5RadixE
                0x00002774       0x24 ./Startup_Code/vectors.o
                0x00002774                USBDM::FormattedIO::writeln(unsigned int, USBDM::Radix)
 .text.Default_Handler
                0x00002798       0x20 ./Startup_Code/vectors.o
                0x00002798                RTC_Alarm_IRQHandler
                0x00002798                UART3_RxTx_IRQHandler
                0x00002798                DebugMon_Handler
                0x00002798                CAN0_WakeUp_IRQHandler
                0x00002798                I2C0_IRQHandler
                0x00002798                SysTick_Handler
                0x00002798                UART5_RxTx_IRQHandler
                0x00002798                PendSV_Handler
                0x00002798                NMI_Handler
                0x00002798                I2C1_IRQHandler
                0x00002798                DMA2_IRQHandler
                0x00002798                CMP2_IRQHandler
                0x00002798                CAN0_Message_IRQHandler
                0x00002798                LLWU_IRQHandler
                0x00002798                UART4_Error_IRQHandler
                0x00002798                SWI_IRQHandler
                0x00002798                ADC0_IRQHandler
                0x00002798                UsageFault_Handler
                0x00002798                I2S0_Tx_IRQHandler
                0x00002798                CMT_IRQHandler
                0x00002798                SPI1_IRQHandler
                0x00002798                DMA9_IRQHandler
                0x00002798                UART5_Error_IRQHandler
                0x00002798                DMA14_IRQHandler
                0x00002798                CMP1_IRQHandler
                0x00002798                PORTD_IRQHandler
                0x00002798                PORTB_IRQHandler
                0x00002798                ADC1_IRQHandler
                0x00002798                I2C2_IRQHandler
                0x00002798                I2S0_Rx_IRQHandler
                0x00002798                DMA5_IRQHandler
                0x00002798                PDB0_IRQHandler
                0x00002798                FTM1_IRQHandler
                0x00002798                UART0_RxTx_IRQHandler
                0x00002798                CAN0_BusOff_IRQHandler
                0x00002798                SDHC_IRQHandler
                0x00002798                RTC_Seconds_IRQHandler
                0x00002798                MCG_IRQHandler
                0x00002798                DMA11_IRQHandler
                0x00002798                Default_Handler
                0x00002798                DMA7_IRQHandler
                0x00002798                USBDCD_IRQHandler
                0x00002798                UART0_Error_IRQHandler
                0x00002798                UART4_RxTx_IRQHandler
                0x00002798                UART1_RxTx_IRQHandler
                0x00002798                USB0_IRQHandler
                0x00002798                SPI2_IRQHandler
                0x00002798                MemManage_Handler
                0x00002798                SVC_Handler
                0x00002798                DMA13_IRQHandler
                0x00002798                DMA3_IRQHandler
                0x00002798                DMA0_IRQHandler
                0x00002798                CAN0_Rx_IRQHandler
                0x00002798                DMA15_IRQHandler
                0x00002798                DAC0_IRQHandler
                0x00002798                FTF_ReadCollision_IRQHandler
                0x00002798                UART1_Error_IRQHandler
                0x00002798                UART2_Error_IRQHandler
                0x00002798                UART2_RxTx_IRQHandler
                0x00002798                CAN0_Error_IRQHandler
                0x00002798                DMA4_IRQHandler
                0x00002798                CAN0_Tx_IRQHandler
                0x00002798                PMC_IRQHandler
                0x00002798                DMA_Error_IRQHandler
                0x00002798                SPI0_IRQHandler
                0x00002798                FTM0_IRQHandler
                0x00002798                FTF_Command_IRQHandler
                0x00002798                PORTA_IRQHandler
                0x00002798                DAC1_IRQHandler
                0x00002798                MCM_IRQHandler
                0x00002798                DMA12_IRQHandler
                0x00002798                FTM3_IRQHandler
                0x00002798                PORTE_IRQHandler
                0x00002798                WDOG_IRQHandler
                0x00002798                FTM2_IRQHandler
                0x00002798                LPTMR0_IRQHandler
                0x00002798                BusFault_Handler
                0x00002798                DMA8_IRQHandler
                0x00002798                DMA10_IRQHandler
                0x00002798                CMP0_IRQHandler
                0x00002798                PORTC_IRQHandler
                0x00002798                DMA6_IRQHandler
                0x00002798                DMA1_IRQHandler
                0x00002798                UART3_Error_IRQHandler
 .text.HardFault_Handler
                0x000027b8       0x14 ./Startup_Code/vectors.o
                0x000027b8                HardFault_Handler
 .text._HardFault_Handler
                0x000027cc      0x1e8 ./Startup_Code/vectors.o
                0x000027cc                _HardFault_Handler
 .text._ZN5USBDM12PitChannel_TINS_7PitInfoELi0EE10irqHandlerEv
                0x000029b4       0x1c ./Startup_Code/vectors.o
                0x000029b4                USBDM::PitChannel_T<USBDM::PitInfo, 0>::irqHandler()
 .text._ZN5USBDM12PitChannel_TINS_7PitInfoELi1EE10irqHandlerEv
                0x000029d0       0x1c ./Startup_Code/vectors.o
                0x000029d0                USBDM::PitChannel_T<USBDM::PitInfo, 1>::irqHandler()
 .text._ZN5USBDM12PitChannel_TINS_7PitInfoELi2EE10irqHandlerEv
                0x000029ec       0x1c ./Startup_Code/vectors.o
                0x000029ec                USBDM::PitChannel_T<USBDM::PitInfo, 2>::irqHandler()
 .text._ZN5USBDM12PitChannel_TINS_7PitInfoELi3EE10irqHandlerEv
                0x00002a08       0x1c ./Startup_Code/vectors.o
                0x00002a08                USBDM::PitChannel_T<USBDM::PitInfo, 3>::irqHandler()
 .text._ZN5USBDML12setErrorCodeENS_9ErrorCodeE
                0x00002a24       0x24 ./Sources/Ruby.o
 .text._ZN5USBDML20setAndCheckErrorCodeENS_9ErrorCodeE
                0x00002a48       0x20 ./Sources/Ruby.o
 .text._ZN5USBDML16enablePortClocksEm
                0x00002a68       0x34 ./Sources/Ruby.o
 .text._ZN5USBDM8Adc1Info8initPCRsEm
                0x00002a9c       0x28 ./Sources/Ruby.o
                0x00002a9c                USBDM::Adc1Info::initPCRs(unsigned long)
 .text._ZN5USBDM8Adc1Info6InfoDP8initPCRsEm
                0x00002ac4       0x14 ./Sources/Ruby.o
                0x00002ac4                USBDM::Adc1Info::InfoDP::initPCRs(unsigned long)
 .text._ZN5USBDM8Adc1Info6InfoDM8initPCRsEm
                0x00002ad8       0x14 ./Sources/Ruby.o
                0x00002ad8                USBDM::Adc1Info::InfoDM::initPCRs(unsigned long)
 .text._ZN5USBDM8Dac0Info8initPCRsEm
                0x00002aec       0x14 ./Sources/Ruby.o
                0x00002aec                USBDM::Dac0Info::initPCRs(unsigned long)
 .text._ZN5USBDM8Ftm0Info22getInputClockFrequencyEv
                0x00002b00       0x40 ./Sources/Ruby.o
                0x00002b00                USBDM::Ftm0Info::getInputClockFrequency()
 .text._ZN5USBDM8Ftm0Info8initPCRsEm
                0x00002b40       0x50 ./Sources/Ruby.o
                0x00002b40                USBDM::Ftm0Info::initPCRs(unsigned long)
 .text._ZN5USBDM8Ftm1Info8initPCRsEm
                0x00002b90       0x14 ./Sources/Ruby.o
                0x00002b90                USBDM::Ftm1Info::initPCRs(unsigned long)
 .text._ZN5USBDM8Ftm1Info8InfoQUAD8initPCRsEm
                0x00002ba4       0x2c ./Sources/Ruby.o
                0x00002ba4                USBDM::Ftm1Info::InfoQUAD::initPCRs(unsigned long)
 .text._ZN5USBDM8Ftm2Info8initPCRsEm
                0x00002bd0       0x14 ./Sources/Ruby.o
                0x00002bd0                USBDM::Ftm2Info::initPCRs(unsigned long)
 .text._ZN5USBDM8Ftm2Info8InfoQUAD8initPCRsEm
                0x00002be4       0x2c ./Sources/Ruby.o
                0x00002be4                USBDM::Ftm2Info::InfoQUAD::initPCRs(unsigned long)
 .text._ZN5USBDM7FtmBase17unhandledCallbackEv
                0x00002c10        0xc ./Sources/Ruby.o
                0x00002c10                USBDM::FtmBase::unhandledCallback()
 .text._ZN5USBDM11FormattedIO5writeEb
                0x00002c1c       0x34 ./Sources/Ruby.o
                0x00002c1c                USBDM::FormattedIO::write(bool)
 .text._ZN5USBDM11FormattedIO7writelnEb
                0x00002c50       0x28 ./Sources/Ruby.o
                0x00002c50                USBDM::FormattedIO::writeln(bool)
 .text._ZN5USBDM11FormattedIO5writeElNS_5RadixE
                0x00002c78       0x58 ./Sources/Ruby.o
                0x00002c78                USBDM::FormattedIO::write(long, USBDM::Radix)
 .text._ZN5USBDM11FormattedIO7writelnElNS_5RadixE
                0x00002cd0       0x2c ./Sources/Ruby.o
                0x00002cd0                USBDM::FormattedIO::writeln(long, USBDM::Radix)
 .text._ZN5USBDM11FormattedIO5writeEiNS_5RadixE
                0x00002cfc       0x24 ./Sources/Ruby.o
                0x00002cfc                USBDM::FormattedIO::write(int, USBDM::Radix)
 .text._ZN5USBDM11FormattedIO7writelnEiNS_5RadixE
                0x00002d20       0x24 ./Sources/Ruby.o
                0x00002d20                USBDM::FormattedIO::writeln(int, USBDM::Radix)
 .text._ZN17MotorSupplySensor12motorVoltageEv
                0x00002d44       0x28 ./Sources/Ruby.o
                0x00002d44                MotorSupplySensor::motorVoltage()
 .text._ZN17MotorSupplySensor4isOKEv
                0x00002d6c       0x24 ./Sources/Ruby.o
                0x00002d6c                MotorSupplySensor::isOK()
 .text._ZN17MotorSupplySensor10initialiseEv
                0x00002d90       0x90 ./Sources/Ruby.o
                0x00002d90                MotorSupplySensor::initialise()
 .text._Z8stopHerev
                0x00002e20       0x18 ./Sources/Ruby.o
                0x00002e20                stopHere()
 .text._Z8shutDownv
                0x00002e38       0x84 ./Sources/Ruby.o
                0x00002e38                shutDown()
 .text._ZL9calibratev
                0x00002ebc       0x64 ./Sources/Ruby.o
 .text._Z16checkMotorSupplyv
                0x00002f20       0xbc ./Sources/Ruby.o
                0x00002f20                checkMotorSupply()
 .text._Z10initialisev
                0x00002fdc       0x44 ./Sources/Ruby.o
                0x00002fdc                initialise()
 .text.main     0x00003020       0x9c ./Sources/Ruby.o
                0x00003020                main
 .text._ZN5USBDM9AdcBase_TINS_8Adc1InfoEE9calibrateEv
                0x000030bc      0x114 ./Sources/Ruby.o
                0x000030bc                USBDM::AdcBase_T<USBDM::Adc1Info>::calibrate()
 .text._ZNSt6vectorIiSaIiEEC2Ev
                0x000031d0       0x1c ./Sources/Ruby.o
                0x000031d0                std::vector<int, std::allocator<int> >::vector()
                0x000031d0                std::vector<int, std::allocator<int> >::vector()
 .text._ZNSt6vectorIcSaIcEEC2Ev
                0x000031ec       0x1c ./Sources/Ruby.o
                0x000031ec                std::vector<char, std::allocator<char> >::vector()
                0x000031ec                std::vector<char, std::allocator<char> >::vector()
 .text._ZN5MotorIN5USBDM8Ftm0InfoELh2ELh3ELi3ENS0_8Ftm1InfoENS0_5GpioAILi5ELNS0_8PolarityE1EEEE8setSpeedEf
                0x00003208       0xb8 ./Sources/Ruby.o
                0x00003208                Motor<USBDM::Ftm0Info, (unsigned char)2, (unsigned char)3, 3, USBDM::Ftm1Info, USBDM::GpioA<5, (USBDM::Polarity)1> >::setSpeed(float)
 .text._ZN5MotorIN5USBDM8Ftm0InfoELh4ELh5ELi0ENS0_8Ftm2InfoENS0_5GpioBILi3ELNS0_8PolarityE1EEEE8setSpeedEf
                0x000032c0       0xb8 ./Sources/Ruby.o
                0x000032c0                Motor<USBDM::Ftm0Info, (unsigned char)4, (unsigned char)5, 0, USBDM::Ftm2Info, USBDM::GpioB<3, (USBDM::Polarity)1> >::setSpeed(float)
 .text._ZN5MotorIN5USBDM8Ftm0InfoELh2ELh3ELi3ENS0_8Ftm1InfoENS0_5GpioAILi5ELNS0_8PolarityE1EEEE11getPositionEv
                0x00003378       0x10 ./Sources/Ruby.o
                0x00003378                Motor<USBDM::Ftm0Info, (unsigned char)2, (unsigned char)3, 3, USBDM::Ftm1Info, USBDM::GpioA<5, (USBDM::Polarity)1> >::getPosition()
 .text._ZN5MotorIN5USBDM8Ftm0InfoELh4ELh5ELi0ENS0_8Ftm2InfoENS0_5GpioBILi3ELNS0_8PolarityE1EEEE11getPositionEv
                0x00003388       0x10 ./Sources/Ruby.o
                0x00003388                Motor<USBDM::Ftm0Info, (unsigned char)4, (unsigned char)5, 0, USBDM::Ftm2Info, USBDM::GpioB<3, (USBDM::Polarity)1> >::getPosition()
 .text._ZN7GripperIN5USBDM8Ftm0InfoELi7ENS0_5GpioEILi0ELNS0_8PolarityE1EEENS2_ILi1ELS3_1EEEE4openEv
                0x00003398       0x18 ./Sources/Ruby.o
                0x00003398                Gripper<USBDM::Ftm0Info, 7, USBDM::GpioE<0, (USBDM::Polarity)1>, USBDM::GpioE<1, (USBDM::Polarity)1> >::open()
 .text._ZN7GripperIN5USBDM8Ftm0InfoELi1ENS0_5GpioCILi0ELNS0_8PolarityE1EEENS2_ILi1ELS3_1EEEE4openEv
                0x000033b0       0x18 ./Sources/Ruby.o
                0x000033b0                Gripper<USBDM::Ftm0Info, 1, USBDM::GpioC<0, (USBDM::Polarity)1>, USBDM::GpioC<1, (USBDM::Polarity)1> >::open()
 .text._ZN7GripperIN5USBDM8Ftm0InfoELi7ENS0_5GpioEILi0ELNS0_8PolarityE1EEENS2_ILi1ELS3_1EEEE9calibrateEv
                0x000033c8       0x38 ./Sources/Ruby.o
                0x000033c8                Gripper<USBDM::Ftm0Info, 7, USBDM::GpioE<0, (USBDM::Polarity)1>, USBDM::GpioE<1, (USBDM::Polarity)1> >::calibrate()
 .text._ZN7GripperIN5USBDM8Ftm0InfoELi1ENS0_5GpioCILi0ELNS0_8PolarityE1EEENS2_ILi1ELS3_1EEEE9calibrateEv
                0x00003400       0x38 ./Sources/Ruby.o
                0x00003400                Gripper<USBDM::Ftm0Info, 1, USBDM::GpioC<0, (USBDM::Polarity)1>, USBDM::GpioC<1, (USBDM::Polarity)1> >::calibrate()
 .text._ZN7GripperIN5USBDM8Ftm0InfoELi7ENS0_5GpioEILi0ELNS0_8PolarityE1EEENS2_ILi1ELS3_1EEEE10initialiseEv
                0x00003438       0x54 ./Sources/Ruby.o
                0x00003438                Gripper<USBDM::Ftm0Info, 7, USBDM::GpioE<0, (USBDM::Polarity)1>, USBDM::GpioE<1, (USBDM::Polarity)1> >::initialise()
 .text._ZN7GripperIN5USBDM8Ftm0InfoELi1ENS0_5GpioCILi0ELNS0_8PolarityE1EEENS2_ILi1ELS3_1EEEE10initialiseEv
                0x0000348c       0x54 ./Sources/Ruby.o
                0x0000348c                Gripper<USBDM::Ftm0Info, 1, USBDM::GpioC<0, (USBDM::Polarity)1>, USBDM::GpioC<1, (USBDM::Polarity)1> >::initialise()
 .text._ZN5MotorIN5USBDM8Ftm0InfoELh2ELh3ELi3ENS0_8Ftm1InfoENS0_5GpioAILi5ELNS0_8PolarityE1EEEE10initialiseEv
                0x000034e0       0x74 ./Sources/Ruby.o
                0x000034e0                Motor<USBDM::Ftm0Info, (unsigned char)2, (unsigned char)3, 3, USBDM::Ftm1Info, USBDM::GpioA<5, (USBDM::Polarity)1> >::initialise()
 .text._ZN5MotorIN5USBDM8Ftm0InfoELh4ELh5ELi0ENS0_8Ftm2InfoENS0_5GpioBILi3ELNS0_8PolarityE1EEEE10initialiseEv
                0x00003554       0x74 ./Sources/Ruby.o
                0x00003554                Motor<USBDM::Ftm0Info, (unsigned char)4, (unsigned char)5, 0, USBDM::Ftm2Info, USBDM::GpioB<3, (USBDM::Polarity)1> >::initialise()
 .text._ZN5USBDM5Dac_TINS_8Dac0InfoEE6enableEmmm
                0x000035c8       0x58 ./Sources/Ruby.o
                0x000035c8                USBDM::Dac_T<USBDM::Dac0Info>::enable(unsigned long, unsigned long, unsigned long)
 .text._ZN7GripperIN5USBDM8Ftm0InfoELi7ENS0_5GpioEILi0ELNS0_8PolarityE1EEENS2_ILi1ELS3_1EEEE5closeEv
                0x00003620       0x28 ./Sources/Ruby.o
                0x00003620                Gripper<USBDM::Ftm0Info, 7, USBDM::GpioE<0, (USBDM::Polarity)1>, USBDM::GpioE<1, (USBDM::Polarity)1> >::close()
 .text._ZN7GripperIN5USBDM8Ftm0InfoELi1ENS0_5GpioCILi0ELNS0_8PolarityE1EEENS2_ILi1ELS3_1EEEE5closeEv
                0x00003648       0x28 ./Sources/Ruby.o
                0x00003648                Gripper<USBDM::Ftm0Info, 1, USBDM::GpioC<0, (USBDM::Polarity)1>, USBDM::GpioC<1, (USBDM::Polarity)1> >::close()
 .text._ZN5USBDM10GpioBase_TILm2048ELm1074049024EL9IRQn_Type61ELm1074786432ELi9ELNS_8PolarityE1EE9setOutputEm
                0x00003670       0x28 ./Sources/Ruby.o
                0x00003670                USBDM::GpioBase_T<2048ul, 1074049024ul, (IRQn_Type)61, 1074786432ul, 9, (USBDM::Polarity)1>::setOutput(unsigned long)
 .text._ZN5USBDM10GpioBase_TILm2048ELm1074049024EL9IRQn_Type61ELm1074786432ELi11ELNS_8PolarityE1EE9setOutputEm
                0x00003698       0x28 ./Sources/Ruby.o
                0x00003698                USBDM::GpioBase_T<2048ul, 1074049024ul, (IRQn_Type)61, 1074786432ul, 11, (USBDM::Polarity)1>::setOutput(unsigned long)
 .text._ZN3PIDC2Ev
                0x000036c0       0x18 ./Sources/Ruby.o
                0x000036c0                PID::PID()
                0x000036c0                PID::PID()
 .text._ZN5PID_TIXadL_ZN5MotorIN5USBDM8Ftm0InfoELh2ELh3ELi3ENS1_8Ftm1InfoENS1_5GpioAILi5ELNS1_8PolarityE1EEEE18getPositionAsFloatEvEEXadL_ZNS7_8setSpeedEfEEEC2Edddddd
                0x000036d8       0x80 ./Sources/Ruby.o
                0x000036d8                PID_T<&Motor<USBDM::Ftm0Info, (unsigned char)2, (unsigned char)3, 3, USBDM::Ftm1Info, USBDM::GpioA<5, (USBDM::Polarity)1> >::getPositionAsFloat, &Motor<USBDM::Ftm0Info, (unsigned char)2, (unsigned char)3, 3, USBDM::Ftm1Info, USBDM::GpioA<5, (USBDM::Polarity)1> >::setSpeed>::PID_T(double, double, double, double, double, double)
                0x000036d8                PID_T<&Motor<USBDM::Ftm0Info, (unsigned char)2, (unsigned char)3, 3, USBDM::Ftm1Info, USBDM::GpioA<5, (USBDM::Polarity)1> >::getPositionAsFloat, &Motor<USBDM::Ftm0Info, (unsigned char)2, (unsigned char)3, 3, USBDM::Ftm1Info, USBDM::GpioA<5, (USBDM::Polarity)1> >::setSpeed>::PID_T(double, double, double, double, double, double)
 .text._ZN5PID_TIXadL_Z14motor2PositionvEEXadL_ZN5MotorIN5USBDM8Ftm0InfoELh4ELh5ELi0ENS1_8Ftm2InfoENS1_5GpioBILi3ELNS1_8PolarityE1EEEE8setSpeedEfEEEC2Edddddd
                0x00003758       0x80 ./Sources/Ruby.o
                0x00003758                PID_T<&(motor2Position()), &Motor<USBDM::Ftm0Info, (unsigned char)4, (unsigned char)5, 0, USBDM::Ftm2Info, USBDM::GpioB<3, (USBDM::Polarity)1> >::setSpeed>::PID_T(double, double, double, double, double, double)
                0x00003758                PID_T<&(motor2Position()), &Motor<USBDM::Ftm0Info, (unsigned char)4, (unsigned char)5, 0, USBDM::Ftm2Info, USBDM::GpioB<3, (USBDM::Polarity)1> >::setSpeed>::PID_T(double, double, double, double, double, double)
 .text._ZN5USBDM10GpioBase_TILm2048ELm1074049024EL9IRQn_Type61ELm1074786432ELi9ELNS_8PolarityE1EE5clearEv
                0x000037d8       0x18 ./Sources/Ruby.o
                0x000037d8                USBDM::GpioBase_T<2048ul, 1074049024ul, (IRQn_Type)61, 1074786432ul, 9, (USBDM::Polarity)1>::clear()
 .text._ZNSt6vectorIiSaIiEED2Ev
                0x000037f0       0x38 ./Sources/Ruby.o
                0x000037f0                std::vector<int, std::allocator<int> >::~vector()
                0x000037f0                std::vector<int, std::allocator<int> >::~vector()
 .text._ZN5USBDM9AdcBase_TINS_8Adc1InfoEE12readAnalogueEi
                0x00003828       0x44 ./Sources/Ruby.o
                0x00003828                USBDM::AdcBase_T<USBDM::Adc1Info>::readAnalogue(int)
 .text._ZN5USBDM9AdcBase_TINS_8Adc1InfoEE6enableEv
                0x0000386c       0x30 ./Sources/Ruby.o
                0x0000386c                USBDM::AdcBase_T<USBDM::Adc1Info>::enable()
 .text._ZNSt12_Vector_baseIiSaIiEE12_Vector_implD2Ev
                0x0000389c       0x18 ./Sources/Ruby.o
                0x0000389c                std::_Vector_base<int, std::allocator<int> >::_Vector_impl::~_Vector_impl()
                0x0000389c                std::_Vector_base<int, std::allocator<int> >::_Vector_impl::~_Vector_impl()
 .text._ZNSt12_Vector_baseIiSaIiEEC2Ev
                0x000038b4       0x1c ./Sources/Ruby.o
                0x000038b4                std::_Vector_base<int, std::allocator<int> >::_Vector_base()
                0x000038b4                std::_Vector_base<int, std::allocator<int> >::_Vector_base()
 .text._ZNSt12_Vector_baseIiSaIiEED2Ev
                0x000038d0       0x38 ./Sources/Ruby.o
                0x000038d0                std::_Vector_base<int, std::allocator<int> >::~_Vector_base()
                0x000038d0                std::_Vector_base<int, std::allocator<int> >::~_Vector_base()
 .text._ZNSt12_Vector_baseIcSaIcEE12_Vector_implD2Ev
                0x00003908       0x18 ./Sources/Ruby.o
                0x00003908                std::_Vector_base<char, std::allocator<char> >::_Vector_impl::~_Vector_impl()
                0x00003908                std::_Vector_base<char, std::allocator<char> >::_Vector_impl::~_Vector_impl()
 .text._ZNSt12_Vector_baseIcSaIcEEC2Ev
                0x00003920       0x1c ./Sources/Ruby.o
                0x00003920                std::_Vector_base<char, std::allocator<char> >::_Vector_base()
                0x00003920                std::_Vector_base<char, std::allocator<char> >::_Vector_base()
 .text._ZNSt12_Vector_baseIcSaIcEED2Ev
                0x0000393c       0x34 ./Sources/Ruby.o
                0x0000393c                std::_Vector_base<char, std::allocator<char> >::~_Vector_base()
                0x0000393c                std::_Vector_base<char, std::allocator<char> >::~_Vector_base()
 .text._ZN5USBDM12FtmChannel_TINS_8Ftm0InfoELi2EE12setDutyCycleEf
                0x00003970       0x1c ./Sources/Ruby.o
                0x00003970                USBDM::FtmChannel_T<USBDM::Ftm0Info, 2>::setDutyCycle(float)
 .text._ZN5USBDM12FtmChannel_TINS_8Ftm0InfoELi3EE12setDutyCycleEf
                0x0000398c       0x1c ./Sources/Ruby.o
                0x0000398c                USBDM::FtmChannel_T<USBDM::Ftm0Info, 3>::setDutyCycle(float)
 .text._ZN5USBDM12FtmChannel_TINS_8Ftm0InfoELi4EE12setDutyCycleEf
                0x000039a8       0x1c ./Sources/Ruby.o
                0x000039a8                USBDM::FtmChannel_T<USBDM::Ftm0Info, 4>::setDutyCycle(float)
 .text._ZN5USBDM12FtmChannel_TINS_8Ftm0InfoELi5EE12setDutyCycleEf
                0x000039c4       0x1c ./Sources/Ruby.o
                0x000039c4                USBDM::FtmChannel_T<USBDM::Ftm0Info, 5>::setDutyCycle(float)
 .text._ZN5USBDM13QuadEncoder_TINS_8Ftm1InfoEE11getPositionEv
                0x000039e0       0x1c ./Sources/Ruby.o
                0x000039e0                USBDM::QuadEncoder_T<USBDM::Ftm1Info>::getPosition()
 .text._ZN5USBDM13QuadEncoder_TINS_8Ftm2InfoEE11getPositionEv
                0x000039fc       0x1c ./Sources/Ruby.o
                0x000039fc                USBDM::QuadEncoder_T<USBDM::Ftm2Info>::getPosition()
 .text._ZN5USBDM12FtmChannel_TINS_8Ftm0InfoELi7EE12setDutyCycleEi
                0x00003a18       0x18 ./Sources/Ruby.o
                0x00003a18                USBDM::FtmChannel_T<USBDM::Ftm0Info, 7>::setDutyCycle(int)
 .text._ZN5USBDM12FtmChannel_TINS_8Ftm0InfoELi1EE12setDutyCycleEi
                0x00003a30       0x18 ./Sources/Ruby.o
                0x00003a30                USBDM::FtmChannel_T<USBDM::Ftm0Info, 1>::setDutyCycle(int)
 .text._ZN5USBDM12FtmChannel_TINS_8Ftm0InfoELi7EE6setPCREm
                0x00003a48       0x24 ./Sources/Ruby.o
                0x00003a48                USBDM::FtmChannel_T<USBDM::Ftm0Info, 7>::setPCR(unsigned long)
 .text._ZN5USBDM9FtmBase_TINS_8Ftm0InfoEE9isEnabledEv
                0x00003a6c       0x34 ./Sources/Ruby.o
                0x00003a6c                USBDM::FtmBase_T<USBDM::Ftm0Info>::isEnabled()
 .text._ZN5USBDM9FtmBase_TINS_8Ftm0InfoEE9configureENS_7FtmModeENS_14FtmClockSourceENS_11FtmPrescaleE
                0x00003aa0       0x34 ./Sources/Ruby.o
                0x00003aa0                USBDM::FtmBase_T<USBDM::Ftm0Info>::configure(USBDM::FtmMode, USBDM::FtmClockSource, USBDM::FtmPrescale)
 .text._ZN5USBDM9FtmBase_TINS_8Ftm0InfoEE9setPeriodEf
                0x00003ad4       0xec ./Sources/Ruby.o
                0x00003ad4                USBDM::FtmBase_T<USBDM::Ftm0Info>::setPeriod(float)
 .text._ZN5USBDM12FtmChannel_TINS_8Ftm0InfoELi7EE9configureENS_9FtmChModeENS_16FtmChannelActionE
                0x00003bc0       0x48 ./Sources/Ruby.o
                0x00003bc0                USBDM::FtmChannel_T<USBDM::Ftm0Info, 7>::configure(USBDM::FtmChMode, USBDM::FtmChannelAction)
 .text._ZN5USBDM10GpioBase_TILm8192ELm1074057216EL9IRQn_Type63ELm1074786560ELi0ELNS_8PolarityE1EE8setInputEm
                0x00003c08       0x24 ./Sources/Ruby.o
                0x00003c08                USBDM::GpioBase_T<8192ul, 1074057216ul, (IRQn_Type)63, 1074786560ul, 0, (USBDM::Polarity)1>::setInput(unsigned long)
 .text._ZN5USBDM10GpioBase_TILm8192ELm1074057216EL9IRQn_Type63ELm1074786560ELi1ELNS_8PolarityE1EE8setInputEm
                0x00003c2c       0x24 ./Sources/Ruby.o
                0x00003c2c                USBDM::GpioBase_T<8192ul, 1074057216ul, (IRQn_Type)63, 1074786560ul, 1, (USBDM::Polarity)1>::setInput(unsigned long)
 .text._ZN5USBDM12FtmChannel_TINS_8Ftm0InfoELi1EE6setPCREm
                0x00003c50       0x24 ./Sources/Ruby.o
                0x00003c50                USBDM::FtmChannel_T<USBDM::Ftm0Info, 1>::setPCR(unsigned long)
 .text._ZN5USBDM12FtmChannel_TINS_8Ftm0InfoELi1EE9configureENS_9FtmChModeENS_16FtmChannelActionE
                0x00003c74       0x48 ./Sources/Ruby.o
                0x00003c74                USBDM::FtmChannel_T<USBDM::Ftm0Info, 1>::configure(USBDM::FtmChMode, USBDM::FtmChannelAction)
 .text._ZN5USBDM10GpioBase_TILm2048ELm1074049024EL9IRQn_Type61ELm1074786432ELi0ELNS_8PolarityE1EE8setInputEm
                0x00003cbc       0x24 ./Sources/Ruby.o
                0x00003cbc                USBDM::GpioBase_T<2048ul, 1074049024ul, (IRQn_Type)61, 1074786432ul, 0, (USBDM::Polarity)1>::setInput(unsigned long)
 .text._ZN5USBDM10GpioBase_TILm2048ELm1074049024EL9IRQn_Type61ELm1074786432ELi1ELNS_8PolarityE1EE8setInputEm
                0x00003ce0       0x24 ./Sources/Ruby.o
                0x00003ce0                USBDM::GpioBase_T<2048ul, 1074049024ul, (IRQn_Type)61, 1074786432ul, 1, (USBDM::Polarity)1>::setInput(unsigned long)
 .text._ZN5USBDM12FtmChannel_TINS_8Ftm0InfoELi2EE9configureENS_9FtmChModeENS_16FtmChannelActionE
                0x00003d04       0x48 ./Sources/Ruby.o
                0x00003d04                USBDM::FtmChannel_T<USBDM::Ftm0Info, 2>::configure(USBDM::FtmChMode, USBDM::FtmChannelAction)
 .text._ZN5USBDM12FtmChannel_TINS_8Ftm0InfoELi3EE9configureENS_9FtmChModeENS_16FtmChannelActionE
                0x00003d4c       0x48 ./Sources/Ruby.o
                0x00003d4c                USBDM::FtmChannel_T<USBDM::Ftm0Info, 3>::configure(USBDM::FtmChMode, USBDM::FtmChannelAction)
 .text._ZN5USBDM10GpioBase_TILm512ELm1074040832EL9IRQn_Type59ELm1074786304ELi5ELNS_8PolarityE1EE8setInputEm
                0x00003d94       0x24 ./Sources/Ruby.o
                0x00003d94                USBDM::GpioBase_T<512ul, 1074040832ul, (IRQn_Type)59, 1074786304ul, 5, (USBDM::Polarity)1>::setInput(unsigned long)
 .text._ZN5USBDM13QuadEncoder_TINS_8Ftm1InfoEE9configureENS_11FtmPrescaleE
                0x00003db8       0x4c ./Sources/Ruby.o
                0x00003db8                USBDM::QuadEncoder_T<USBDM::Ftm1Info>::configure(USBDM::FtmPrescale)
 .text._ZN5USBDM13QuadEncoder_TINS_8Ftm1InfoEE12enableFilterEi
                0x00003e04       0x58 ./Sources/Ruby.o
                0x00003e04                USBDM::QuadEncoder_T<USBDM::Ftm1Info>::enableFilter(int)
 .text._ZN5USBDM13QuadEncoder_TINS_8Ftm1InfoEE13resetPositionEv
                0x00003e5c       0x18 ./Sources/Ruby.o
                0x00003e5c                USBDM::QuadEncoder_T<USBDM::Ftm1Info>::resetPosition()
 .text._ZN5USBDM9FtmBase_TINS_8Ftm1InfoEE24setTimerOverflowCallbackEPFvvE
                0x00003e74       0x30 ./Sources/Ruby.o
                0x00003e74                USBDM::FtmBase_T<USBDM::Ftm1Info>::setTimerOverflowCallback(void (*)())
 .text._ZN5MotorIN5USBDM8Ftm0InfoELh2ELh3ELi3ENS0_8Ftm1InfoENS0_5GpioAILi5ELNS0_8PolarityE1EEEE10toiHandlerEv
                0x00003ea4       0x1c ./Sources/Ruby.o
                0x00003ea4                Motor<USBDM::Ftm0Info, (unsigned char)2, (unsigned char)3, 3, USBDM::Ftm1Info, USBDM::GpioA<5, (USBDM::Polarity)1> >::toiHandler()
 .text._ZN5USBDM9FtmBase_TINS_8Ftm1InfoEE29enableTimerOverflowInterruptsEb
                0x00003ec0       0x38 ./Sources/Ruby.o
                0x00003ec0                USBDM::FtmBase_T<USBDM::Ftm1Info>::enableTimerOverflowInterrupts(bool)
 .text._ZN5USBDM12FtmChannel_TINS_8Ftm0InfoELi4EE9configureENS_9FtmChModeENS_16FtmChannelActionE
                0x00003ef8       0x48 ./Sources/Ruby.o
                0x00003ef8                USBDM::FtmChannel_T<USBDM::Ftm0Info, 4>::configure(USBDM::FtmChMode, USBDM::FtmChannelAction)
 .text._ZN5USBDM12FtmChannel_TINS_8Ftm0InfoELi5EE9configureENS_9FtmChModeENS_16FtmChannelActionE
                0x00003f40       0x48 ./Sources/Ruby.o
                0x00003f40                USBDM::FtmChannel_T<USBDM::Ftm0Info, 5>::configure(USBDM::FtmChMode, USBDM::FtmChannelAction)
 .text._ZN5USBDM10GpioBase_TILm1024ELm1074044928EL9IRQn_Type60ELm1074786368ELi3ELNS_8PolarityE1EE8setInputEm
                0x00003f88       0x24 ./Sources/Ruby.o
                0x00003f88                USBDM::GpioBase_T<1024ul, 1074044928ul, (IRQn_Type)60, 1074786368ul, 3, (USBDM::Polarity)1>::setInput(unsigned long)
 .text._ZN5USBDM13QuadEncoder_TINS_8Ftm2InfoEE9configureENS_11FtmPrescaleE
                0x00003fac       0x4c ./Sources/Ruby.o
                0x00003fac                USBDM::QuadEncoder_T<USBDM::Ftm2Info>::configure(USBDM::FtmPrescale)
 .text._ZN5USBDM13QuadEncoder_TINS_8Ftm2InfoEE12enableFilterEi
                0x00003ff8       0x58 ./Sources/Ruby.o
                0x00003ff8                USBDM::QuadEncoder_T<USBDM::Ftm2Info>::enableFilter(int)
 .text._ZN5USBDM13QuadEncoder_TINS_8Ftm2InfoEE13resetPositionEv
                0x00004050       0x18 ./Sources/Ruby.o
                0x00004050                USBDM::QuadEncoder_T<USBDM::Ftm2Info>::resetPosition()
 .text._ZN5USBDM9FtmBase_TINS_8Ftm2InfoEE24setTimerOverflowCallbackEPFvvE
                0x00004068       0x30 ./Sources/Ruby.o
                0x00004068                USBDM::FtmBase_T<USBDM::Ftm2Info>::setTimerOverflowCallback(void (*)())
 .text._ZN5MotorIN5USBDM8Ftm0InfoELh4ELh5ELi0ENS0_8Ftm2InfoENS0_5GpioBILi3ELNS0_8PolarityE1EEEE10toiHandlerEv
                0x00004098       0x1c ./Sources/Ruby.o
                0x00004098                Motor<USBDM::Ftm0Info, (unsigned char)4, (unsigned char)5, 0, USBDM::Ftm2Info, USBDM::GpioB<3, (USBDM::Polarity)1> >::toiHandler()
 .text._ZN5USBDM9FtmBase_TINS_8Ftm2InfoEE29enableTimerOverflowInterruptsEb
                0x000040b4       0x38 ./Sources/Ruby.o
                0x000040b4                USBDM::FtmBase_T<USBDM::Ftm2Info>::enableTimerOverflowInterrupts(bool)
 .text._ZN5USBDM10GpioBase_TILm2048ELm1074049024EL9IRQn_Type61ELm1074786432ELi9ELNS_8PolarityE1EE11setInactiveEv
                0x000040ec        0xc ./Sources/Ruby.o
                0x000040ec                USBDM::GpioBase_T<2048ul, 1074049024ul, (IRQn_Type)61, 1074786432ul, 9, (USBDM::Polarity)1>::setInactive()
 .text._ZN5USBDM10GpioBase_TILm2048ELm1074049024EL9IRQn_Type61ELm1074786432ELi9ELNS_8PolarityE1EE6setOutEv
                0x000040f8       0x20 ./Sources/Ruby.o
                0x000040f8                USBDM::GpioBase_T<2048ul, 1074049024ul, (IRQn_Type)61, 1074786432ul, 9, (USBDM::Polarity)1>::setOut()
 .text._ZN5USBDM5Pcr_TILm2048ELm1074049024EL9IRQn_Type61ELi9ELm323EE6setPCREm
                0x00004118       0x20 ./Sources/Ruby.o
                0x00004118                USBDM::Pcr_T<2048ul, 1074049024ul, (IRQn_Type)61, 9, 323ul>::setPCR(unsigned long)
 .text._ZN5USBDM10GpioBase_TILm2048ELm1074049024EL9IRQn_Type61ELm1074786432ELi11ELNS_8PolarityE1EE11setInactiveEv
                0x00004138        0xc ./Sources/Ruby.o
                0x00004138                USBDM::GpioBase_T<2048ul, 1074049024ul, (IRQn_Type)61, 1074786432ul, 11, (USBDM::Polarity)1>::setInactive()
 .text._ZN5USBDM10GpioBase_TILm2048ELm1074049024EL9IRQn_Type61ELm1074786432ELi11ELNS_8PolarityE1EE6setOutEv
                0x00004144       0x20 ./Sources/Ruby.o
                0x00004144                USBDM::GpioBase_T<2048ul, 1074049024ul, (IRQn_Type)61, 1074786432ul, 11, (USBDM::Polarity)1>::setOut()
 .text._ZN5USBDM5Pcr_TILm2048ELm1074049024EL9IRQn_Type61ELi11ELm323EE6setPCREm
                0x00004164       0x20 ./Sources/Ruby.o
                0x00004164                USBDM::Pcr_T<2048ul, 1074049024ul, (IRQn_Type)61, 11, 323ul>::setPCR(unsigned long)
 .text._ZN5PID_TIXadL_ZN5MotorIN5USBDM8Ftm0InfoELh2ELh3ELi3ENS1_8Ftm1InfoENS1_5GpioAILi5ELNS1_8PolarityE1EEEE18getPositionAsFloatEvEEXadL_ZNS7_8setSpeedEfEEE10setTuningsEddd
                0x00004184       0xa0 ./Sources/Ruby.o
                0x00004184                PID_T<&Motor<USBDM::Ftm0Info, (unsigned char)2, (unsigned char)3, 3, USBDM::Ftm1Info, USBDM::GpioA<5, (USBDM::Polarity)1> >::getPositionAsFloat, &Motor<USBDM::Ftm0Info, (unsigned char)2, (unsigned char)3, 3, USBDM::Ftm1Info, USBDM::GpioA<5, (USBDM::Polarity)1> >::setSpeed>::setTunings(double, double, double)
 .text._ZN5PID_TIXadL_Z14motor2PositionvEEXadL_ZN5MotorIN5USBDM8Ftm0InfoELh4ELh5ELi0ENS1_8Ftm2InfoENS1_5GpioBILi3ELNS1_8PolarityE1EEEE8setSpeedEfEEE10setTuningsEddd
                0x00004224       0xa0 ./Sources/Ruby.o
                0x00004224                PID_T<&(motor2Position()), &Motor<USBDM::Ftm0Info, (unsigned char)4, (unsigned char)5, 0, USBDM::Ftm2Info, USBDM::GpioB<3, (USBDM::Polarity)1> >::setSpeed>::setTunings(double, double, double)
 .text._ZNSt12_Vector_baseIiSaIiEE19_M_get_Tp_allocatorEv
                0x000042c4       0x18 ./Sources/Ruby.o
                0x000042c4                std::_Vector_base<int, std::allocator<int> >::_M_get_Tp_allocator()
 .text._ZSt8_DestroyIPiiEvT_S1_RSaIT0_E
                0x000042dc       0x1c ./Sources/Ruby.o
                0x000042dc                void std::_Destroy<int*, int>(int*, int*, std::allocator<int>&)
 .text._ZNSt12_Vector_baseIiSaIiEE12_Vector_implC2Ev
                0x000042f8       0x2c ./Sources/Ruby.o
                0x000042f8                std::_Vector_base<int, std::allocator<int> >::_Vector_impl::_Vector_impl()
                0x000042f8                std::_Vector_base<int, std::allocator<int> >::_Vector_impl::_Vector_impl()
 .text._ZNSaIiED2Ev
                0x00004324       0x18 ./Sources/Ruby.o
                0x00004324                std::allocator<int>::~allocator()
                0x00004324                std::allocator<int>::~allocator()
 .text._ZNSt12_Vector_baseIiSaIiEE13_M_deallocateEPij
                0x0000433c       0x24 ./Sources/Ruby.o
                0x0000433c                std::_Vector_base<int, std::allocator<int> >::_M_deallocate(int*, unsigned int)
 .text._ZNSt12_Vector_baseIcSaIcEE12_Vector_implC2Ev
                0x00004360       0x2c ./Sources/Ruby.o
                0x00004360                std::_Vector_base<char, std::allocator<char> >::_Vector_impl::_Vector_impl()
                0x00004360                std::_Vector_base<char, std::allocator<char> >::_Vector_impl::_Vector_impl()
 .text._ZNSt12_Vector_baseIcSaIcEE13_M_deallocateEPcj
                0x0000438c       0x24 ./Sources/Ruby.o
                0x0000438c                std::_Vector_base<char, std::allocator<char> >::_M_deallocate(char*, unsigned int)
 .text._ZN5USBDM9FtmBase_TINS_8Ftm0InfoEE12setDutyCycleEfi
                0x000043b0       0xc8 ./Sources/Ruby.o
                0x000043b0                USBDM::FtmBase_T<USBDM::Ftm0Info>::setDutyCycle(float, int)
 .text._ZN5USBDM9FtmBase_TINS_8Ftm0InfoEE12setDutyCycleEii
                0x00004478       0x74 ./Sources/Ruby.o
                0x00004478                USBDM::FtmBase_T<USBDM::Ftm0Info>::setDutyCycle(int, int)
 .text._ZN5USBDM5Pcr_TILm4096ELm1074053120EL9IRQn_Type62ELi7ELm1091EE6setPCREm
                0x000044ec       0x20 ./Sources/Ruby.o
                0x000044ec                USBDM::Pcr_T<4096ul, 1074053120ul, (IRQn_Type)62, 7, 1091ul>::setPCR(unsigned long)
 .text._ZN5USBDM9FtmBase_TINS_8Ftm0InfoEE6enableEv
                0x0000450c       0x20 ./Sources/Ruby.o
                0x0000450c                USBDM::FtmBase_T<USBDM::Ftm0Info>::enable()
 .text._ZN5USBDM9FtmBase_TINS_8Ftm0InfoEE16setPeriodInTicksEm
                0x0000452c       0x78 ./Sources/Ruby.o
                0x0000452c                USBDM::FtmBase_T<USBDM::Ftm0Info>::setPeriodInTicks(unsigned long)
 .text._ZN5USBDM10GpioBase_TILm8192ELm1074057216EL9IRQn_Type63ELm1074786560ELi0ELNS_8PolarityE1EE5setInEv
                0x000045a4       0x1c ./Sources/Ruby.o
                0x000045a4                USBDM::GpioBase_T<8192ul, 1074057216ul, (IRQn_Type)63, 1074786560ul, 0, (USBDM::Polarity)1>::setIn()
 .text._ZN5USBDM5Pcr_TILm8192ELm1074057216EL9IRQn_Type63ELi0ELm323EE6setPCREm
                0x000045c0       0x20 ./Sources/Ruby.o
                0x000045c0                USBDM::Pcr_T<8192ul, 1074057216ul, (IRQn_Type)63, 0, 323ul>::setPCR(unsigned long)
 .text._ZN5USBDM10GpioBase_TILm8192ELm1074057216EL9IRQn_Type63ELm1074786560ELi1ELNS_8PolarityE1EE5setInEv
                0x000045e0       0x1c ./Sources/Ruby.o
                0x000045e0                USBDM::GpioBase_T<8192ul, 1074057216ul, (IRQn_Type)63, 1074786560ul, 1, (USBDM::Polarity)1>::setIn()
 .text._ZN5USBDM5Pcr_TILm8192ELm1074057216EL9IRQn_Type63ELi1ELm323EE6setPCREm
                0x000045fc       0x20 ./Sources/Ruby.o
                0x000045fc                USBDM::Pcr_T<8192ul, 1074057216ul, (IRQn_Type)63, 1, 323ul>::setPCR(unsigned long)
 .text._ZN5USBDM5Pcr_TILm2048ELm1074049024EL9IRQn_Type61ELi2ELm1091EE6setPCREm
                0x0000461c       0x20 ./Sources/Ruby.o
                0x0000461c                USBDM::Pcr_T<2048ul, 1074049024ul, (IRQn_Type)61, 2, 1091ul>::setPCR(unsigned long)
 .text._ZN5USBDM10GpioBase_TILm2048ELm1074049024EL9IRQn_Type61ELm1074786432ELi0ELNS_8PolarityE1EE5setInEv
                0x0000463c       0x1c ./Sources/Ruby.o
                0x0000463c                USBDM::GpioBase_T<2048ul, 1074049024ul, (IRQn_Type)61, 1074786432ul, 0, (USBDM::Polarity)1>::setIn()
 .text._ZN5USBDM5Pcr_TILm2048ELm1074049024EL9IRQn_Type61ELi0ELm323EE6setPCREm
                0x00004658       0x20 ./Sources/Ruby.o
                0x00004658                USBDM::Pcr_T<2048ul, 1074049024ul, (IRQn_Type)61, 0, 323ul>::setPCR(unsigned long)
 .text._ZN5USBDM10GpioBase_TILm2048ELm1074049024EL9IRQn_Type61ELm1074786432ELi1ELNS_8PolarityE1EE5setInEv
                0x00004678       0x1c ./Sources/Ruby.o
                0x00004678                USBDM::GpioBase_T<2048ul, 1074049024ul, (IRQn_Type)61, 1074786432ul, 1, (USBDM::Polarity)1>::setIn()
 .text._ZN5USBDM5Pcr_TILm2048ELm1074049024EL9IRQn_Type61ELi1ELm323EE6setPCREm
                0x00004694       0x20 ./Sources/Ruby.o
                0x00004694                USBDM::Pcr_T<2048ul, 1074049024ul, (IRQn_Type)61, 1, 323ul>::setPCR(unsigned long)
 .text._ZN5USBDM10GpioBase_TILm512ELm1074040832EL9IRQn_Type59ELm1074786304ELi5ELNS_8PolarityE1EE5setInEv
                0x000046b4       0x1c ./Sources/Ruby.o
                0x000046b4                USBDM::GpioBase_T<512ul, 1074040832ul, (IRQn_Type)59, 1074786304ul, 5, (USBDM::Polarity)1>::setIn()
 .text._ZN5USBDM5Pcr_TILm512ELm1074040832EL9IRQn_Type59ELi5ELm323EE6setPCREm
                0x000046d0       0x20 ./Sources/Ruby.o
                0x000046d0                USBDM::Pcr_T<512ul, 1074040832ul, (IRQn_Type)59, 5, 323ul>::setPCR(unsigned long)
 .text._ZN5USBDM9FtmBase_TINS_8Ftm1InfoEE9configureENS_7FtmModeENS_14FtmClockSourceENS_11FtmPrescaleE
                0x000046f0       0x34 ./Sources/Ruby.o
                0x000046f0                USBDM::FtmBase_T<USBDM::Ftm1Info>::configure(USBDM::FtmMode, USBDM::FtmClockSource, USBDM::FtmPrescale)
 .text._ZN5USBDM10GpioBase_TILm1024ELm1074044928EL9IRQn_Type60ELm1074786368ELi3ELNS_8PolarityE1EE5setInEv
                0x00004724       0x1c ./Sources/Ruby.o
                0x00004724                USBDM::GpioBase_T<1024ul, 1074044928ul, (IRQn_Type)60, 1074786368ul, 3, (USBDM::Polarity)1>::setIn()
 .text._ZN5USBDM5Pcr_TILm1024ELm1074044928EL9IRQn_Type60ELi3ELm323EE6setPCREm
                0x00004740       0x20 ./Sources/Ruby.o
                0x00004740                USBDM::Pcr_T<1024ul, 1074044928ul, (IRQn_Type)60, 3, 323ul>::setPCR(unsigned long)
 .text._ZN5USBDM9FtmBase_TINS_8Ftm2InfoEE9configureENS_7FtmModeENS_14FtmClockSourceENS_11FtmPrescaleE
                0x00004760       0x34 ./Sources/Ruby.o
                0x00004760                USBDM::FtmBase_T<USBDM::Ftm2Info>::configure(USBDM::FtmMode, USBDM::FtmClockSource, USBDM::FtmPrescale)
 .text._ZN5USBDM10GpioBase_TILm2048ELm1074049024EL9IRQn_Type61ELm1074786432ELi11ELNS_8PolarityE1EE5clearEv
                0x00004794       0x18 ./Sources/Ruby.o
                0x00004794                USBDM::GpioBase_T<2048ul, 1074049024ul, (IRQn_Type)61, 1074786432ul, 11, (USBDM::Polarity)1>::clear()
 .text._ZNSt12_Vector_baseIcSaIcEE19_M_get_Tp_allocatorEv
                0x000047ac       0x18 ./Sources/Ruby.o
                0x000047ac                std::_Vector_base<char, std::allocator<char> >::_M_get_Tp_allocator()
 .text._ZSt8_DestroyIPccEvT_S1_RSaIT0_E
                0x000047c4       0x1c ./Sources/Ruby.o
                0x000047c4                void std::_Destroy<char*, char>(char*, char*, std::allocator<char>&)
 .text._ZSt8_DestroyIPiEvT_S1_
                0x000047e0       0x18 ./Sources/Ruby.o
                0x000047e0                void std::_Destroy<int*>(int*, int*)
 .text._ZNSaIiEC2Ev
                0x000047f8       0x18 ./Sources/Ruby.o
                0x000047f8                std::allocator<int>::allocator()
                0x000047f8                std::allocator<int>::allocator()
 .text._ZN9__gnu_cxx13new_allocatorIiED2Ev
                0x00004810       0x18 ./Sources/Ruby.o
                0x00004810                __gnu_cxx::new_allocator<int>::~new_allocator()
                0x00004810                __gnu_cxx::new_allocator<int>::~new_allocator()
 .text._ZN9__gnu_cxx13new_allocatorIiE10deallocateEPij
                0x00004828       0x18 ./Sources/Ruby.o
                0x00004828                __gnu_cxx::new_allocator<int>::deallocate(int*, unsigned int)
 .text._ZN9__gnu_cxx13new_allocatorIcE10deallocateEPcj
                0x00004840       0x18 ./Sources/Ruby.o
                0x00004840                __gnu_cxx::new_allocator<char>::deallocate(char*, unsigned int)
 .text._ZN5USBDM9FtmBase_TINS_8Ftm0InfoEE16configureAllPinsEv
                0x00004858        0xc ./Sources/Ruby.o
                0x00004858                USBDM::FtmBase_T<USBDM::Ftm0Info>::configureAllPins()
 .text._ZN5USBDM9FtmBase_TINS_8Ftm1InfoEE6enableEv
                0x00004864       0x20 ./Sources/Ruby.o
                0x00004864                USBDM::FtmBase_T<USBDM::Ftm1Info>::enable()
 .text._ZN5USBDM9FtmBase_TINS_8Ftm2InfoEE6enableEv
                0x00004884       0x20 ./Sources/Ruby.o
                0x00004884                USBDM::FtmBase_T<USBDM::Ftm2Info>::enable()
 .text._ZSt8_DestroyIPcEvT_S1_
                0x000048a4       0x18 ./Sources/Ruby.o
                0x000048a4                void std::_Destroy<char*>(char*, char*)
 .text._ZNSt12_Destroy_auxILb1EE9__destroyIPiEEvT_S3_
                0x000048bc       0x14 ./Sources/Ruby.o
                0x000048bc                void std::_Destroy_aux<true>::__destroy<int*>(int*, int*)
 .text._ZN9__gnu_cxx13new_allocatorIiEC2Ev
                0x000048d0       0x18 ./Sources/Ruby.o
                0x000048d0                __gnu_cxx::new_allocator<int>::new_allocator()
                0x000048d0                __gnu_cxx::new_allocator<int>::new_allocator()
 .text._ZN5USBDM9FtmBase_TINS_8Ftm1InfoEE16configureAllPinsEv
                0x000048e8        0xc ./Sources/Ruby.o
                0x000048e8                USBDM::FtmBase_T<USBDM::Ftm1Info>::configureAllPins()
 .text._ZN5USBDM9FtmBase_TINS_8Ftm2InfoEE16configureAllPinsEv
                0x000048f4        0xc ./Sources/Ruby.o
                0x000048f4                USBDM::FtmBase_T<USBDM::Ftm2Info>::configureAllPins()
 .text._ZNSt12_Destroy_auxILb1EE9__destroyIPcEEvT_S3_
                0x00004900       0x14 ./Sources/Ruby.o
                0x00004900                void std::_Destroy_aux<true>::__destroy<char*>(char*, char*)
 *fill*         0x00004914        0x4 
 .text._Z41__static_initialization_and_destruction_0ii
                0x00004918       0xe0 ./Sources/Ruby.o
 .text._ZNSt6vectorIcSaIcEED2Ev
                0x000049f8       0x38 ./Sources/Ruby.o
                0x000049f8                std::vector<char, std::allocator<char> >::~vector()
                0x000049f8                std::vector<char, std::allocator<char> >::~vector()
 .text._GLOBAL__sub_I_interpretedActions
                0x00004a30       0x10 ./Sources/Ruby.o
 .text._ZN5USBDML9waitTicksEx
                0x00004a40       0x70 ./Sources/delay.o
 .text._ZN5USBDM6waitMSEm
                0x00004ab0       0x54 ./Sources/delay.o
                0x00004ab0                USBDM::waitMS(unsigned long)
 .text.NVIC_EnableIRQ
                0x00004b04       0x30 ./Sources/usbdmError.o
 .text.NVIC_ClearPendingIRQ
                0x00004b34       0x34 ./Sources/usbdmError.o
 .text.NVIC_SetPriority
                0x00004b68       0x54 ./Sources/usbdmError.o
 .text._ZN5USBDM15getErrorMessageENS_9ErrorCodeE
                0x00004bbc       0x30 ./Sources/usbdmError.o
                0x00004bbc                USBDM::getErrorMessage(USBDM::ErrorCode)
 .text._ZN5USBDM10checkErrorEv
                0x00004bec       0x50 ./Sources/usbdmError.o
                0x00004bec                USBDM::checkError()
 .text.cpp_initialise
                0x00004c3c        0xc ./Sources/usbdmError.o
                0x00004c3c                cpp_initialise
 .text._ZN5USBDM19enableNvicInterruptE9IRQn_Typem
                0x00004c48       0x34 ./Sources/usbdmError.o
                0x00004c48                USBDM::enableNvicInterrupt(IRQn_Type, unsigned long)
 .text._ZdlPv   0x00004c7c        0x8 c:/freescale/kds_v3/toolchain/bin/../lib/gcc/arm-none-eabi/4.8.4/../../../../arm-none-eabi/lib/armv7e-m/fpu\libstdc++_s.a(del_op.o)
                0x00004c7c                operator delete(void*)
 .text.__aeabi_atexit
                0x00004c84        0xa c:/freescale/kds_v3/toolchain/bin/../lib/gcc/arm-none-eabi/4.8.4/../../../../arm-none-eabi/lib/armv7e-m/fpu\libstdc++_s.a(atexit_arm.o)
                0x00004c84                __aeabi_atexit
 .text._ZNSaIcEC2Ev
                0x00004c8e        0x2 c:/freescale/kds_v3/toolchain/bin/../lib/gcc/arm-none-eabi/4.8.4/../../../../arm-none-eabi/lib/armv7e-m/fpu\libstdc++_s.a(allocator-inst.o)
                0x00004c8e                std::allocator<char>::allocator()
                0x00004c8e                std::allocator<char>::allocator()
 .text._ZNSaIcED2Ev
                0x00004c90        0x2 c:/freescale/kds_v3/toolchain/bin/../lib/gcc/arm-none-eabi/4.8.4/../../../../arm-none-eabi/lib/armv7e-m/fpu\libstdc++_s.a(allocator-inst.o)
                0x00004c90                std::allocator<char>::~allocator()
                0x00004c90                std::allocator<char>::~allocator()
 *fill*         0x00004c92        0x2 
 .text.round    0x00004c94       0x98 c:/freescale/kds_v3/toolchain/bin/../lib/gcc/arm-none-eabi/4.8.4/../../../../arm-none-eabi/lib/armv7e-m/fpu\libm.a(lib_a-s_round.o)
                0x00004c94                round
 .text.abort    0x00004d2c        0xe c:/freescale/kds_v3/toolchain/bin/../lib/gcc/arm-none-eabi/4.8.4/../../../../arm-none-eabi/lib/armv7e-m/fpu\libg_s.a(lib_a-abort.o)
                0x00004d2c                abort
 *fill*         0x00004d3a        0x2 
 .text.__assert_func
                0x00004d3c       0x38 c:/freescale/kds_v3/toolchain/bin/../lib/gcc/arm-none-eabi/4.8.4/../../../../arm-none-eabi/lib/armv7e-m/fpu\libg_s.a(lib_a-assert.o)
                0x00004d3c                __assert_func
 .text.__cxa_atexit
                0x00004d74       0x20 c:/freescale/kds_v3/toolchain/bin/../lib/gcc/arm-none-eabi/4.8.4/../../../../arm-none-eabi/lib/armv7e-m/fpu\libg_s.a(lib_a-cxa_atexit.o)
                0x00004d74                __cxa_atexit
 .text.exit     0x00004d94       0x28 c:/freescale/kds_v3/toolchain/bin/../lib/gcc/arm-none-eabi/4.8.4/../../../../arm-none-eabi/lib/armv7e-m/fpu\libg_s.a(lib_a-exit.o)
                0x00004d94                exit
 .text.fprintf  0x00004dbc       0x24 c:/freescale/kds_v3/toolchain/bin/../lib/gcc/arm-none-eabi/4.8.4/../../../../arm-none-eabi/lib/armv7e-m/fpu\libg_s.a(lib_a-fprintf.o)
                0x00004dbc                fiprintf
                0x00004dbc                fprintf
 .text.__libc_init_array
                0x00004de0       0x4c c:/freescale/kds_v3/toolchain/bin/../lib/gcc/arm-none-eabi/4.8.4/../../../../arm-none-eabi/lib/armv7e-m/fpu\libg_s.a(lib_a-init.o)
                0x00004de0                __libc_init_array
 .text.malloc   0x00004e2c       0x10 c:/freescale/kds_v3/toolchain/bin/../lib/gcc/arm-none-eabi/4.8.4/../../../../arm-none-eabi/lib/armv7e-m/fpu\libg_s.a(lib_a-malloc.o)
                0x00004e2c                malloc
 .text.free     0x00004e3c       0x10 c:/freescale/kds_v3/toolchain/bin/../lib/gcc/arm-none-eabi/4.8.4/../../../../arm-none-eabi/lib/armv7e-m/fpu\libg_s.a(lib_a-malloc.o)
                0x00004e3c                free
 .text.memcpy   0x00004e4c       0x12 c:/freescale/kds_v3/toolchain/bin/../lib/gcc/arm-none-eabi/4.8.4/../../../../arm-none-eabi/lib/armv7e-m/fpu\libg_s.a(lib_a-memcpy-stub.o)
                0x00004e4c                memcpy
 .text.memset   0x00004e5e       0x10 c:/freescale/kds_v3/toolchain/bin/../lib/gcc/arm-none-eabi/4.8.4/../../../../arm-none-eabi/lib/armv7e-m/fpu\libg_s.a(lib_a-memset.o)
                0x00004e5e                memset
 *fill*         0x00004e6e        0x2 
 .text._free_r  0x00004e70       0x88 c:/freescale/kds_v3/toolchain/bin/../lib/gcc/arm-none-eabi/4.8.4/../../../../arm-none-eabi/lib/armv7e-m/fpu\libg_s.a(lib_a-nano-freer.o)
                0x00004e70                _free_r
 .text._malloc_r
                0x00004ef8       0xa8 c:/freescale/kds_v3/toolchain/bin/../lib/gcc/arm-none-eabi/4.8.4/../../../../arm-none-eabi/lib/armv7e-m/fpu\libg_s.a(lib_a-nano-mallocr.o)
                0x00004ef8                _malloc_r
 .text._sbrk_r  0x00004fa0       0x20 c:/freescale/kds_v3/toolchain/bin/../lib/gcc/arm-none-eabi/4.8.4/../../../../arm-none-eabi/lib/armv7e-m/fpu\libg_s.a(lib_a-sbrkr.o)
                0x00004fa0                _sbrk_r
 .text._raise_r
                0x00004fc0       0x50 c:/freescale/kds_v3/toolchain/bin/../lib/gcc/arm-none-eabi/4.8.4/../../../../arm-none-eabi/lib/armv7e-m/fpu\libg_s.a(lib_a-signal.o)
                0x00004fc0                _raise_r
 .text.raise    0x00005010       0x10 c:/freescale/kds_v3/toolchain/bin/../lib/gcc/arm-none-eabi/4.8.4/../../../../arm-none-eabi/lib/armv7e-m/fpu\libg_s.a(lib_a-signal.o)
                0x00005010                raise
 .text._kill_r  0x00005020       0x24 c:/freescale/kds_v3/toolchain/bin/../lib/gcc/arm-none-eabi/4.8.4/../../../../arm-none-eabi/lib/armv7e-m/fpu\libg_s.a(lib_a-signalr.o)
                0x00005020                _kill_r
 .text._getpid_r
                0x00005044        0x4 c:/freescale/kds_v3/toolchain/bin/../lib/gcc/arm-none-eabi/4.8.4/../../../../arm-none-eabi/lib/armv7e-m/fpu\libg_s.a(lib_a-signalr.o)
                0x00005044                _getpid_r
 .text.__sfputc_r
                0x00005048       0x2c c:/freescale/kds_v3/toolchain/bin/../lib/gcc/arm-none-eabi/4.8.4/../../../../arm-none-eabi/lib/armv7e-m/fpu\libg_s.a(lib_a-vfprintf.o)
 .text.__sfputs_r
                0x00005074       0x24 c:/freescale/kds_v3/toolchain/bin/../lib/gcc/arm-none-eabi/4.8.4/../../../../arm-none-eabi/lib/armv7e-m/fpu\libg_s.a(lib_a-vfprintf.o)
                0x00005074                __sfputs_r
 .text._vfprintf_r
                0x00005098      0x208 c:/freescale/kds_v3/toolchain/bin/../lib/gcc/arm-none-eabi/4.8.4/../../../../arm-none-eabi/lib/armv7e-m/fpu\libg_s.a(lib_a-vfprintf.o)
                0x00005098                _vfprintf_r
                0x00005098                _vfiprintf_r
 .text.__cvt    0x000052a0       0xc0 c:/freescale/kds_v3/toolchain/bin/../lib/gcc/arm-none-eabi/4.8.4/../../../../arm-none-eabi/lib/armv7e-m/fpu\libg_s.a(lib_a-vfprintf_float.o)
                0x000052a0                __cvt
 .text.__exponent
                0x00005360       0x66 c:/freescale/kds_v3/toolchain/bin/../lib/gcc/arm-none-eabi/4.8.4/../../../../arm-none-eabi/lib/armv7e-m/fpu\libg_s.a(lib_a-vfprintf_float.o)
                0x00005360                __exponent
 *fill*         0x000053c6        0x2 
 .text._printf_float
                0x000053c8      0x420 c:/freescale/kds_v3/toolchain/bin/../lib/gcc/arm-none-eabi/4.8.4/../../../../arm-none-eabi/lib/armv7e-m/fpu\libg_s.a(lib_a-vfprintf_float.o)
                0x000053c8                _printf_float
 .text._printf_common
                0x000057e8       0xe4 c:/freescale/kds_v3/toolchain/bin/../lib/gcc/arm-none-eabi/4.8.4/../../../../arm-none-eabi/lib/armv7e-m/fpu\libg_s.a(lib_a-vfprintf_i.o)
                0x000057e8                _printf_common
 .text._printf_i
                0x000058cc      0x228 c:/freescale/kds_v3/toolchain/bin/../lib/gcc/arm-none-eabi/4.8.4/../../../../arm-none-eabi/lib/armv7e-m/fpu\libg_s.a(lib_a-vfprintf_i.o)
                0x000058cc                _printf_i
 .text.__swbuf_r
                0x00005af4       0xa8 c:/freescale/kds_v3/toolchain/bin/../lib/gcc/arm-none-eabi/4.8.4/../../../../arm-none-eabi/lib/armv7e-m/fpu\libg_s.a(lib_a-wbuf.o)
                0x00005af4                __swbuf_r
 .text.__swsetup_r
                0x00005b9c       0xdc c:/freescale/kds_v3/toolchain/bin/../lib/gcc/arm-none-eabi/4.8.4/../../../../arm-none-eabi/lib/armv7e-m/fpu\libg_s.a(lib_a-wsetup.o)
                0x00005b9c                __swsetup_r
 .text.quorem   0x00005c78      0x11a c:/freescale/kds_v3/toolchain/bin/../lib/gcc/arm-none-eabi/4.8.4/../../../../arm-none-eabi/lib/armv7e-m/fpu\libg_s.a(lib_a-dtoa.o)
 *fill*         0x00005d92        0x6 
 .text._dtoa_r  0x00005d98      0xb70 c:/freescale/kds_v3/toolchain/bin/../lib/gcc/arm-none-eabi/4.8.4/../../../../arm-none-eabi/lib/armv7e-m/fpu\libg_s.a(lib_a-dtoa.o)
                0x00005d98                _dtoa_r
 .text.__sflush_r
                0x00006908      0x106 c:/freescale/kds_v3/toolchain/bin/../lib/gcc/arm-none-eabi/4.8.4/../../../../arm-none-eabi/lib/armv7e-m/fpu\libg_s.a(lib_a-fflush.o)
                0x00006908                __sflush_r
 *fill*         0x00006a0e        0x2 
 .text._fflush_r
                0x00006a10       0x54 c:/freescale/kds_v3/toolchain/bin/../lib/gcc/arm-none-eabi/4.8.4/../../../../arm-none-eabi/lib/armv7e-m/fpu\libg_s.a(lib_a-fflush.o)
                0x00006a10                _fflush_r
 .text._cleanup_r
                0x00006a64       0x32 c:/freescale/kds_v3/toolchain/bin/../lib/gcc/arm-none-eabi/4.8.4/../../../../arm-none-eabi/lib/armv7e-m/fpu\libg_s.a(lib_a-findfp.o)
                0x00006a64                _cleanup_r
 *fill*         0x00006a96        0x2 
 .text.std.isra.0
                0x00006a98       0x48 c:/freescale/kds_v3/toolchain/bin/../lib/gcc/arm-none-eabi/4.8.4/../../../../arm-none-eabi/lib/armv7e-m/fpu\libg_s.a(lib_a-findfp.o)
 .text.__sfmoreglue
                0x00006ae0       0x2c c:/freescale/kds_v3/toolchain/bin/../lib/gcc/arm-none-eabi/4.8.4/../../../../arm-none-eabi/lib/armv7e-m/fpu\libg_s.a(lib_a-findfp.o)
                0x00006ae0                __sfmoreglue
 .text.__sinit  0x00006b0c       0x60 c:/freescale/kds_v3/toolchain/bin/../lib/gcc/arm-none-eabi/4.8.4/../../../../arm-none-eabi/lib/armv7e-m/fpu\libg_s.a(lib_a-findfp.o)
                0x00006b0c                __sinit
 .text.__sfp    0x00006b6c       0x74 c:/freescale/kds_v3/toolchain/bin/../lib/gcc/arm-none-eabi/4.8.4/../../../../arm-none-eabi/lib/armv7e-m/fpu\libg_s.a(lib_a-findfp.o)
                0x00006b6c                __sfp
 .text._localeconv_r
                0x00006be0        0x8 c:/freescale/kds_v3/toolchain/bin/../lib/gcc/arm-none-eabi/4.8.4/../../../../arm-none-eabi/lib/armv7e-m/fpu\libg_s.a(lib_a-locale.o)
                0x00006be0                _localeconv_r
 .text.__smakebuf_r
                0x00006be8       0x9c c:/freescale/kds_v3/toolchain/bin/../lib/gcc/arm-none-eabi/4.8.4/../../../../arm-none-eabi/lib/armv7e-m/fpu\libg_s.a(lib_a-makebuf.o)
                0x00006be8                __smakebuf_r
 .text.memchr   0x00006c84       0x1e c:/freescale/kds_v3/toolchain/bin/../lib/gcc/arm-none-eabi/4.8.4/../../../../arm-none-eabi/lib/armv7e-m/fpu\libg_s.a(lib_a-memchr-stub.o)
                0x00006c84                memchr
 .text._Balloc  0x00006ca2       0x6a c:/freescale/kds_v3/toolchain/bin/../lib/gcc/arm-none-eabi/4.8.4/../../../../arm-none-eabi/lib/armv7e-m/fpu\libg_s.a(lib_a-mprec.o)
                0x00006ca2                _Balloc
 .text._Bfree   0x00006d0c       0x2e c:/freescale/kds_v3/toolchain/bin/../lib/gcc/arm-none-eabi/4.8.4/../../../../arm-none-eabi/lib/armv7e-m/fpu\libg_s.a(lib_a-mprec.o)
                0x00006d0c                _Bfree
 .text.__multadd
                0x00006d3a       0x74 c:/freescale/kds_v3/toolchain/bin/../lib/gcc/arm-none-eabi/4.8.4/../../../../arm-none-eabi/lib/armv7e-m/fpu\libg_s.a(lib_a-mprec.o)
                0x00006d3a                __multadd
 .text.__hi0bits
                0x00006dae       0x40 c:/freescale/kds_v3/toolchain/bin/../lib/gcc/arm-none-eabi/4.8.4/../../../../arm-none-eabi/lib/armv7e-m/fpu\libg_s.a(lib_a-mprec.o)
                0x00006dae                __hi0bits
 .text.__lo0bits
                0x00006dee       0x5a c:/freescale/kds_v3/toolchain/bin/../lib/gcc/arm-none-eabi/4.8.4/../../../../arm-none-eabi/lib/armv7e-m/fpu\libg_s.a(lib_a-mprec.o)
                0x00006dee                __lo0bits
 .text.__i2b    0x00006e48       0x12 c:/freescale/kds_v3/toolchain/bin/../lib/gcc/arm-none-eabi/4.8.4/../../../../arm-none-eabi/lib/armv7e-m/fpu\libg_s.a(lib_a-mprec.o)
                0x00006e48                __i2b
 .text.__multiply
                0x00006e5a      0x130 c:/freescale/kds_v3/toolchain/bin/../lib/gcc/arm-none-eabi/4.8.4/../../../../arm-none-eabi/lib/armv7e-m/fpu\libg_s.a(lib_a-mprec.o)
                0x00006e5a                __multiply
 *fill*         0x00006f8a        0x2 
 .text.__pow5mult
                0x00006f8c       0x9c c:/freescale/kds_v3/toolchain/bin/../lib/gcc/arm-none-eabi/4.8.4/../../../../arm-none-eabi/lib/armv7e-m/fpu\libg_s.a(lib_a-mprec.o)
                0x00006f8c                __pow5mult
 .text.__lshift
                0x00007028       0xa6 c:/freescale/kds_v3/toolchain/bin/../lib/gcc/arm-none-eabi/4.8.4/../../../../arm-none-eabi/lib/armv7e-m/fpu\libg_s.a(lib_a-mprec.o)
                0x00007028                __lshift
 .text.__mcmp   0x000070ce       0x3a c:/freescale/kds_v3/toolchain/bin/../lib/gcc/arm-none-eabi/4.8.4/../../../../arm-none-eabi/lib/armv7e-m/fpu\libg_s.a(lib_a-mprec.o)
                0x000070ce                __mcmp
 .text.__mdiff  0x00007108       0xbc c:/freescale/kds_v3/toolchain/bin/../lib/gcc/arm-none-eabi/4.8.4/../../../../arm-none-eabi/lib/armv7e-m/fpu\libg_s.a(lib_a-mprec.o)
                0x00007108                __mdiff
 .text.__d2b    0x000071c4       0xa0 c:/freescale/kds_v3/toolchain/bin/../lib/gcc/arm-none-eabi/4.8.4/../../../../arm-none-eabi/lib/armv7e-m/fpu\libg_s.a(lib_a-mprec.o)
                0x000071c4                __d2b
 .text._calloc_r
                0x00007264       0x1c c:/freescale/kds_v3/toolchain/bin/../lib/gcc/arm-none-eabi/4.8.4/../../../../arm-none-eabi/lib/armv7e-m/fpu\libg_s.a(lib_a-nano-callocr.o)
                0x00007264                _calloc_r
 .text.__fpclassifyd
                0x00007280       0x48 c:/freescale/kds_v3/toolchain/bin/../lib/gcc/arm-none-eabi/4.8.4/../../../../arm-none-eabi/lib/armv7e-m/fpu\libg_s.a(lib_a-s_fpclassify.o)
                0x00007280                __fpclassifyd
 .text.__sread  0x000072c8       0x22 c:/freescale/kds_v3/toolchain/bin/../lib/gcc/arm-none-eabi/4.8.4/../../../../arm-none-eabi/lib/armv7e-m/fpu\libg_s.a(lib_a-stdio.o)
                0x000072c8                __sread
 .text.__swrite
                0x000072ea       0x38 c:/freescale/kds_v3/toolchain/bin/../lib/gcc/arm-none-eabi/4.8.4/../../../../arm-none-eabi/lib/armv7e-m/fpu\libg_s.a(lib_a-stdio.o)
                0x000072ea                __swrite
 .text.__sseek  0x00007322       0x24 c:/freescale/kds_v3/toolchain/bin/../lib/gcc/arm-none-eabi/4.8.4/../../../../arm-none-eabi/lib/armv7e-m/fpu\libg_s.a(lib_a-stdio.o)
                0x00007322                __sseek
 .text.__sclose
                0x00007346        0x8 c:/freescale/kds_v3/toolchain/bin/../lib/gcc/arm-none-eabi/4.8.4/../../../../arm-none-eabi/lib/armv7e-m/fpu\libg_s.a(lib_a-stdio.o)
                0x00007346                __sclose
 .text.strlen   0x0000734e       0x10 c:/freescale/kds_v3/toolchain/bin/../lib/gcc/arm-none-eabi/4.8.4/../../../../arm-none-eabi/lib/armv7e-m/fpu\libg_s.a(lib_a-strlen.o)
                0x0000734e                strlen
 *fill*         0x0000735e        0x2 
 .text._write_r
                0x00007360       0x24 c:/freescale/kds_v3/toolchain/bin/../lib/gcc/arm-none-eabi/4.8.4/../../../../arm-none-eabi/lib/armv7e-m/fpu\libg_s.a(lib_a-writer.o)
                0x00007360                _write_r
 .text._close_r
                0x00007384       0x20 c:/freescale/kds_v3/toolchain/bin/../lib/gcc/arm-none-eabi/4.8.4/../../../../arm-none-eabi/lib/armv7e-m/fpu\libg_s.a(lib_a-closer.o)
                0x00007384                _close_r
 .text._fstat_r
                0x000073a4       0x24 c:/freescale/kds_v3/toolchain/bin/../lib/gcc/arm-none-eabi/4.8.4/../../../../arm-none-eabi/lib/armv7e-m/fpu\libg_s.a(lib_a-fstatr.o)
                0x000073a4                _fstat_r
 .text._isatty_r
                0x000073c8       0x20 c:/freescale/kds_v3/toolchain/bin/../lib/gcc/arm-none-eabi/4.8.4/../../../../arm-none-eabi/lib/armv7e-m/fpu\libg_s.a(lib_a-isattyr.o)
                0x000073c8                _isatty_r
 .text._lseek_r
                0x000073e8       0x24 c:/freescale/kds_v3/toolchain/bin/../lib/gcc/arm-none-eabi/4.8.4/../../../../arm-none-eabi/lib/armv7e-m/fpu\libg_s.a(lib_a-lseekr.o)
                0x000073e8                _lseek_r
 .text._read_r  0x0000740c       0x24 c:/freescale/kds_v3/toolchain/bin/../lib/gcc/arm-none-eabi/4.8.4/../../../../arm-none-eabi/lib/armv7e-m/fpu\libg_s.a(lib_a-readr.o)
                0x0000740c                _read_r
 *(.rodata)
 .rodata        0x00007430      0x104 ./Startup_Code/vectors.o
 .rodata        0x00007534      0x268 ./Sources/Ruby.o
 .rodata        0x0000779c      0x168 ./Sources/usbdmError.o
 *(.rodata*)
 *fill*         0x00007904        0x4 
 .rodata._ZTVN5USBDM11Uart_brfa_TINS_9Uart0InfoEEE
                0x00007908       0x30 ./Startup_Code/console.o
                0x00007908                vtable for USBDM::Uart_brfa_T<USBDM::Uart0Info>
 .rodata._ZTVN5USBDM6Uart_TINS_9Uart0InfoEEE
                0x00007938       0x30 ./Startup_Code/console.o
                0x00007938                vtable for USBDM::Uart_T<USBDM::Uart0Info>
 .rodata._ZTVN5USBDM4UartE
                0x00007968       0x30 ./Startup_Code/console.o
                0x00007968                vtable for USBDM::Uart
 .rodata._ZTVN5USBDM11FormattedIOE
                0x00007998       0x28 ./Startup_Code/console.o
                0x00007998                vtable for USBDM::FormattedIO
 .rodata._ZN5USBDM3Mcg9clockInfoE
                0x000079c0       0x3c ./Startup_Code/mcg.o
                0x000079c0                USBDM::Mcg::clockInfo
 .rodata._ZN5USBDML20clockTransitionTableE
                0x000079fc       0x40 ./Startup_Code/mcg.o
 .rodata._ZZN5USBDM12FtmChannel_TINS_8Ftm0InfoELi7EE9configureENS_9FtmChModeENS_16FtmChannelActionEE19__PRETTY_FUNCTION__
                0x00007a3c       0x94 ./Sources/Ruby.o
 .rodata._ZZN5USBDM12FtmChannel_TINS_8Ftm0InfoELi1EE9configureENS_9FtmChModeENS_16FtmChannelActionEE19__PRETTY_FUNCTION__
                0x00007ad0       0x94 ./Sources/Ruby.o
 .rodata._ZZN5USBDM12FtmChannel_TINS_8Ftm0InfoELi2EE9configureENS_9FtmChModeENS_16FtmChannelActionEE19__PRETTY_FUNCTION__
                0x00007b64       0x94 ./Sources/Ruby.o
 .rodata._ZZN5USBDM12FtmChannel_TINS_8Ftm0InfoELi3EE9configureENS_9FtmChModeENS_16FtmChannelActionEE19__PRETTY_FUNCTION__
                0x00007bf8       0x94 ./Sources/Ruby.o
 .rodata._ZZN5USBDM12FtmChannel_TINS_8Ftm0InfoELi4EE9configureENS_9FtmChModeENS_16FtmChannelActionEE19__PRETTY_FUNCTION__
                0x00007c8c       0x94 ./Sources/Ruby.o
 .rodata._ZZN5USBDM12FtmChannel_TINS_8Ftm0InfoELi5EE9configureENS_9FtmChModeENS_16FtmChannelActionEE19__PRETTY_FUNCTION__
                0x00007d20       0x94 ./Sources/Ruby.o
 .rodata.str1.1
                0x00007db4       0x3c c:/freescale/kds_v3/toolchain/bin/../lib/gcc/arm-none-eabi/4.8.4/../../../../arm-none-eabi/lib/armv7e-m/fpu\libg_s.a(lib_a-assert.o)
                                 0x3d (size before relaxing)
 .rodata.str1.1
                0x00007df0        0x2 c:/freescale/kds_v3/toolchain/bin/../lib/gcc/arm-none-eabi/4.8.4/../../../../arm-none-eabi/lib/armv7e-m/fpu\libg_s.a(lib_a-impure.o)
 *fill*         0x00007df2        0x2 
 .rodata._global_impure_ptr
                0x00007df4        0x4 c:/freescale/kds_v3/toolchain/bin/../lib/gcc/arm-none-eabi/4.8.4/../../../../arm-none-eabi/lib/armv7e-m/fpu\libg_s.a(lib_a-impure.o)
                0x00007df4                _global_impure_ptr
 .rodata.str1.1
                0x00007df8       0x11 c:/freescale/kds_v3/toolchain/bin/../lib/gcc/arm-none-eabi/4.8.4/../../../../arm-none-eabi/lib/armv7e-m/fpu\libg_s.a(lib_a-vfprintf.o)
 .rodata.str1.1
                0x00007e09       0x12 c:/freescale/kds_v3/toolchain/bin/../lib/gcc/arm-none-eabi/4.8.4/../../../../arm-none-eabi/lib/armv7e-m/fpu\libg_s.a(lib_a-vfprintf_float.o)
 .rodata.str1.1
                0x00007e1b       0x22 c:/freescale/kds_v3/toolchain/bin/../lib/gcc/arm-none-eabi/4.8.4/../../../../arm-none-eabi/lib/armv7e-m/fpu\libg_s.a(lib_a-vfprintf_i.o)
 .rodata.str1.1
                0x00007e3d        0xd c:/freescale/kds_v3/toolchain/bin/../lib/gcc/arm-none-eabi/4.8.4/../../../../arm-none-eabi/lib/armv7e-m/fpu\libg_s.a(lib_a-dtoa.o)
                                  0xf (size before relaxing)
 *fill*         0x00007e4a        0x2 
 .rodata.__sf_fake_stdin
                0x00007e4c       0x20 c:/freescale/kds_v3/toolchain/bin/../lib/gcc/arm-none-eabi/4.8.4/../../../../arm-none-eabi/lib/armv7e-m/fpu\libg_s.a(lib_a-findfp.o)
                0x00007e4c                __sf_fake_stdin
 .rodata.__sf_fake_stdout
                0x00007e6c       0x20 c:/freescale/kds_v3/toolchain/bin/../lib/gcc/arm-none-eabi/4.8.4/../../../../arm-none-eabi/lib/armv7e-m/fpu\libg_s.a(lib_a-findfp.o)
                0x00007e6c                __sf_fake_stdout
 .rodata.__sf_fake_stderr
                0x00007e8c       0x20 c:/freescale/kds_v3/toolchain/bin/../lib/gcc/arm-none-eabi/4.8.4/../../../../arm-none-eabi/lib/armv7e-m/fpu\libg_s.a(lib_a-findfp.o)
                0x00007e8c                __sf_fake_stderr
 .rodata.str1.1
                0x00007eac        0x8 c:/freescale/kds_v3/toolchain/bin/../lib/gcc/arm-none-eabi/4.8.4/../../../../arm-none-eabi/lib/armv7e-m/fpu\libg_s.a(lib_a-locale.o)
                                  0xb (size before relaxing)
 *fill*         0x00007eb4        0x4 
 .rodata.__mprec_tens
                0x00007eb8       0xc8 c:/freescale/kds_v3/toolchain/bin/../lib/gcc/arm-none-eabi/4.8.4/../../../../arm-none-eabi/lib/armv7e-m/fpu\libg_s.a(lib_a-mprec.o)
                0x00007eb8                __mprec_tens
 .rodata.__mprec_bigtens
                0x00007f80       0x28 c:/freescale/kds_v3/toolchain/bin/../lib/gcc/arm-none-eabi/4.8.4/../../../../arm-none-eabi/lib/armv7e-m/fpu\libg_s.a(lib_a-mprec.o)
                0x00007f80                __mprec_bigtens
 .rodata.p05.5281
                0x00007fa8        0xc c:/freescale/kds_v3/toolchain/bin/../lib/gcc/arm-none-eabi/4.8.4/../../../../arm-none-eabi/lib/armv7e-m/fpu\libg_s.a(lib_a-mprec.o)
 *(.init)
 .init          0x00007fb4        0x4 c:/freescale/kds_v3/toolchain/bin/../lib/gcc/arm-none-eabi/4.8.4/armv7e-m/fpu/crti.o
                0x00007fb4                _init
 .init          0x00007fb8        0x8 c:/freescale/kds_v3/toolchain/bin/../lib/gcc/arm-none-eabi/4.8.4/armv7e-m/fpu/crtn.o
 *(.fini)
 .fini          0x00007fc0        0x4 c:/freescale/kds_v3/toolchain/bin/../lib/gcc/arm-none-eabi/4.8.4/armv7e-m/fpu/crti.o
                0x00007fc0                _fini
 .fini          0x00007fc4        0x8 c:/freescale/kds_v3/toolchain/bin/../lib/gcc/arm-none-eabi/4.8.4/armv7e-m/fpu/crtn.o
                0x00007fcc                __CTOR_LIST__ = .
 *crtbegin.o(.ctors)
 *crtbegin?.o(.ctors)
 *(EXCLUDE_FILE(*crtend.o *crtend?.o) .ctors)
 *(SORT(.ctors.*))
 *(.ctors)
                0x00007fcc                __CTOR_END__ = .
                0x00007fcc                __DTOR_LIST__ = .
 *crtbegin.o(.dtors)
 *crtbegin?.o(.dtors)
 *(EXCLUDE_FILE(*crtend.o *crtend?.o) .dtors)
 *(SORT(.dtors.*))
 *(.dtors)
                0x00007fcc                __DTOR_END__ = .
                0x00007fcc                . = ALIGN (0x4)
                0x00007fcc                PROVIDE (__preinit_array_start, .)
 *(.preinit_array*)
                0x00007fcc                PROVIDE (__preinit_array_end, .)
                0x00007fcc                . = ALIGN (0x4)
                0x00007fcc                PROVIDE (__init_array_start, .)
 *(SORT(.init_array.*))
 *(.init_array*)
 .init_array    0x00007fcc        0x4 c:/freescale/kds_v3/toolchain/bin/../lib/gcc/arm-none-eabi/4.8.4/armv7e-m/fpu/crtbegin.o
 .init_array    0x00007fd0        0x4 ./Startup_Code/console.o
 .init_array    0x00007fd4        0x4 ./Startup_Code/system.o
 .init_array    0x00007fd8        0x4 ./Sources/Ruby.o
 .init_array    0x00007fdc        0x4 ./Sources/usbdmError.o
                0x00007fe0                PROVIDE (__init_array_end, .)
                0x00007fe0                . = ALIGN (0x4)
                0x00007fe0                PROVIDE (__fini_array_start, .)
 *(SORT(.fini_array.*))
 *(.fini_array*)
 .fini_array    0x00007fe0        0x4 c:/freescale/kds_v3/toolchain/bin/../lib/gcc/arm-none-eabi/4.8.4/armv7e-m/fpu/crtbegin.o
                0x00007fe4                PROVIDE (__fini_array_end, .)
 *(.jcr*)
 .jcr           0x00007fe4        0x0 c:/freescale/kds_v3/toolchain/bin/../lib/gcc/arm-none-eabi/4.8.4/armv7e-m/fpu/crtbegin.o
 .jcr           0x00007fe4        0x4 c:/freescale/kds_v3/toolchain/bin/../lib/gcc/arm-none-eabi/4.8.4/armv7e-m/fpu/crtend.o
 *(.rodata*)
 *(.eh_frame*)
 .eh_frame      0x00007fe8        0x0 c:/freescale/kds_v3/toolchain/bin/../lib/gcc/arm-none-eabi/4.8.4/armv7e-m/fpu/crtbegin.o
 .eh_frame      0x00007fe8        0x4 c:/freescale/kds_v3/toolchain/bin/../lib/gcc/arm-none-eabi/4.8.4/armv7e-m/fpu/crtend.o

.glue_7         0x00007fec        0x0
 .glue_7        0x00000000        0x0 linker stubs

.glue_7t        0x00007fec        0x0
 .glue_7t       0x00000000        0x0 linker stubs

.vfp11_veneer   0x00007fec        0x0
 .vfp11_veneer  0x00000000        0x0 linker stubs

.v4_bx          0x00007fec        0x0
 .v4_bx         0x00000000        0x0 linker stubs
