Archive member included because of file (symbol)

c:/freescale/kds_v3/toolchain/bin/../lib/gcc/arm-none-eabi/4.8.4/../../../../arm-none-eabi/lib/armv7e-m/fpu\libstdc++_s.a(new_op.o)
                              ./Sources/Ruby.o (operator new(unsigned int))
c:/freescale/kds_v3/toolchain/bin/../lib/gcc/arm-none-eabi/4.8.4/../../../../arm-none-eabi/lib/armv7e-m/fpu\libstdc++_s.a(del_op.o)
                              ./Startup_Code/console.o (operator delete(void*))
c:/freescale/kds_v3/toolchain/bin/../lib/gcc/arm-none-eabi/4.8.4/../../../../arm-none-eabi/lib/armv7e-m/fpu\libstdc++_s.a(new_handler.o)
                              c:/freescale/kds_v3/toolchain/bin/../lib/gcc/arm-none-eabi/4.8.4/../../../../arm-none-eabi/lib/armv7e-m/fpu\libstdc++_s.a(new_op.o) (__new_handler)
c:/freescale/kds_v3/toolchain/bin/../lib/gcc/arm-none-eabi/4.8.4/../../../../arm-none-eabi/lib/armv7e-m/fpu\libstdc++_s.a(atexit_arm.o)
                              ./Startup_Code/console.o (__aeabi_atexit)
c:/freescale/kds_v3/toolchain/bin/../lib/gcc/arm-none-eabi/4.8.4/../../../../arm-none-eabi/lib/armv7e-m/fpu\libstdc++_s.a(allocator-inst.o)
                              ./Sources/Ruby.o (std::allocator<char>::allocator())
c:/freescale/kds_v3/toolchain/bin/../lib/gcc/arm-none-eabi/4.8.4/../../../../arm-none-eabi/lib/armv7e-m/fpu\libstdc++_s.a(functexcept.o)
                              ./Sources/Ruby.o (std::__throw_bad_alloc())
c:/freescale/kds_v3/toolchain/bin/../lib/gcc/arm-none-eabi/4.8.4/../../../../arm-none-eabi/lib/armv7e-m/fpu\libm.a(lib_a-s_round.o)
                              ./Sources/Ruby.o (round)
c:/freescale/kds_v3/toolchain/bin/../lib/gcc/arm-none-eabi/4.8.4/armv7e-m/fpu\libgcc.a(_arm_addsubdf3.o)
                              ./Sources/Ruby.o (__aeabi_dsub)
c:/freescale/kds_v3/toolchain/bin/../lib/gcc/arm-none-eabi/4.8.4/armv7e-m/fpu\libgcc.a(_arm_muldivdf3.o)
                              ./Sources/Ruby.o (__aeabi_dmul)
c:/freescale/kds_v3/toolchain/bin/../lib/gcc/arm-none-eabi/4.8.4/armv7e-m/fpu\libgcc.a(_arm_cmpdf2.o)
                              ./Sources/Ruby.o (__aeabi_dcmplt)
c:/freescale/kds_v3/toolchain/bin/../lib/gcc/arm-none-eabi/4.8.4/armv7e-m/fpu\libgcc.a(_arm_fixdfsi.o)
                              ./Sources/Ruby.o (__aeabi_d2iz)
c:/freescale/kds_v3/toolchain/bin/../lib/gcc/arm-none-eabi/4.8.4/armv7e-m/fpu\libgcc.a(_arm_fixunsdfsi.o)
                              ./Sources/Ruby.o (__aeabi_d2uiz)
c:/freescale/kds_v3/toolchain/bin/../lib/gcc/arm-none-eabi/4.8.4/armv7e-m/fpu\libgcc.a(_arm_truncdfsf2.o)
                              ./Sources/Ruby.o (__aeabi_d2f)
c:/freescale/kds_v3/toolchain/bin/../lib/gcc/arm-none-eabi/4.8.4/armv7e-m/fpu\libgcc.a(_aeabi_uldivmod.o)
                              ./Sources/delay.o (__aeabi_uldivmod)
c:/freescale/kds_v3/toolchain/bin/../lib/gcc/arm-none-eabi/4.8.4/armv7e-m/fpu\libgcc.a(bpabi.o)
                              c:/freescale/kds_v3/toolchain/bin/../lib/gcc/arm-none-eabi/4.8.4/armv7e-m/fpu\libgcc.a(_aeabi_uldivmod.o) (__gnu_uldivmod_helper)
c:/freescale/kds_v3/toolchain/bin/../lib/gcc/arm-none-eabi/4.8.4/armv7e-m/fpu\libgcc.a(_dvmd_tls.o)
                              c:/freescale/kds_v3/toolchain/bin/../lib/gcc/arm-none-eabi/4.8.4/armv7e-m/fpu\libgcc.a(_aeabi_uldivmod.o) (__aeabi_ldiv0)
c:/freescale/kds_v3/toolchain/bin/../lib/gcc/arm-none-eabi/4.8.4/armv7e-m/fpu\libgcc.a(_divdi3.o)
                              c:/freescale/kds_v3/toolchain/bin/../lib/gcc/arm-none-eabi/4.8.4/armv7e-m/fpu\libgcc.a(bpabi.o) (__divdi3)
c:/freescale/kds_v3/toolchain/bin/../lib/gcc/arm-none-eabi/4.8.4/armv7e-m/fpu\libgcc.a(_udivdi3.o)
                              c:/freescale/kds_v3/toolchain/bin/../lib/gcc/arm-none-eabi/4.8.4/armv7e-m/fpu\libgcc.a(bpabi.o) (__udivdi3)
c:/freescale/kds_v3/toolchain/bin/../lib/gcc/arm-none-eabi/4.8.4/../../../../arm-none-eabi/lib/armv7e-m/fpu\libg_s.a(lib_a-abort.o)
                              c:/freescale/kds_v3/toolchain/bin/../lib/gcc/arm-none-eabi/4.8.4/../../../../arm-none-eabi/lib/armv7e-m/fpu\libstdc++_s.a(new_op.o) (abort)
c:/freescale/kds_v3/toolchain/bin/../lib/gcc/arm-none-eabi/4.8.4/../../../../arm-none-eabi/lib/armv7e-m/fpu\libg_s.a(lib_a-assert.o)
                              ./Sources/Ruby.o (__assert_func)
c:/freescale/kds_v3/toolchain/bin/../lib/gcc/arm-none-eabi/4.8.4/../../../../arm-none-eabi/lib/armv7e-m/fpu\libg_s.a(lib_a-cxa_atexit.o)
                              c:/freescale/kds_v3/toolchain/bin/../lib/gcc/arm-none-eabi/4.8.4/../../../../arm-none-eabi/lib/armv7e-m/fpu\libstdc++_s.a(atexit_arm.o) (__cxa_atexit)
c:/freescale/kds_v3/toolchain/bin/../lib/gcc/arm-none-eabi/4.8.4/../../../../arm-none-eabi/lib/armv7e-m/fpu\libg_s.a(lib_a-exit.o)
                              c:/freescale/kds_v3/toolchain/bin/../lib/gcc/arm-none-eabi/4.8.4/../../../../arm-none-eabi/lib/armv7e-m/fpu/crt0.o (exit)
[...]
Memory Configuration

Name             Origin             Length             Attributes
bitband          0x22000000         0x02000000         rw
aips0            0x40000000         0x00080000         rw
aips1            0x40080000         0x0007f000         rw
gpio             0x400ff000         0x00001000         rw
gpioBitband      0x42000000         0x02000000         rw
peripherals      0xe0000000         0x00100000         rw
flash            0x00000000         0x00100000         xr
ram              0x1fff0000         0x00020000         xrw
gdbGuard         0x20010000         0x00000020         r
*default*        0x00000000         0xffffffff

Linker script and memory map

LOAD c:/freescale/kds_v3/toolchain/bin/../lib/gcc/arm-none-eabi/4.8.4/armv7e-m/fpu/crti.o
LOAD c:/freescale/kds_v3/toolchain/bin/../lib/gcc/arm-none-eabi/4.8.4/armv7e-m/fpu/crtbegin.o
LOAD c:/freescale/kds_v3/toolchain/bin/../lib/gcc/arm-none-eabi/4.8.4/../../../../arm-none-eabi/lib/armv7e-m/fpu/crt0.o
LOAD ./Startup_Code/console.o
LOAD ./Startup_Code/mcg.o
LOAD ./Startup_Code/newlib_stubs.o
LOAD ./Startup_Code/rtc.o
LOAD ./Startup_Code/security.o
LOAD ./Startup_Code/startup_ARMLtdGCC.o
LOAD ./Startup_Code/system-gcc.o
LOAD ./Startup_Code/system.o
LOAD ./Startup_Code/vectors.o
LOAD ./Sources/Ruby.o
LOAD ./Sources/delay.o
LOAD ./Sources/ftfe.o
LOAD ./Sources/hardware.o
LOAD ./Sources/i2c.o
LOAD ./Sources/spi.o
LOAD ./Sources/usbdmError.o
LOAD c:/freescale/kds_v3/toolchain/bin/../lib/gcc/arm-none-eabi/4.8.4/../../../../arm-none-eabi/lib/armv7e-m/fpu\libstdc++_s.a
LOAD c:/freescale/kds_v3/toolchain/bin/../lib/gcc/arm-none-eabi/4.8.4/../../../../arm-none-eabi/lib/armv7e-m/fpu\libm.a
START GROUP
LOAD c:/freescale/kds_v3/toolchain/bin/../lib/gcc/arm-none-eabi/4.8.4/armv7e-m/fpu\libgcc.a
LOAD c:/freescale/kds_v3/toolchain/bin/../lib/gcc/arm-none-eabi/4.8.4/../../../../arm-none-eabi/lib/armv7e-m/fpu\libg_s.a
LOAD c:/freescale/kds_v3/toolchain/bin/../lib/gcc/arm-none-eabi/4.8.4/../../../../arm-none-eabi/lib/armv7e-m/fpu\libc_s.a
END GROUP
START GROUP
LOAD c:/freescale/kds_v3/toolchain/bin/../lib/gcc/arm-none-eabi/4.8.4/armv7e-m/fpu\libgcc.a
LOAD c:/freescale/kds_v3/toolchain/bin/../lib/gcc/arm-none-eabi/4.8.4/../../../../arm-none-eabi/lib/armv7e-m/fpu\libc_s.a
END GROUP
LOAD c:/freescale/kds_v3/toolchain/bin/../lib/gcc/arm-none-eabi/4.8.4/armv7e-m/fpu/crtend.o
LOAD c:/freescale/kds_v3/toolchain/bin/../lib/gcc/arm-none-eabi/4.8.4/armv7e-m/fpu/crtn.o
                0x00008000                __stack_size = 0x8000
                0x00008000                __heap_size = 0x8000
                0x00000000                __sram_u_size = 0x0
                0x00008000                PROVIDE (__stack_size__, __stack_size)
                0x00008000                PROVIDE (__heap_size__, __heap_size)
                0x000004d8                PROVIDE (__HardReset, Reset_Handler)
                0x00003448                PROVIDE (_start, main)

.interrupts     0x00000000      0x410
                0x00000000                __flash_start = .
                0x00000000                __VECTOR_TABLE = .
 *(.interrupt_vectors)
 .interrupt_vectors
                0x00000000      0x188 ./Startup_Code/vectors.o
                0x00000000                __vector_table
 *(.isr_vector)
                0x00000001                ASSERT ((. != __flash_start), No reset vector found)
                0x00000188                __VECTOR_TABLE_END = .
                0x00000400                . = (__flash_start + 0x400)
 *fill*         0x00000188      0x278 
 *(.security_information)
 .security_information
                0x00000400       0x10 ./Startup_Code/security.o
                0x00000400                securityInfo
 *(.FlashConfig)
                0x00000001                ASSERT ((. == (__flash_start + 0x410)), No Freescale security information)
                0x00000000                M_VECTOR_RAM_SIZE = DEFINED (__ram_vector_table__)?(__VECTOR_TABLE_END - __VECTOR_TABLE):0x0

.text           0x00000410     0x8b1c
 *(.text)
 .text          0x00000410       0x54 c:/freescale/kds_v3/toolchain/bin/../lib/gcc/arm-none-eabi/4.8.4/armv7e-m/fpu/crtbegin.o
 .text          0x00000464       0x74 c:/freescale/kds_v3/toolchain/bin/../lib/gcc/arm-none-eabi/4.8.4/../../../../arm-none-eabi/lib/armv7e-m/fpu/crt0.o
                0x00000464                _start
                0x00000464                _mainCRTStartup
 .text          0x000004d8       0x44 ./Startup_Code/startup_ARMLtdGCC.o
                0x000004d8                Reset_Handler
 .text          0x0000051c      0x370 c:/freescale/kds_v3/toolchain/bin/../lib/gcc/arm-none-eabi/4.8.4/armv7e-m/fpu\libgcc.a(_arm_addsubdf3.o)
                0x0000051c                __aeabi_drsub
                0x00000524                __aeabi_dsub
                0x00000524                __subdf3
                0x00000528                __aeabi_dadd
                0x00000528                __adddf3
                0x000007a0                __floatunsidf
                0x000007a0                __aeabi_ui2d
                0x000007c0                __floatsidf
                0x000007c0                __aeabi_i2d
                0x000007e4                __aeabi_f2d
                0x000007e4                __extendsfdf2
                0x00000820                __floatundidf
                0x00000820                __aeabi_ul2d
                0x00000830                __floatdidf
                0x00000830                __aeabi_l2d
 .text          0x0000088c      0x424 c:/freescale/kds_v3/toolchain/bin/../lib/gcc/arm-none-eabi/4.8.4/armv7e-m/fpu\libgcc.a(_arm_muldivdf3.o)
                0x0000088c                __aeabi_dmul
                0x0000088c                __muldf3
                0x00000ae0                __divdf3
                0x00000ae0                __aeabi_ddiv
 .text          0x00000cb0      0x110 c:/freescale/kds_v3/toolchain/bin/../lib/gcc/arm-none-eabi/4.8.4/armv7e-m/fpu\libgcc.a(_arm_cmpdf2.o)
                0x00000cb0                __gtdf2
                0x00000cb0                __gedf2
                0x00000cb8                __ltdf2
                0x00000cb8                __ledf2
                0x00000cc0                __nedf2
                0x00000cc0                __eqdf2
                0x00000cc0                __cmpdf2
                0x00000d3c                __aeabi_cdrcmple
                0x00000d4c                __aeabi_cdcmpeq
                0x00000d4c                __aeabi_cdcmple
                0x00000d5c                __aeabi_dcmpeq
                0x00000d70                __aeabi_dcmplt
                0x00000d84                __aeabi_dcmple
                0x00000d98                __aeabi_dcmpge
                0x00000dac                __aeabi_dcmpgt
 .text          0x00000dc0       0x50 c:/freescale/kds_v3/toolchain/bin/../lib/gcc/arm-none-eabi/4.8.4/armv7e-m/fpu\libgcc.a(_arm_fixdfsi.o)
                0x00000dc0                __aeabi_d2iz
                0x00000dc0                __fixdfsi
 .text          0x00000e10       0x40 c:/freescale/kds_v3/toolchain/bin/../lib/gcc/arm-none-eabi/4.8.4/armv7e-m/fpu\libgcc.a(_arm_fixunsdfsi.o)
                0x00000e10                __aeabi_d2uiz
                0x00000e10                __fixunsdfsi
 .text          0x00000e50       0xa0 c:/freescale/kds_v3/toolchain/bin/../lib/gcc/arm-none-eabi/4.8.4/armv7e-m/fpu\libgcc.a(_arm_truncdfsf2.o)
                0x00000e50                __truncdfsf2
                0x00000e50                __aeabi_d2f
 .text          0x00000ef0       0x2c c:/freescale/kds_v3/toolchain/bin/../lib/gcc/arm-none-eabi/4.8.4/armv7e-m/fpu\libgcc.a(_aeabi_uldivmod.o)
                0x00000ef0                __aeabi_uldivmod
 .text          0x00000f1c       0x60 c:/freescale/kds_v3/toolchain/bin/../lib/gcc/arm-none-eabi/4.8.4/armv7e-m/fpu\libgcc.a(bpabi.o)
                0x00000f1c                __gnu_ldivmod_helper
                0x00000f4c                __gnu_uldivmod_helper
 .text          0x00000f7c        0x4 c:/freescale/kds_v3/toolchain/bin/../lib/gcc/arm-none-eabi/4.8.4/armv7e-m/fpu\libgcc.a(_dvmd_tls.o)
                0x00000f7c                __aeabi_idiv0
                0x00000f7c                __aeabi_ldiv0
 .text          0x00000f80      0x298 c:/freescale/kds_v3/toolchain/bin/../lib/gcc/arm-none-eabi/4.8.4/armv7e-m/fpu\libgcc.a(_divdi3.o)
                0x00000f80                __divdi3
 .text          0x00001218      0x284 c:/freescale/kds_v3/toolchain/bin/../lib/gcc/arm-none-eabi/4.8.4/armv7e-m/fpu\libgcc.a(_udivdi3.o)
                0x00001218                __udivdi3
 *(.text*)
 .text._ZN5USBDML16enablePortClocksEm
                0x0000149c       0x34 ./Startup_Code/console.o
 .text._ZN5USBDM7SimInfo13getUart0ClockEv
                0x000014d0       0x18 ./Startup_Code/console.o
                0x000014d0                USBDM::SimInfo::getUart0Clock()
 .text._ZN5USBDM9Uart0Info22getInputClockFrequencyEv
                0x000014e8       0x10 ./Startup_Code/console.o
                0x000014e8                USBDM::Uart0Info::getInputClockFrequency()
 .text._ZN5USBDM9Uart0Info8initPCRsEm
                0x000014f8       0x2c ./Startup_Code/console.o
                0x000014f8                USBDM::Uart0Info::initPCRs(unsigned long)
 .text._ZN5USBDM11FormattedIOC2Ev
                0x00001524       0x48 ./Startup_Code/console.o
                0x00001524                USBDM::FormattedIO::FormattedIO()
                0x00001524                USBDM::FormattedIO::FormattedIO()
 .text._ZN5USBDM11FormattedIOD2Ev
                0x0000156c       0x28 ./Startup_Code/console.o
                0x0000156c                USBDM::FormattedIO::~FormattedIO()
                0x0000156c                USBDM::FormattedIO::~FormattedIO()
 .text._ZN5USBDM11FormattedIOD0Ev
                0x00001594       0x20 ./Startup_Code/console.o
                0x00001594                USBDM::FormattedIO::~FormattedIO()
 .text._ZN5USBDM11FormattedIO4peekEv
                0x000015b4       0x88 ./Startup_Code/console.o
                0x000015b4                USBDM::FormattedIO::peek()
 .text._ZN5USBDM11FormattedIO9writeCharEc
                0x0000163c       0x24 ./Startup_Code/console.o
                0x0000163c                USBDM::FormattedIO::writeChar(char)
 .text._ZN5USBDM11FormattedIO8readCharEv
                0x00001660       0x28 ./Startup_Code/console.o
                0x00001660                USBDM::FormattedIO::readChar()
 .text._ZN5USBDM11FormattedIO5writeEc
                0x00001688       0x20 ./Startup_Code/console.o
                0x00001688                USBDM::FormattedIO::write(char)
 .text._ZN5USBDM11FormattedIO7setEchoENS_8EchoModeE
                0x000016a8       0x20 ./Startup_Code/console.o
                0x000016a8                USBDM::FormattedIO::setEcho(USBDM::EchoMode)
 .text._ZN5USBDM4Uart16_isCharAvailableEv
                0x000016c8       0x2c ./Startup_Code/console.o
                0x000016c8                USBDM::Uart::_isCharAvailable()
 .text._ZN5USBDM4Uart9_readCharEv
                0x000016f4       0x40 ./Startup_Code/console.o
                0x000016f4                USBDM::Uart::_readChar()
 .text._ZN5USBDM4Uart10_writeCharEc
                0x00001734       0x44 ./Startup_Code/console.o
                0x00001734                USBDM::Uart::_writeChar(char)
 .text._ZN5USBDM4UartC2EPV9UART_Type
                0x00001778       0x2c ./Startup_Code/console.o
                0x00001778                USBDM::Uart::Uart(UART_Type volatile*)
                0x00001778                USBDM::Uart::Uart(UART_Type volatile*)
 .text._ZN5USBDM4UartD2Ev
                0x000017a4       0x30 ./Startup_Code/console.o
                0x000017a4                USBDM::Uart::~Uart()
                0x000017a4                USBDM::Uart::~Uart()
 .text._ZN5USBDM4UartD0Ev
                0x000017d4       0x20 ./Startup_Code/console.o
                0x000017d4                USBDM::Uart::~Uart()
 .text._ZN5USBDM4Uart16setBaudRate_brfaEmm
                0x000017f4       0x8c ./Startup_Code/console.o
                0x000017f4                USBDM::Uart::setBaudRate_brfa(unsigned long, unsigned long)
 .text._ZN5USBDM4Uart11flushOutputEv
                0x00001880       0x30 ./Startup_Code/console.o
                0x00001880                USBDM::Uart::flushOutput()
 .text._ZN5USBDM4Uart10flushInputEv
                0x000018b0       0x20 ./Startup_Code/console.o
                0x000018b0                USBDM::Uart::flushInput()
 .text.console_initialise
                0x000018d0       0x1c ./Startup_Code/console.o
                0x000018d0                console_initialise
 .text.console_txChar
                0x000018ec       0x20 ./Startup_Code/console.o
                0x000018ec                console_txChar
 .text.console_rxChar
                0x0000190c       0x14 ./Startup_Code/console.o
                0x0000190c                console_rxChar
 .text._ZN5USBDM11Uart_brfa_TINS_9Uart0InfoEEC2Ej
                0x00001920       0x30 ./Startup_Code/console.o
                0x00001920                USBDM::Uart_brfa_T<USBDM::Uart0Info>::Uart_brfa_T(unsigned int)
                0x00001920                USBDM::Uart_brfa_T<USBDM::Uart0Info>::Uart_brfa_T(unsigned int)
 .text._ZN5USBDM11Uart_brfa_TINS_9Uart0InfoEE11setBaudRateEj
                0x00001950       0x24 ./Startup_Code/console.o
                0x00001950                USBDM::Uart_brfa_T<USBDM::Uart0Info>::setBaudRate(unsigned int)
 .text._ZN5USBDM6Uart_TINS_9Uart0InfoEEC2Ev
                0x00001974       0x4c ./Startup_Code/console.o
                0x00001974                USBDM::Uart_T<USBDM::Uart0Info>::Uart_T()
                0x00001974                USBDM::Uart_T<USBDM::Uart0Info>::Uart_T()
 .text._ZN5USBDM6Uart_TINS_9Uart0InfoEED2Ev
                0x000019c0       0x30 ./Startup_Code/console.o
                0x000019c0                USBDM::Uart_T<USBDM::Uart0Info>::~Uart_T()
                0x000019c0                USBDM::Uart_T<USBDM::Uart0Info>::~Uart_T()
 .text._ZN5USBDM6Uart_TINS_9Uart0InfoEED0Ev
                0x000019f0       0x20 ./Startup_Code/console.o
                0x000019f0                USBDM::Uart_T<USBDM::Uart0Info>::~Uart_T()
 .text._Z41__static_initialization_and_destruction_0ii
                0x00001a10       0x40 ./Startup_Code/console.o
 .text._ZN5USBDM11Uart_brfa_TINS_9Uart0InfoEED2Ev
                0x00001a50       0x30 ./Startup_Code/console.o
                0x00001a50                USBDM::Uart_brfa_T<USBDM::Uart0Info>::~Uart_brfa_T()
                0x00001a50                USBDM::Uart_brfa_T<USBDM::Uart0Info>::~Uart_brfa_T()
 .text._ZN5USBDM11Uart_brfa_TINS_9Uart0InfoEED0Ev
                0x00001a80       0x20 ./Startup_Code/console.o
                0x00001a80                USBDM::Uart_brfa_T<USBDM::Uart0Info>::~Uart_brfa_T()
 .text._ZN5USBDM6Uart_TINS_9Uart0InfoEE10clearErrorEv
                0x00001aa0       0x18 ./Startup_Code/console.o
                0x00001aa0                USBDM::Uart_T<USBDM::Uart0Info>::clearError()
 .text._GLOBAL__sub_I__ZN5USBDM7consoleE
                0x00001ab8       0x10 ./Startup_Code/console.o
 .text.NVIC_DisableIRQ
                0x00001ac8       0x34 ./Startup_Code/mcg.o
 .text._ZN5USBDML12setErrorCodeENS_9ErrorCodeE
                0x00001afc       0x24 ./Startup_Code/mcg.o
 .text._ZN5USBDML16enablePortClocksEm
                0x00001b20       0x34 ./Startup_Code/mcg.o
 .text._ZN5USBDM8Osc0Info11getOscClockEv
                0x00001b54       0x14 ./Startup_Code/mcg.o
                0x00001b54                USBDM::Osc0Info::getOscClock()
 .text._ZN5USBDM8Osc0Info8initPCRsEm
                0x00001b68       0x28 ./Startup_Code/mcg.o
                0x00001b68                USBDM::Osc0Info::initPCRs(unsigned long)
 .text._ZN5USBDM7RtcInfo16getInternalClockEv
                0x00001b90       0x28 ./Startup_Code/mcg.o
                0x00001b90                USBDM::RtcInfo::getInternalClock()
 .text._ZN5USBDM7McgInfo11getErcClockEv
                0x00001bb8       0x30 ./Startup_Code/mcg.o
                0x00001bb8                USBDM::McgInfo::getErcClock()
 .text._ZN5USBDM7McgInfo19getInternalIrcClockEv
                0x00001be8       0x48 ./Startup_Code/mcg.o
                0x00001be8                USBDM::McgInfo::getInternalIrcClock()
 .text._ZN5USBDM7SimInfo8initRegsEv
                0x00001c30       0x74 ./Startup_Code/mcg.o
                0x00001c30                USBDM::SimInfo::initRegs()
 .text._ZN5USBDM3Mcg14setSysDividersEm
                0x00001ca4       0x24 ./Startup_Code/mcg.o
                0x00001ca4                USBDM::Mcg::setSysDividers(unsigned long)
 .text._ZN5USBDM3Mcg20enableNvicInterruptsEbm
                0x00001cc8       0x30 ./Startup_Code/mcg.o
                0x00001cc8                USBDM::Mcg::enableNvicInterrupts(bool, unsigned long)
 .text._ZN5USBDM3Mcg10initialiseEv
                0x00001cf8        0xc ./Startup_Code/mcg.o
                0x00001cf8                USBDM::Mcg::initialise()
 .text._ZN5USBDM3Mcg15clockTransitionERKNS_7McgInfo9ClockInfoE
                0x00001d04      0x2ec ./Startup_Code/mcg.o
                0x00001d04                USBDM::Mcg::clockTransition(USBDM::McgInfo::ClockInfo const&)
 .text._ZN5USBDM3Mcg21SystemCoreClockUpdateEv
                0x00001ff0      0x26c ./Startup_Code/mcg.o
                0x00001ff0                USBDM::Mcg::SystemCoreClockUpdate()
 .text._ZN5USBDM3Mcg16defaultConfigureEv
                0x0000225c       0x2c ./Startup_Code/mcg.o
                0x0000225c                USBDM::Mcg::defaultConfigure()
 .text.clock_initialise
                0x00002288       0x14 ./Startup_Code/mcg.o
                0x00002288                clock_initialise
 .text._ZN5USBDM9OscBase_TINS_8Osc0InfoEE10initialiseEv
                0x0000229c        0xc ./Startup_Code/mcg.o
                0x0000229c                USBDM::OscBase_T<USBDM::Osc0Info>::initialise()
 .text._ZN5USBDM9RtcBase_TINS_7RtcInfoEE10initialiseEv
                0x000022a8        0xc ./Startup_Code/mcg.o
                0x000022a8                USBDM::RtcBase_T<USBDM::RtcInfo>::initialise()
 .text._ZN5USBDM9OscBase_TINS_8Osc0InfoEE16defaultConfigureEv
                0x000022b4       0x18 ./Startup_Code/mcg.o
                0x000022b4                USBDM::OscBase_T<USBDM::Osc0Info>::defaultConfigure()
 .text._ZN5USBDM9RtcBase_TINS_7RtcInfoEE16defaultConfigureEv
                0x000022cc       0x24 ./Startup_Code/mcg.o
                0x000022cc                USBDM::RtcBase_T<USBDM::RtcInfo>::defaultConfigure()
 .text._close   0x000022f0       0x18 ./Startup_Code/newlib_stubs.o
                0x000022f0                _close
 .text._fstat   0x00002308       0x20 ./Startup_Code/newlib_stubs.o
                0x00002308                _fstat
 .text._getpid  0x00002328       0x10 ./Startup_Code/newlib_stubs.o
                0x00002328                _getpid
 .text._isatty  0x00002338       0x2c ./Startup_Code/newlib_stubs.o
                0x00002338                _isatty
 .text._kill    0x00002364       0x24 ./Startup_Code/newlib_stubs.o
                0x00002364                _kill
 .text._lseek   0x00002388       0x1c ./Startup_Code/newlib_stubs.o
                0x00002388                _lseek
 .text._sbrk    0x000023a4       0x54 ./Startup_Code/newlib_stubs.o
                0x000023a4                _sbrk
 .text._exit    0x000023f8        0xc ./Startup_Code/newlib_stubs.o
                0x000023f8                _exit
 .text._usbdm_read
                0x00002404       0x58 ./Startup_Code/newlib_stubs.o
                0x00002404                _usbdm_read
 .text._usbdm_write
                0x0000245c       0x60 ./Startup_Code/newlib_stubs.o
                0x0000245c                _usbdm_write
 .text.__cxa_pure_virtual
                0x000024bc        0xc ./Startup_Code/system-gcc.o
                0x000024bc                __cxa_pure_virtual
 .text.rtc_initialise
                0x000024c8        0xc ./Startup_Code/system.o
                0x000024c8                rtc_initialise
 .text.software_init_hook
                0x000024d4        0xc ./Startup_Code/system.o
                0x000024d4                software_init_hook
 .text.SystemInitLowLevel
                0x000024e0       0x44 ./Startup_Code/system.o
                0x000024e0                SystemInitLowLevel
 .text.SystemInit
                0x00002524       0x30 ./Startup_Code/system.o
                0x00002524                SystemInit
 .text._ZN5USBDM9PmcBase_TINS_7PmcInfoEE11releasePinsEv
                0x00002554       0x20 ./Startup_Code/system.o
                0x00002554                USBDM::PmcBase_T<USBDM::PmcInfo>::releasePins()
 .text._ZN5USBDM11FormattedIO10setPaddingENS_7PaddingE
                0x00002574       0x20 ./Startup_Code/vectors.o
                0x00002574                USBDM::FormattedIO::setPadding(USBDM::Padding)
 .text._ZN5USBDM11FormattedIO8setWidthEi
                0x00002594       0x20 ./Startup_Code/vectors.o
                0x00002594                USBDM::FormattedIO::setWidth(int)
 .text._ZN5USBDM11FormattedIO5ultoaEPcmNS_5RadixENS_7PaddingEib
                0x000025b4      0x15c ./Startup_Code/vectors.o
                0x000025b4                USBDM::FormattedIO::ultoa(char*, unsigned long, USBDM::Radix, USBDM::Padding, int, bool)
 .text._ZN5USBDM11FormattedIO7writelnEv
                0x00002710       0x1c ./Startup_Code/vectors.o
                0x00002710                USBDM::FormattedIO::writeln()
 .text._ZN5USBDM11FormattedIO5writeEPKc
                0x0000272c       0x30 ./Startup_Code/vectors.o
                0x0000272c                USBDM::FormattedIO::write(char const*)
 .text._ZN5USBDM11FormattedIO7writelnEPKc
                0x0000275c       0x24 ./Startup_Code/vectors.o
                0x0000275c                USBDM::FormattedIO::writeln(char const*)
 .text._ZN5USBDM11FormattedIO5writeEmNS_5RadixE
                0x00002780       0x40 ./Startup_Code/vectors.o
                0x00002780                USBDM::FormattedIO::write(unsigned long, USBDM::Radix)
 .text._ZN5USBDM11FormattedIO7writelnEmNS_5RadixE
                0x000027c0       0x2c ./Startup_Code/vectors.o
                0x000027c0                USBDM::FormattedIO::writeln(unsigned long, USBDM::Radix)
 .text._ZN5USBDM11FormattedIO7writelnEPKvNS_5RadixE
                0x000027ec       0x28 ./Startup_Code/vectors.o
                0x000027ec                USBDM::FormattedIO::writeln(void const*, USBDM::Radix)
 .text._ZN5USBDM11FormattedIO7writelnEjNS_5RadixE
                0x00002814       0x24 ./Startup_Code/vectors.o
                0x00002814                USBDM::FormattedIO::writeln(unsigned int, USBDM::Radix)
 .text.Default_Handler
                0x00002838       0x20 ./Startup_Code/vectors.o
                0x00002838                RTC_Alarm_IRQHandler
                0x00002838                UART3_RxTx_IRQHandler
                0x00002838                DebugMon_Handler
                0x00002838                CAN0_WakeUp_IRQHandler
                0x00002838                I2C0_IRQHandler
                0x00002838                SysTick_Handler
                0x00002838                UART5_RxTx_IRQHandler
                0x00002838                PendSV_Handler
                0x00002838                NMI_Handler
                0x00002838                I2C1_IRQHandler
                0x00002838                DMA2_IRQHandler
                0x00002838                CMP2_IRQHandler
                0x00002838                CAN0_Message_IRQHandler
                0x00002838                LLWU_IRQHandler
                0x00002838                UART4_Error_IRQHandler
                0x00002838                SWI_IRQHandler
                0x00002838                ADC0_IRQHandler
                0x00002838                UsageFault_Handler
                0x00002838                I2S0_Tx_IRQHandler
                0x00002838                CMT_IRQHandler
                0x00002838                SPI1_IRQHandler
                0x00002838                DMA9_IRQHandler
                0x00002838                UART5_Error_IRQHandler
                0x00002838                DMA14_IRQHandler
                0x00002838                CMP1_IRQHandler
                0x00002838                PORTD_IRQHandler
                0x00002838                PORTB_IRQHandler
                0x00002838                ADC1_IRQHandler
                0x00002838                I2C2_IRQHandler
                0x00002838                I2S0_Rx_IRQHandler
                0x00002838                DMA5_IRQHandler
                0x00002838                PDB0_IRQHandler
                0x00002838                FTM1_IRQHandler
                0x00002838                UART0_RxTx_IRQHandler
                0x00002838                CAN0_BusOff_IRQHandler
                0x00002838                SDHC_IRQHandler
                0x00002838                RTC_Seconds_IRQHandler
                0x00002838                MCG_IRQHandler
                0x00002838                DMA11_IRQHandler
                0x00002838                Default_Handler
                0x00002838                DMA7_IRQHandler
                0x00002838                USBDCD_IRQHandler
                0x00002838                UART0_Error_IRQHandler
                0x00002838                UART4_RxTx_IRQHandler
                0x00002838                UART1_RxTx_IRQHandler
                0x00002838                USB0_IRQHandler
                0x00002838                SPI2_IRQHandler
                0x00002838                MemManage_Handler
                0x00002838                SVC_Handler
                0x00002838                DMA13_IRQHandler
                0x00002838                DMA3_IRQHandler
                0x00002838                DMA0_IRQHandler
                0x00002838                CAN0_Rx_IRQHandler
                0x00002838                DMA15_IRQHandler
                0x00002838                DAC0_IRQHandler
                0x00002838                FTF_ReadCollision_IRQHandler
                0x00002838                UART1_Error_IRQHandler
                0x00002838                UART2_Error_IRQHandler
                0x00002838                UART2_RxTx_IRQHandler
                0x00002838                CAN0_Error_IRQHandler
                0x00002838                DMA4_IRQHandler
                0x00002838                CAN0_Tx_IRQHandler
                0x00002838                PMC_IRQHandler
                0x00002838                DMA_Error_IRQHandler
                0x00002838                SPI0_IRQHandler
                0x00002838                FTM0_IRQHandler
                0x00002838                FTF_Command_IRQHandler
                0x00002838                PORTA_IRQHandler
                0x00002838                DAC1_IRQHandler
                0x00002838                MCM_IRQHandler
                0x00002838                DMA12_IRQHandler
                0x00002838                FTM3_IRQHandler
                0x00002838                PORTE_IRQHandler
                0x00002838                WDOG_IRQHandler
                0x00002838                FTM2_IRQHandler
                0x00002838                LPTMR0_IRQHandler
                0x00002838                BusFault_Handler
                0x00002838                DMA8_IRQHandler
                0x00002838                DMA10_IRQHandler
                0x00002838                CMP0_IRQHandler
                0x00002838                PORTC_IRQHandler
                0x00002838                DMA6_IRQHandler
                0x00002838                DMA1_IRQHandler
                0x00002838                UART3_Error_IRQHandler
 .text.HardFault_Handler
                0x00002858       0x14 ./Startup_Code/vectors.o
                0x00002858                HardFault_Handler
 .text._HardFault_Handler
                0x0000286c      0x1e8 ./Startup_Code/vectors.o
                0x0000286c                _HardFault_Handler
 .text._ZN5USBDM12PitChannel_TINS_7PitInfoELi0EE10irqHandlerEv
                0x00002a54       0x1c ./Startup_Code/vectors.o
                0x00002a54                USBDM::PitChannel_T<USBDM::PitInfo, 0>::irqHandler()
 .text._ZN5USBDM12PitChannel_TINS_7PitInfoELi1EE10irqHandlerEv
                0x00002a70       0x1c ./Startup_Code/vectors.o
                0x00002a70                USBDM::PitChannel_T<USBDM::PitInfo, 1>::irqHandler()
 .text._ZN5USBDM12PitChannel_TINS_7PitInfoELi2EE10irqHandlerEv
                0x00002a8c       0x1c ./Startup_Code/vectors.o
                0x00002a8c                USBDM::PitChannel_T<USBDM::PitInfo, 2>::irqHandler()
 .text._ZN5USBDM12PitChannel_TINS_7PitInfoELi3EE10irqHandlerEv
                0x00002aa8       0x1c ./Startup_Code/vectors.o
                0x00002aa8                USBDM::PitChannel_T<USBDM::PitInfo, 3>::irqHandler()
 .text.NVIC_EnableIRQ
                0x00002ac4       0x30 ./Sources/Ruby.o
 .text.NVIC_DisableIRQ
                0x00002af4       0x34 ./Sources/Ruby.o
 .text.NVIC_SetPriority
                0x00002b28       0x54 ./Sources/Ruby.o
 .text._ZN5USBDML12setErrorCodeENS_9ErrorCodeE
                0x00002b7c       0x24 ./Sources/Ruby.o
 .text._ZN5USBDML20setAndCheckErrorCodeENS_9ErrorCodeE
                0x00002ba0       0x20 ./Sources/Ruby.o
 .text._ZN5USBDML16enablePortClocksEm
                0x00002bc0       0x34 ./Sources/Ruby.o
 .text._ZN5USBDM8Adc1Info8initPCRsEm
                0x00002bf4       0x28 ./Sources/Ruby.o
                0x00002bf4                USBDM::Adc1Info::initPCRs(unsigned long)
 .text._ZN5USBDM8Adc1Info6InfoDP8initPCRsEm
                0x00002c1c       0x14 ./Sources/Ruby.o
                0x00002c1c                USBDM::Adc1Info::InfoDP::initPCRs(unsigned long)
 .text._ZN5USBDM8Adc1Info6InfoDM8initPCRsEm
                0x00002c30       0x14 ./Sources/Ruby.o
                0x00002c30                USBDM::Adc1Info::InfoDM::initPCRs(unsigned long)
 .text._ZN5USBDM8Dac0Info8initPCRsEm
                0x00002c44       0x14 ./Sources/Ruby.o
                0x00002c44                USBDM::Dac0Info::initPCRs(unsigned long)
 .text._ZN5USBDM8Ftm0Info22getInputClockFrequencyEv
                0x00002c58       0x40 ./Sources/Ruby.o
                0x00002c58                USBDM::Ftm0Info::getInputClockFrequency()
 .text._ZN5USBDM8Ftm0Info8initPCRsEm
                0x00002c98       0x50 ./Sources/Ruby.o
                0x00002c98                USBDM::Ftm0Info::initPCRs(unsigned long)
 .text._ZN5USBDM8Ftm1Info8initPCRsEm
                0x00002ce8       0x14 ./Sources/Ruby.o
                0x00002ce8                USBDM::Ftm1Info::initPCRs(unsigned long)
 .text._ZN5USBDM8Ftm1Info8InfoQUAD8initPCRsEm
                0x00002cfc       0x2c ./Sources/Ruby.o
                0x00002cfc                USBDM::Ftm1Info::InfoQUAD::initPCRs(unsigned long)
 .text._ZN5USBDM8Ftm2Info8initPCRsEm
                0x00002d28       0x14 ./Sources/Ruby.o
                0x00002d28                USBDM::Ftm2Info::initPCRs(unsigned long)
 .text._ZN5USBDM8Ftm2Info8InfoQUAD8initPCRsEm
                0x00002d3c       0x2c ./Sources/Ruby.o
                0x00002d3c                USBDM::Ftm2Info::InfoQUAD::initPCRs(unsigned long)
 .text._ZN5USBDM7FtmBase17unhandledCallbackEv
                0x00002d68        0xc ./Sources/Ruby.o
                0x00002d68                USBDM::FtmBase::unhandledCallback()
 .text._ZN5USBDM11FormattedIO5writeElNS_5RadixE
                0x00002d74       0x58 ./Sources/Ruby.o
                0x00002d74                USBDM::FormattedIO::write(long, USBDM::Radix)
 .text._ZN5USBDM11FormattedIO7writelnElNS_5RadixE
                0x00002dcc       0x2c ./Sources/Ruby.o
                0x00002dcc                USBDM::FormattedIO::writeln(long, USBDM::Radix)
 .text._ZN5USBDM11FormattedIO5writeEiNS_5RadixE
                0x00002df8       0x24 ./Sources/Ruby.o
                0x00002df8                USBDM::FormattedIO::write(int, USBDM::Radix)
 .text._ZN5USBDM11FormattedIO7writelnEiNS_5RadixE
                0x00002e1c       0x24 ./Sources/Ruby.o
                0x00002e1c                USBDM::FormattedIO::writeln(int, USBDM::Radix)
 .text._ZN17MotorSupplySensor12motorVoltageEv
                0x00002e40       0x28 ./Sources/Ruby.o
                0x00002e40                MotorSupplySensor::motorVoltage()
 .text._ZN17MotorSupplySensor4isOKEv
                0x00002e68       0x24 ./Sources/Ruby.o
                0x00002e68                MotorSupplySensor::isOK()
 .text._ZN17MotorSupplySensor10initialiseEv
                0x00002e8c       0x90 ./Sources/Ruby.o
                0x00002e8c                MotorSupplySensor::initialise()
 .text._Z8stopHerev
                0x00002f1c       0x18 ./Sources/Ruby.o
                0x00002f1c                stopHere()
 .text._Z8shutDownv
                0x00002f34       0x84 ./Sources/Ruby.o
                0x00002f34                shutDown()
 .text._Z10controllerv
                0x00002fb8       0x24 ./Sources/Ruby.o
                0x00002fb8                controller()
 *fill*         0x00002fdc        0x4 
 .text._Z14initialisePidsv
                0x00002fe0       0x80 ./Sources/Ruby.o
                0x00002fe0                initialisePids()
 .text._ZL9calibratev
                0x00003060       0xa8 ./Sources/Ruby.o
 .text._Z16checkMotorSupplyv
                0x00003108       0xbc ./Sources/Ruby.o
                0x00003108                checkMotorSupply()
 .text._Z10initialisev
                0x000031c4       0x60 ./Sources/Ruby.o
                0x000031c4                initialise()
 .text._Z13ControlUpdatei
                0x00003224      0x220 ./Sources/Ruby.o
                0x00003224                ControlUpdate(int)
 *fill*         0x00003444        0x4 
 .text.main     0x00003448      0x220 ./Sources/Ruby.o
                0x00003448                main
 .text._ZN5USBDM9AdcBase_TINS_8Adc1InfoEE9calibrateEv
                0x00003668      0x114 ./Sources/Ruby.o
                0x00003668                USBDM::AdcBase_T<USBDM::Adc1Info>::calibrate()
 .text._ZNSt6vectorIiSaIiEEC2Ev
                0x0000377c       0x1c ./Sources/Ruby.o
                0x0000377c                std::vector<int, std::allocator<int> >::vector()
                0x0000377c                std::vector<int, std::allocator<int> >::vector()
 .text._ZNSt6vectorIcSaIcEEC2Ev
                0x00003798       0x1c ./Sources/Ruby.o
                0x00003798                std::vector<char, std::allocator<char> >::vector()
                0x00003798                std::vector<char, std::allocator<char> >::vector()
 .text._ZN5MotorIN5USBDM8Ftm0InfoELh2ELh3ELi3ENS0_8Ftm1InfoENS0_5GpioAILi5ELNS0_8PolarityE1EEEE8setSpeedEf
                0x000037b4       0xb8 ./Sources/Ruby.o
                0x000037b4                Motor<USBDM::Ftm0Info, (unsigned char)2, (unsigned char)3, 3, USBDM::Ftm1Info, USBDM::GpioA<5, (USBDM::Polarity)1> >::setSpeed(float)
 .text._ZN5MotorIN5USBDM8Ftm0InfoELh4ELh5ELi0ENS0_8Ftm2InfoENS0_5GpioBILi3ELNS0_8PolarityE1EEEE8setSpeedEf
                0x0000386c       0xb8 ./Sources/Ruby.o
                0x0000386c                Motor<USBDM::Ftm0Info, (unsigned char)4, (unsigned char)5, 0, USBDM::Ftm2Info, USBDM::GpioB<3, (USBDM::Polarity)1> >::setSpeed(float)
 .text._ZN5MotorIN5USBDM8Ftm0InfoELh2ELh3ELi3ENS0_8Ftm1InfoENS0_5GpioAILi5ELNS0_8PolarityE1EEEE11getPositionEv
                0x00003924       0x10 ./Sources/Ruby.o
                0x00003924                Motor<USBDM::Ftm0Info, (unsigned char)2, (unsigned char)3, 3, USBDM::Ftm1Info, USBDM::GpioA<5, (USBDM::Polarity)1> >::getPosition()
 .text._ZN5MotorIN5USBDM8Ftm0InfoELh4ELh5ELi0ENS0_8Ftm2InfoENS0_5GpioBILi3ELNS0_8PolarityE1EEEE11getPositionEv
                0x00003934       0x10 ./Sources/Ruby.o
                0x00003934                Motor<USBDM::Ftm0Info, (unsigned char)4, (unsigned char)5, 0, USBDM::Ftm2Info, USBDM::GpioB<3, (USBDM::Polarity)1> >::getPosition()
 .text._ZN7GripperIN5USBDM8Ftm0InfoELi7ENS0_5GpioEILi0ELNS0_8PolarityE1EEENS2_ILi1ELS3_1EEEE4openEv
                0x00003944       0x20 ./Sources/Ruby.o
                0x00003944                Gripper<USBDM::Ftm0Info, 7, USBDM::GpioE<0, (USBDM::Polarity)1>, USBDM::GpioE<1, (USBDM::Polarity)1> >::open()
 .text._ZN7GripperIN5USBDM8Ftm0InfoELi1ENS0_5GpioCILi0ELNS0_8PolarityE1EEENS2_ILi1ELS3_1EEEE4openEv
                0x00003964       0x20 ./Sources/Ruby.o
                0x00003964                Gripper<USBDM::Ftm0Info, 1, USBDM::GpioC<0, (USBDM::Polarity)1>, USBDM::GpioC<1, (USBDM::Polarity)1> >::open()
 .text._ZN5MotorIN5USBDM8Ftm0InfoELh2ELh3ELi3ENS0_8Ftm1InfoENS0_5GpioAILi5ELNS0_8PolarityE1EEEE18getPositionAsFloatEv
                0x00003984       0x18 ./Sources/Ruby.o
                0x00003984                Motor<USBDM::Ftm0Info, (unsigned char)2, (unsigned char)3, 3, USBDM::Ftm1Info, USBDM::GpioA<5, (USBDM::Polarity)1> >::getPositionAsFloat()
 .text._ZN3PIDC2Ev
                0x0000399c       0x18 ./Sources/Ruby.o
                0x0000399c                PID::PID()
                0x0000399c                PID::PID()
 .text._ZN5PID_TIXadL_ZN5MotorIN5USBDM8Ftm0InfoELh2ELh3ELi3ENS1_8Ftm1InfoENS1_5GpioAILi5ELNS1_8PolarityE1EEEE18getPositionAsFloatEvEEXadL_ZNS7_8setSpeedEfEEEC2Eddddddb
                0x000039b4       0xb0 ./Sources/Ruby.o
                0x000039b4                PID_T<&Motor<USBDM::Ftm0Info, (unsigned char)2, (unsigned char)3, 3, USBDM::Ftm1Info, USBDM::GpioA<5, (USBDM::Polarity)1> >::getPositionAsFloat, &Motor<USBDM::Ftm0Info, (unsigned char)2, (unsigned char)3, 3, USBDM::Ftm1Info, USBDM::GpioA<5, (USBDM::Polarity)1> >::setSpeed>::PID_T(double, double, double, double, double, double, bool)
                0x000039b4                PID_T<&Motor<USBDM::Ftm0Info, (unsigned char)2, (unsigned char)3, 3, USBDM::Ftm1Info, USBDM::GpioA<5, (USBDM::Polarity)1> >::getPositionAsFloat, &Motor<USBDM::Ftm0Info, (unsigned char)2, (unsigned char)3, 3, USBDM::Ftm1Info, USBDM::GpioA<5, (USBDM::Polarity)1> >::setSpeed>::PID_T(double, double, double, double, double, double, bool)
 .text._ZN5MotorIN5USBDM8Ftm0InfoELh4ELh5ELi0ENS0_8Ftm2InfoENS0_5GpioBILi3ELNS0_8PolarityE1EEEE18getPositionAsFloatEv
                0x00003a64       0x18 ./Sources/Ruby.o
                0x00003a64                Motor<USBDM::Ftm0Info, (unsigned char)4, (unsigned char)5, 0, USBDM::Ftm2Info, USBDM::GpioB<3, (USBDM::Polarity)1> >::getPositionAsFloat()
 .text._ZN5PID_TIXadL_ZN5MotorIN5USBDM8Ftm0InfoELh4ELh5ELi0ENS1_8Ftm2InfoENS1_5GpioBILi3ELNS1_8PolarityE1EEEE18getPositionAsFloatEvEEXadL_ZNS7_8setSpeedEfEEEC2Eddddddb
                0x00003a7c       0xb0 ./Sources/Ruby.o
                0x00003a7c                PID_T<&Motor<USBDM::Ftm0Info, (unsigned char)4, (unsigned char)5, 0, USBDM::Ftm2Info, USBDM::GpioB<3, (USBDM::Polarity)1> >::getPositionAsFloat, &Motor<USBDM::Ftm0Info, (unsigned char)4, (unsigned char)5, 0, USBDM::Ftm2Info, USBDM::GpioB<3, (USBDM::Polarity)1> >::setSpeed>::PID_T(double, double, double, double, double, double, bool)
                0x00003a7c                PID_T<&Motor<USBDM::Ftm0Info, (unsigned char)4, (unsigned char)5, 0, USBDM::Ftm2Info, USBDM::GpioB<3, (USBDM::Polarity)1> >::getPositionAsFloat, &Motor<USBDM::Ftm0Info, (unsigned char)4, (unsigned char)5, 0, USBDM::Ftm2Info, USBDM::GpioB<3, (USBDM::Polarity)1> >::setSpeed>::PID_T(double, double, double, double, double, double, bool)
 .text._ZN5USBDM10GpioBase_TILm2048ELm1074049024EL9IRQn_Type61ELm1074786432ELi9ELNS_8PolarityE1EE3setEv
                0x00003b2c       0x18 ./Sources/Ruby.o
                0x00003b2c                USBDM::GpioBase_T<2048ul, 1074049024ul, (IRQn_Type)61, 1074786432ul, 9, (USBDM::Polarity)1>::set()
 .text._ZN5PID_TIXadL_ZN5MotorIN5USBDM8Ftm0InfoELh4ELh5ELi0ENS1_8Ftm2InfoENS1_5GpioBILi3ELNS1_8PolarityE1EEEE18getPositionAsFloatEvEEXadL_ZNS7_8setSpeedEfEEE6updateEv
                0x00003b44      0x1fc ./Sources/Ruby.o
                0x00003b44                PID_T<&Motor<USBDM::Ftm0Info, (unsigned char)4, (unsigned char)5, 0, USBDM::Ftm2Info, USBDM::GpioB<3, (USBDM::Polarity)1> >::getPositionAsFloat, &Motor<USBDM::Ftm0Info, (unsigned char)4, (unsigned char)5, 0, USBDM::Ftm2Info, USBDM::GpioB<3, (USBDM::Polarity)1> >::setSpeed>::update()
 .text._ZN5PID_TIXadL_ZN5MotorIN5USBDM8Ftm0InfoELh2ELh3ELi3ENS1_8Ftm1InfoENS1_5GpioAILi5ELNS1_8PolarityE1EEEE18getPositionAsFloatEvEEXadL_ZNS7_8setSpeedEfEEE6updateEv
                0x00003d40      0x1fc ./Sources/Ruby.o
                0x00003d40                PID_T<&Motor<USBDM::Ftm0Info, (unsigned char)2, (unsigned char)3, 3, USBDM::Ftm1Info, USBDM::GpioA<5, (USBDM::Polarity)1> >::getPositionAsFloat, &Motor<USBDM::Ftm0Info, (unsigned char)2, (unsigned char)3, 3, USBDM::Ftm1Info, USBDM::GpioA<5, (USBDM::Polarity)1> >::setSpeed>::update()
 .text._ZN5USBDM10GpioBase_TILm2048ELm1074049024EL9IRQn_Type61ELm1074786432ELi9ELNS_8PolarityE1EE5clearEv
                0x00003f3c       0x18 ./Sources/Ruby.o
                0x00003f3c                USBDM::GpioBase_T<2048ul, 1074049024ul, (IRQn_Type)61, 1074786432ul, 9, (USBDM::Polarity)1>::clear()
 .text._ZN5USBDM9PitBase_TINS_7PitInfoEE9configureENS_12PitDebugModeE
                0x00003f54       0x20 ./Sources/Ruby.o
                0x00003f54                USBDM::PitBase_T<USBDM::PitInfo>::configure(USBDM::PitDebugMode)
 .text._ZN5USBDM12PitChannel_TINS_7PitInfoELi0EE11setCallbackEPFvvE
                0x00003f74       0x34 ./Sources/Ruby.o
                0x00003f74                USBDM::PitChannel_T<USBDM::PitInfo, 0>::setCallback(void (*)())
 .text._ZN5PID_TIXadL_ZN5MotorIN5USBDM8Ftm0InfoELh2ELh3ELi3ENS1_8Ftm1InfoENS1_5GpioAILi5ELNS1_8PolarityE1EEEE18getPositionAsFloatEvEEXadL_ZNS7_8setSpeedEfEEE11setSetpointEd
                0x00003fa8       0x58 ./Sources/Ruby.o
                0x00003fa8                PID_T<&Motor<USBDM::Ftm0Info, (unsigned char)2, (unsigned char)3, 3, USBDM::Ftm1Info, USBDM::GpioA<5, (USBDM::Polarity)1> >::getPositionAsFloat, &Motor<USBDM::Ftm0Info, (unsigned char)2, (unsigned char)3, 3, USBDM::Ftm1Info, USBDM::GpioA<5, (USBDM::Polarity)1> >::setSpeed>::setSetpoint(double)
 .text._ZN5PID_TIXadL_ZN5MotorIN5USBDM8Ftm0InfoELh2ELh3ELi3ENS1_8Ftm1InfoENS1_5GpioAILi5ELNS1_8PolarityE1EEEE18getPositionAsFloatEvEEXadL_ZNS7_8setSpeedEfEEE6enableEb
                0x00004000       0x54 ./Sources/Ruby.o
                0x00004000                PID_T<&Motor<USBDM::Ftm0Info, (unsigned char)2, (unsigned char)3, 3, USBDM::Ftm1Info, USBDM::GpioA<5, (USBDM::Polarity)1> >::getPositionAsFloat, &Motor<USBDM::Ftm0Info, (unsigned char)2, (unsigned char)3, 3, USBDM::Ftm1Info, USBDM::GpioA<5, (USBDM::Polarity)1> >::setSpeed>::enable(bool)
 .text._ZN5PID_TIXadL_ZN5MotorIN5USBDM8Ftm0InfoELh4ELh5ELi0ENS1_8Ftm2InfoENS1_5GpioBILi3ELNS1_8PolarityE1EEEE18getPositionAsFloatEvEEXadL_ZNS7_8setSpeedEfEEE11setSetpointEd
                0x00004054       0x58 ./Sources/Ruby.o
                0x00004054                PID_T<&Motor<USBDM::Ftm0Info, (unsigned char)4, (unsigned char)5, 0, USBDM::Ftm2Info, USBDM::GpioB<3, (USBDM::Polarity)1> >::getPositionAsFloat, &Motor<USBDM::Ftm0Info, (unsigned char)4, (unsigned char)5, 0, USBDM::Ftm2Info, USBDM::GpioB<3, (USBDM::Polarity)1> >::setSpeed>::setSetpoint(double)
 .text._ZN5PID_TIXadL_ZN5MotorIN5USBDM8Ftm0InfoELh4ELh5ELi0ENS1_8Ftm2InfoENS1_5GpioBILi3ELNS1_8PolarityE1EEEE18getPositionAsFloatEvEEXadL_ZNS7_8setSpeedEfEEE6enableEb
                0x000040ac       0x54 ./Sources/Ruby.o
                0x000040ac                PID_T<&Motor<USBDM::Ftm0Info, (unsigned char)4, (unsigned char)5, 0, USBDM::Ftm2Info, USBDM::GpioB<3, (USBDM::Polarity)1> >::getPositionAsFloat, &Motor<USBDM::Ftm0Info, (unsigned char)4, (unsigned char)5, 0, USBDM::Ftm2Info, USBDM::GpioB<3, (USBDM::Polarity)1> >::setSpeed>::enable(bool)
 .text._ZN5PID_TIXadL_ZN5MotorIN5USBDM8Ftm0InfoELh4ELh5ELi0ENS1_8Ftm2InfoENS1_5GpioBILi3ELNS1_8PolarityE1EEEE18getPositionAsFloatEvEEXadL_ZNS7_8setSpeedEfEEE11getSetpointEv
                0x00004100       0x24 ./Sources/Ruby.o
                0x00004100                PID_T<&Motor<USBDM::Ftm0Info, (unsigned char)4, (unsigned char)5, 0, USBDM::Ftm2Info, USBDM::GpioB<3, (USBDM::Polarity)1> >::getPositionAsFloat, &Motor<USBDM::Ftm0Info, (unsigned char)4, (unsigned char)5, 0, USBDM::Ftm2Info, USBDM::GpioB<3, (USBDM::Polarity)1> >::setSpeed>::getSetpoint()
 .text._ZN7GripperIN5USBDM8Ftm0InfoELi7ENS0_5GpioEILi0ELNS0_8PolarityE1EEENS2_ILi1ELS3_1EEEE9calibrateEv
                0x00004124       0x38 ./Sources/Ruby.o
                0x00004124                Gripper<USBDM::Ftm0Info, 7, USBDM::GpioE<0, (USBDM::Polarity)1>, USBDM::GpioE<1, (USBDM::Polarity)1> >::calibrate()
 .text._ZN7GripperIN5USBDM8Ftm0InfoELi1ENS0_5GpioCILi0ELNS0_8PolarityE1EEENS2_ILi1ELS3_1EEEE9calibrateEv
                0x0000415c       0x38 ./Sources/Ruby.o
                0x0000415c                Gripper<USBDM::Ftm0Info, 1, USBDM::GpioC<0, (USBDM::Polarity)1>, USBDM::GpioC<1, (USBDM::Polarity)1> >::calibrate()
 .text._ZN5USBDM13QuadEncoder_TINS_8Ftm1InfoEE13resetPositionEv
                0x00004194       0x18 ./Sources/Ruby.o
                0x00004194                USBDM::QuadEncoder_T<USBDM::Ftm1Info>::resetPosition()
 .text._ZN5USBDM13QuadEncoder_TINS_8Ftm2InfoEE13resetPositionEv
                0x000041ac       0x18 ./Sources/Ruby.o
                0x000041ac                USBDM::QuadEncoder_T<USBDM::Ftm2Info>::resetPosition()
 .text._ZN7GripperIN5USBDM8Ftm0InfoELi7ENS0_5GpioEILi0ELNS0_8PolarityE1EEENS2_ILi1ELS3_1EEEE10initialiseEv
                0x000041c4       0x54 ./Sources/Ruby.o
                0x000041c4                Gripper<USBDM::Ftm0Info, 7, USBDM::GpioE<0, (USBDM::Polarity)1>, USBDM::GpioE<1, (USBDM::Polarity)1> >::initialise()
 .text._ZN7GripperIN5USBDM8Ftm0InfoELi1ENS0_5GpioCILi0ELNS0_8PolarityE1EEENS2_ILi1ELS3_1EEEE10initialiseEv
                0x00004218       0x54 ./Sources/Ruby.o
                0x00004218                Gripper<USBDM::Ftm0Info, 1, USBDM::GpioC<0, (USBDM::Polarity)1>, USBDM::GpioC<1, (USBDM::Polarity)1> >::initialise()
 .text._ZN5MotorIN5USBDM8Ftm0InfoELh2ELh3ELi3ENS0_8Ftm1InfoENS0_5GpioAILi5ELNS0_8PolarityE1EEEE10initialiseEv
                0x0000426c       0x74 ./Sources/Ruby.o
                0x0000426c                Motor<USBDM::Ftm0Info, (unsigned char)2, (unsigned char)3, 3, USBDM::Ftm1Info, USBDM::GpioA<5, (USBDM::Polarity)1> >::initialise()
 .text._ZN5MotorIN5USBDM8Ftm0InfoELh4ELh5ELi0ENS0_8Ftm2InfoENS0_5GpioBILi3ELNS0_8PolarityE1EEEE10initialiseEv
                0x000042e0       0x74 ./Sources/Ruby.o
                0x000042e0                Motor<USBDM::Ftm0Info, (unsigned char)4, (unsigned char)5, 0, USBDM::Ftm2Info, USBDM::GpioB<3, (USBDM::Polarity)1> >::initialise()
 .text._ZN5USBDM5Dac_TINS_8Dac0InfoEE6enableEmmm
                0x00004354       0x58 ./Sources/Ruby.o
                0x00004354                USBDM::Dac_T<USBDM::Dac0Info>::enable(unsigned long, unsigned long, unsigned long)
 .text._ZN7GripperIN5USBDM8Ftm0InfoELi7ENS0_5GpioEILi0ELNS0_8PolarityE1EEENS2_ILi1ELS3_1EEEE5closeEv
                0x000043ac       0x18 ./Sources/Ruby.o
                0x000043ac                Gripper<USBDM::Ftm0Info, 7, USBDM::GpioE<0, (USBDM::Polarity)1>, USBDM::GpioE<1, (USBDM::Polarity)1> >::close()
 .text._ZN7GripperIN5USBDM8Ftm0InfoELi1ENS0_5GpioCILi0ELNS0_8PolarityE1EEENS2_ILi1ELS3_1EEEE5closeEv
                0x000043c4       0x18 ./Sources/Ruby.o
                0x000043c4                Gripper<USBDM::Ftm0Info, 1, USBDM::GpioC<0, (USBDM::Polarity)1>, USBDM::GpioC<1, (USBDM::Polarity)1> >::close()
 .text._ZN5USBDM10GpioBase_TILm2048ELm1074049024EL9IRQn_Type61ELm1074786432ELi9ELNS_8PolarityE1EE9setOutputEm
                0x000043dc       0x28 ./Sources/Ruby.o
                0x000043dc                USBDM::GpioBase_T<2048ul, 1074049024ul, (IRQn_Type)61, 1074786432ul, 9, (USBDM::Polarity)1>::setOutput(unsigned long)
 .text._ZN5USBDM10GpioBase_TILm2048ELm1074049024EL9IRQn_Type61ELm1074786432ELi11ELNS_8PolarityE1EE9setOutputEm
                0x00004404       0x28 ./Sources/Ruby.o
                0x00004404                USBDM::GpioBase_T<2048ul, 1074049024ul, (IRQn_Type)61, 1074786432ul, 11, (USBDM::Polarity)1>::setOutput(unsigned long)
 .text._ZN5PID_TIXadL_ZN5MotorIN5USBDM8Ftm0InfoELh2ELh3ELi3ENS1_8Ftm1InfoENS1_5GpioAILi5ELNS1_8PolarityE1EEEE18getPositionAsFloatEvEEXadL_ZNS7_8setSpeedEfEEE16getIsSteadyStateEi
                0x0000442c       0x8c ./Sources/Ruby.o
                0x0000442c                PID_T<&Motor<USBDM::Ftm0Info, (unsigned char)2, (unsigned char)3, 3, USBDM::Ftm1Info, USBDM::GpioA<5, (USBDM::Polarity)1> >::getPositionAsFloat, &Motor<USBDM::Ftm0Info, (unsigned char)2, (unsigned char)3, 3, USBDM::Ftm1Info, USBDM::GpioA<5, (USBDM::Polarity)1> >::setSpeed>::getIsSteadyState(int)
 .text._ZN5PID_TIXadL_ZN5MotorIN5USBDM8Ftm0InfoELh4ELh5ELi0ENS1_8Ftm2InfoENS1_5GpioBILi3ELNS1_8PolarityE1EEEE18getPositionAsFloatEvEEXadL_ZNS7_8setSpeedEfEEE16getIsSteadyStateEi
                0x000044b8       0x8c ./Sources/Ruby.o
                0x000044b8                PID_T<&Motor<USBDM::Ftm0Info, (unsigned char)4, (unsigned char)5, 0, USBDM::Ftm2Info, USBDM::GpioB<3, (USBDM::Polarity)1> >::getPositionAsFloat, &Motor<USBDM::Ftm0Info, (unsigned char)4, (unsigned char)5, 0, USBDM::Ftm2Info, USBDM::GpioB<3, (USBDM::Polarity)1> >::setSpeed>::getIsSteadyState(int)
 .text._ZN5PID_TIXadL_ZN5MotorIN5USBDM8Ftm0InfoELh2ELh3ELi3ENS1_8Ftm1InfoENS1_5GpioAILi5ELNS1_8PolarityE1EEEE18getPositionAsFloatEvEEXadL_ZNS7_8setSpeedEfEEE11getSetpointEv
                0x00004544       0x24 ./Sources/Ruby.o
                0x00004544                PID_T<&Motor<USBDM::Ftm0Info, (unsigned char)2, (unsigned char)3, 3, USBDM::Ftm1Info, USBDM::GpioA<5, (USBDM::Polarity)1> >::getPositionAsFloat, &Motor<USBDM::Ftm0Info, (unsigned char)2, (unsigned char)3, 3, USBDM::Ftm1Info, USBDM::GpioA<5, (USBDM::Polarity)1> >::setSpeed>::getSetpoint()
 .text._ZNSt6vectorIiSaIiEED2Ev
                0x00004568       0x38 ./Sources/Ruby.o
                0x00004568                std::vector<int, std::allocator<int> >::~vector()
                0x00004568                std::vector<int, std::allocator<int> >::~vector()
 .text._ZN5PID_TIXadL_ZN5MotorIN5USBDM8Ftm0InfoELh2ELh3ELi3ENS1_8Ftm1InfoENS1_5GpioAILi5ELNS1_8PolarityE1EEEE18getPositionAsFloatEvEEXadL_ZNS7_8setSpeedEfEEE10setTuningsEddd
                0x000045a0       0xa0 ./Sources/Ruby.o
                0x000045a0                PID_T<&Motor<USBDM::Ftm0Info, (unsigned char)2, (unsigned char)3, 3, USBDM::Ftm1Info, USBDM::GpioA<5, (USBDM::Polarity)1> >::getPositionAsFloat, &Motor<USBDM::Ftm0Info, (unsigned char)2, (unsigned char)3, 3, USBDM::Ftm1Info, USBDM::GpioA<5, (USBDM::Polarity)1> >::setSpeed>::setTunings(double, double, double)
 .text._ZN5PID_TIXadL_ZN5MotorIN5USBDM8Ftm0InfoELh4ELh5ELi0ENS1_8Ftm2InfoENS1_5GpioBILi3ELNS1_8PolarityE1EEEE18getPositionAsFloatEvEEXadL_ZNS7_8setSpeedEfEEE10setTuningsEddd
                0x00004640       0xa0 ./Sources/Ruby.o
                0x00004640                PID_T<&Motor<USBDM::Ftm0Info, (unsigned char)4, (unsigned char)5, 0, USBDM::Ftm2Info, USBDM::GpioB<3, (USBDM::Polarity)1> >::getPositionAsFloat, &Motor<USBDM::Ftm0Info, (unsigned char)4, (unsigned char)5, 0, USBDM::Ftm2Info, USBDM::GpioB<3, (USBDM::Polarity)1> >::setSpeed>::setTunings(double, double, double)
 .text._ZN5USBDM9AdcBase_TINS_8Adc1InfoEE12readAnalogueEi
                0x000046e0       0x44 ./Sources/Ruby.o
                0x000046e0                USBDM::AdcBase_T<USBDM::Adc1Info>::readAnalogue(int)
 .text._ZN5USBDM9AdcBase_TINS_8Adc1InfoEE6enableEv
                0x00004724       0x30 ./Sources/Ruby.o
                0x00004724                USBDM::AdcBase_T<USBDM::Adc1Info>::enable()
 .text._ZNSt12_Vector_baseIiSaIiEE12_Vector_implD2Ev
                0x00004754       0x18 ./Sources/Ruby.o
                0x00004754                std::_Vector_base<int, std::allocator<int> >::_Vector_impl::~_Vector_impl()
                0x00004754                std::_Vector_base<int, std::allocator<int> >::_Vector_impl::~_Vector_impl()
 .text._ZNSt12_Vector_baseIiSaIiEEC2Ev
                0x0000476c       0x1c ./Sources/Ruby.o
                0x0000476c                std::_Vector_base<int, std::allocator<int> >::_Vector_base()
                0x0000476c                std::_Vector_base<int, std::allocator<int> >::_Vector_base()
 .text._ZNSt12_Vector_baseIiSaIiEED2Ev
                0x00004788       0x38 ./Sources/Ruby.o
                0x00004788                std::_Vector_base<int, std::allocator<int> >::~_Vector_base()
                0x00004788                std::_Vector_base<int, std::allocator<int> >::~_Vector_base()
 .text._ZNSt12_Vector_baseIcSaIcEE12_Vector_implD2Ev
                0x000047c0       0x18 ./Sources/Ruby.o
                0x000047c0                std::_Vector_base<char, std::allocator<char> >::_Vector_impl::~_Vector_impl()
                0x000047c0                std::_Vector_base<char, std::allocator<char> >::_Vector_impl::~_Vector_impl()
 .text._ZNSt12_Vector_baseIcSaIcEEC2Ev
                0x000047d8       0x1c ./Sources/Ruby.o
                0x000047d8                std::_Vector_base<char, std::allocator<char> >::_Vector_base()
                0x000047d8                std::_Vector_base<char, std::allocator<char> >::_Vector_base()
 .text._ZNSt12_Vector_baseIcSaIcEED2Ev
                0x000047f4       0x34 ./Sources/Ruby.o
                0x000047f4                std::_Vector_base<char, std::allocator<char> >::~_Vector_base()
                0x000047f4                std::_Vector_base<char, std::allocator<char> >::~_Vector_base()
 .text._ZN5USBDM12FtmChannel_TINS_8Ftm0InfoELi2EE12setDutyCycleEf
                0x00004828       0x1c ./Sources/Ruby.o
                0x00004828                USBDM::FtmChannel_T<USBDM::Ftm0Info, 2>::setDutyCycle(float)
 .text._ZN5USBDM12FtmChannel_TINS_8Ftm0InfoELi3EE12setDutyCycleEf
                0x00004844       0x1c ./Sources/Ruby.o
                0x00004844                USBDM::FtmChannel_T<USBDM::Ftm0Info, 3>::setDutyCycle(float)
 .text._ZN5USBDM12FtmChannel_TINS_8Ftm0InfoELi4EE12setDutyCycleEf
                0x00004860       0x1c ./Sources/Ruby.o
                0x00004860                USBDM::FtmChannel_T<USBDM::Ftm0Info, 4>::setDutyCycle(float)
 .text._ZN5USBDM12FtmChannel_TINS_8Ftm0InfoELi5EE12setDutyCycleEf
                0x0000487c       0x1c ./Sources/Ruby.o
                0x0000487c                USBDM::FtmChannel_T<USBDM::Ftm0Info, 5>::setDutyCycle(float)
 .text._ZN5USBDM13QuadEncoder_TINS_8Ftm1InfoEE11getPositionEv
                0x00004898       0x1c ./Sources/Ruby.o
                0x00004898                USBDM::QuadEncoder_T<USBDM::Ftm1Info>::getPosition()
 .text._ZN5USBDM13QuadEncoder_TINS_8Ftm2InfoEE11getPositionEv
                0x000048b4       0x1c ./Sources/Ruby.o
                0x000048b4                USBDM::QuadEncoder_T<USBDM::Ftm2Info>::getPosition()
 .text._ZN5USBDM12FtmChannel_TINS_8Ftm0InfoELi7EE9configureENS_9FtmChModeENS_16FtmChannelActionE
                0x000048d0       0x48 ./Sources/Ruby.o
                0x000048d0                USBDM::FtmChannel_T<USBDM::Ftm0Info, 7>::configure(USBDM::FtmChMode, USBDM::FtmChannelAction)
 .text._ZN5USBDM12FtmChannel_TINS_8Ftm0InfoELi7EE12setDutyCycleEi
                0x00004918       0x18 ./Sources/Ruby.o
                0x00004918                USBDM::FtmChannel_T<USBDM::Ftm0Info, 7>::setDutyCycle(int)
 .text._ZN5USBDM12FtmChannel_TINS_8Ftm0InfoELi1EE9configureENS_9FtmChModeENS_16FtmChannelActionE
                0x00004930       0x48 ./Sources/Ruby.o
                0x00004930                USBDM::FtmChannel_T<USBDM::Ftm0Info, 1>::configure(USBDM::FtmChMode, USBDM::FtmChannelAction)
 .text._ZN5USBDM12FtmChannel_TINS_8Ftm0InfoELi1EE12setDutyCycleEi
                0x00004978       0x18 ./Sources/Ruby.o
                0x00004978                USBDM::FtmChannel_T<USBDM::Ftm0Info, 1>::setDutyCycle(int)
 .text._ZN5USBDM9PitBase_TINS_7PitInfoEE6enableEv
                0x00004990       0x24 ./Sources/Ruby.o
                0x00004990                USBDM::PitBase_T<USBDM::PitInfo>::enable()
 .text._ZN5USBDM9PitBase_TINS_7PitInfoEE17unhandledCallbackEv
                0x000049b4        0xc ./Sources/Ruby.o
                0x000049b4                USBDM::PitBase_T<USBDM::PitInfo>::unhandledCallback()
 .text._ZN5USBDM9PitBase_TINS_7PitInfoEE16configureChannelEhfNS_13PitChannelIrqE
                0x000049c0       0x94 ./Sources/Ruby.o
                0x000049c0                USBDM::PitBase_T<USBDM::PitInfo>::configureChannel(unsigned char, float, USBDM::PitChannelIrq)
 .text._ZN5USBDM9PitBase_TINS_7PitInfoEE20enableNvicInterruptsEjbm
                0x00004a54       0x5c ./Sources/Ruby.o
                0x00004a54                USBDM::PitBase_T<USBDM::PitInfo>::enableNvicInterrupts(unsigned int, bool, unsigned long)
 .text._ZN5USBDM12FtmChannel_TINS_8Ftm0InfoELi7EE6setPCREm
                0x00004ab0       0x24 ./Sources/Ruby.o
                0x00004ab0                USBDM::FtmChannel_T<USBDM::Ftm0Info, 7>::setPCR(unsigned long)
 .text._ZN5USBDM9FtmBase_TINS_8Ftm0InfoEE9isEnabledEv
                0x00004ad4       0x34 ./Sources/Ruby.o
                0x00004ad4                USBDM::FtmBase_T<USBDM::Ftm0Info>::isEnabled()
 .text._ZN5USBDM9FtmBase_TINS_8Ftm0InfoEE9configureENS_7FtmModeENS_14FtmClockSourceENS_11FtmPrescaleE
                0x00004b08       0x34 ./Sources/Ruby.o
                0x00004b08                USBDM::FtmBase_T<USBDM::Ftm0Info>::configure(USBDM::FtmMode, USBDM::FtmClockSource, USBDM::FtmPrescale)
 .text._ZN5USBDM9FtmBase_TINS_8Ftm0InfoEE9setPeriodEf
                0x00004b3c       0xec ./Sources/Ruby.o
                0x00004b3c                USBDM::FtmBase_T<USBDM::Ftm0Info>::setPeriod(float)
 .text._ZN5USBDM10GpioBase_TILm8192ELm1074057216EL9IRQn_Type63ELm1074786560ELi0ELNS_8PolarityE1EE8setInputEm
                0x00004c28       0x24 ./Sources/Ruby.o
                0x00004c28                USBDM::GpioBase_T<8192ul, 1074057216ul, (IRQn_Type)63, 1074786560ul, 0, (USBDM::Polarity)1>::setInput(unsigned long)
 .text._ZN5USBDM10GpioBase_TILm8192ELm1074057216EL9IRQn_Type63ELm1074786560ELi1ELNS_8PolarityE1EE8setInputEm
                0x00004c4c       0x24 ./Sources/Ruby.o
                0x00004c4c                USBDM::GpioBase_T<8192ul, 1074057216ul, (IRQn_Type)63, 1074786560ul, 1, (USBDM::Polarity)1>::setInput(unsigned long)
 .text._ZN5USBDM12FtmChannel_TINS_8Ftm0InfoELi1EE6setPCREm
                0x00004c70       0x24 ./Sources/Ruby.o
                0x00004c70                USBDM::FtmChannel_T<USBDM::Ftm0Info, 1>::setPCR(unsigned long)
 .text._ZN5USBDM10GpioBase_TILm2048ELm1074049024EL9IRQn_Type61ELm1074786432ELi0ELNS_8PolarityE1EE8setInputEm
                0x00004c94       0x24 ./Sources/Ruby.o
                0x00004c94                USBDM::GpioBase_T<2048ul, 1074049024ul, (IRQn_Type)61, 1074786432ul, 0, (USBDM::Polarity)1>::setInput(unsigned long)
 .text._ZN5USBDM10GpioBase_TILm2048ELm1074049024EL9IRQn_Type61ELm1074786432ELi1ELNS_8PolarityE1EE8setInputEm
                0x00004cb8       0x24 ./Sources/Ruby.o
                0x00004cb8                USBDM::GpioBase_T<2048ul, 1074049024ul, (IRQn_Type)61, 1074786432ul, 1, (USBDM::Polarity)1>::setInput(unsigned long)
 .text._ZN5USBDM12FtmChannel_TINS_8Ftm0InfoELi2EE9configureENS_9FtmChModeENS_16FtmChannelActionE
                0x00004cdc       0x48 ./Sources/Ruby.o
                0x00004cdc                USBDM::FtmChannel_T<USBDM::Ftm0Info, 2>::configure(USBDM::FtmChMode, USBDM::FtmChannelAction)
 .text._ZN5USBDM12FtmChannel_TINS_8Ftm0InfoELi3EE9configureENS_9FtmChModeENS_16FtmChannelActionE
                0x00004d24       0x48 ./Sources/Ruby.o
                0x00004d24                USBDM::FtmChannel_T<USBDM::Ftm0Info, 3>::configure(USBDM::FtmChMode, USBDM::FtmChannelAction)
 .text._ZN5USBDM10GpioBase_TILm512ELm1074040832EL9IRQn_Type59ELm1074786304ELi5ELNS_8PolarityE1EE8setInputEm
                0x00004d6c       0x24 ./Sources/Ruby.o
                0x00004d6c                USBDM::GpioBase_T<512ul, 1074040832ul, (IRQn_Type)59, 1074786304ul, 5, (USBDM::Polarity)1>::setInput(unsigned long)
 .text._ZN5USBDM13QuadEncoder_TINS_8Ftm1InfoEE9configureENS_11FtmPrescaleE
                0x00004d90       0x4c ./Sources/Ruby.o
                0x00004d90                USBDM::QuadEncoder_T<USBDM::Ftm1Info>::configure(USBDM::FtmPrescale)
 .text._ZN5USBDM13QuadEncoder_TINS_8Ftm1InfoEE12enableFilterEi
                0x00004ddc       0x58 ./Sources/Ruby.o
                0x00004ddc                USBDM::QuadEncoder_T<USBDM::Ftm1Info>::enableFilter(int)
 .text._ZN5USBDM9FtmBase_TINS_8Ftm1InfoEE24setTimerOverflowCallbackEPFvvE
                0x00004e34       0x30 ./Sources/Ruby.o
                0x00004e34                USBDM::FtmBase_T<USBDM::Ftm1Info>::setTimerOverflowCallback(void (*)())
 .text._ZN5MotorIN5USBDM8Ftm0InfoELh2ELh3ELi3ENS0_8Ftm1InfoENS0_5GpioAILi5ELNS0_8PolarityE1EEEE10toiHandlerEv
                0x00004e64       0x1c ./Sources/Ruby.o
                0x00004e64                Motor<USBDM::Ftm0Info, (unsigned char)2, (unsigned char)3, 3, USBDM::Ftm1Info, USBDM::GpioA<5, (USBDM::Polarity)1> >::toiHandler()
 .text._ZN5USBDM9FtmBase_TINS_8Ftm1InfoEE29enableTimerOverflowInterruptsEb
                0x00004e80       0x38 ./Sources/Ruby.o
                0x00004e80                USBDM::FtmBase_T<USBDM::Ftm1Info>::enableTimerOverflowInterrupts(bool)
 .text._ZN5USBDM12FtmChannel_TINS_8Ftm0InfoELi4EE9configureENS_9FtmChModeENS_16FtmChannelActionE
                0x00004eb8       0x48 ./Sources/Ruby.o
                0x00004eb8                USBDM::FtmChannel_T<USBDM::Ftm0Info, 4>::configure(USBDM::FtmChMode, USBDM::FtmChannelAction)
 .text._ZN5USBDM12FtmChannel_TINS_8Ftm0InfoELi5EE9configureENS_9FtmChModeENS_16FtmChannelActionE
                0x00004f00       0x48 ./Sources/Ruby.o
                0x00004f00                USBDM::FtmChannel_T<USBDM::Ftm0Info, 5>::configure(USBDM::FtmChMode, USBDM::FtmChannelAction)
 .text._ZN5USBDM10GpioBase_TILm1024ELm1074044928EL9IRQn_Type60ELm1074786368ELi3ELNS_8PolarityE1EE8setInputEm
                0x00004f48       0x24 ./Sources/Ruby.o
                0x00004f48                USBDM::GpioBase_T<1024ul, 1074044928ul, (IRQn_Type)60, 1074786368ul, 3, (USBDM::Polarity)1>::setInput(unsigned long)
 .text._ZN5USBDM13QuadEncoder_TINS_8Ftm2InfoEE9configureENS_11FtmPrescaleE
                0x00004f6c       0x4c ./Sources/Ruby.o
                0x00004f6c                USBDM::QuadEncoder_T<USBDM::Ftm2Info>::configure(USBDM::FtmPrescale)
 .text._ZN5USBDM13QuadEncoder_TINS_8Ftm2InfoEE12enableFilterEi
                0x00004fb8       0x58 ./Sources/Ruby.o
                0x00004fb8                USBDM::QuadEncoder_T<USBDM::Ftm2Info>::enableFilter(int)
 .text._ZN5USBDM9FtmBase_TINS_8Ftm2InfoEE24setTimerOverflowCallbackEPFvvE
                0x00005010       0x30 ./Sources/Ruby.o
                0x00005010                USBDM::FtmBase_T<USBDM::Ftm2Info>::setTimerOverflowCallback(void (*)())
 .text._ZN5MotorIN5USBDM8Ftm0InfoELh4ELh5ELi0ENS0_8Ftm2InfoENS0_5GpioBILi3ELNS0_8PolarityE1EEEE10toiHandlerEv
                0x00005040       0x1c ./Sources/Ruby.o
                0x00005040                Motor<USBDM::Ftm0Info, (unsigned char)4, (unsigned char)5, 0, USBDM::Ftm2Info, USBDM::GpioB<3, (USBDM::Polarity)1> >::toiHandler()
 .text._ZN5USBDM9FtmBase_TINS_8Ftm2InfoEE29enableTimerOverflowInterruptsEb
                0x0000505c       0x38 ./Sources/Ruby.o
                0x0000505c                USBDM::FtmBase_T<USBDM::Ftm2Info>::enableTimerOverflowInterrupts(bool)
 .text._ZN5USBDM10GpioBase_TILm2048ELm1074049024EL9IRQn_Type61ELm1074786432ELi9ELNS_8PolarityE1EE11setInactiveEv
                0x00005094        0xc ./Sources/Ruby.o
                0x00005094                USBDM::GpioBase_T<2048ul, 1074049024ul, (IRQn_Type)61, 1074786432ul, 9, (USBDM::Polarity)1>::setInactive()
 .text._ZN5USBDM10GpioBase_TILm2048ELm1074049024EL9IRQn_Type61ELm1074786432ELi9ELNS_8PolarityE1EE6setOutEv
                0x000050a0       0x20 ./Sources/Ruby.o
                0x000050a0                USBDM::GpioBase_T<2048ul, 1074049024ul, (IRQn_Type)61, 1074786432ul, 9, (USBDM::Polarity)1>::setOut()
 .text._ZN5USBDM5Pcr_TILm2048ELm1074049024EL9IRQn_Type61ELi9ELm323EE6setPCREm
                0x000050c0       0x20 ./Sources/Ruby.o
                0x000050c0                USBDM::Pcr_T<2048ul, 1074049024ul, (IRQn_Type)61, 9, 323ul>::setPCR(unsigned long)
 .text._ZN5USBDM10GpioBase_TILm2048ELm1074049024EL9IRQn_Type61ELm1074786432ELi11ELNS_8PolarityE1EE11setInactiveEv
                0x000050e0        0xc ./Sources/Ruby.o
                0x000050e0                USBDM::GpioBase_T<2048ul, 1074049024ul, (IRQn_Type)61, 1074786432ul, 11, (USBDM::Polarity)1>::setInactive()
 .text._ZN5USBDM10GpioBase_TILm2048ELm1074049024EL9IRQn_Type61ELm1074786432ELi11ELNS_8PolarityE1EE6setOutEv
                0x000050ec       0x20 ./Sources/Ruby.o
                0x000050ec                USBDM::GpioBase_T<2048ul, 1074049024ul, (IRQn_Type)61, 1074786432ul, 11, (USBDM::Polarity)1>::setOut()
 .text._ZN5USBDM5Pcr_TILm2048ELm1074049024EL9IRQn_Type61ELi11ELm323EE6setPCREm
                0x0000510c       0x20 ./Sources/Ruby.o
                0x0000510c                USBDM::Pcr_T<2048ul, 1074049024ul, (IRQn_Type)61, 11, 323ul>::setPCR(unsigned long)
 .text._ZNSt12_Vector_baseIiSaIiEE19_M_get_Tp_allocatorEv
                0x0000512c       0x18 ./Sources/Ruby.o
                0x0000512c                std::_Vector_base<int, std::allocator<int> >::_M_get_Tp_allocator()
 .text._ZSt8_DestroyIPiiEvT_S1_RSaIT0_E
                0x00005144       0x1c ./Sources/Ruby.o
                0x00005144                void std::_Destroy<int*, int>(int*, int*, std::allocator<int>&)
 .text._ZNSt12_Vector_baseIiSaIiEE12_Vector_implC2Ev
                0x00005160       0x2c ./Sources/Ruby.o
                0x00005160                std::_Vector_base<int, std::allocator<int> >::_Vector_impl::_Vector_impl()
                0x00005160                std::_Vector_base<int, std::allocator<int> >::_Vector_impl::_Vector_impl()
 .text._ZNSaIiED2Ev
                0x0000518c       0x18 ./Sources/Ruby.o
                0x0000518c                std::allocator<int>::~allocator()
                0x0000518c                std::allocator<int>::~allocator()
 .text._ZNSt12_Vector_baseIiSaIiEE13_M_deallocateEPij
                0x000051a4       0x24 ./Sources/Ruby.o
                0x000051a4                std::_Vector_base<int, std::allocator<int> >::_M_deallocate(int*, unsigned int)
 .text._ZNSt12_Vector_baseIcSaIcEE12_Vector_implC2Ev
                0x000051c8       0x2c ./Sources/Ruby.o
                0x000051c8                std::_Vector_base<char, std::allocator<char> >::_Vector_impl::_Vector_impl()
                0x000051c8                std::_Vector_base<char, std::allocator<char> >::_Vector_impl::_Vector_impl()
 .text._ZNSt12_Vector_baseIcSaIcEE13_M_deallocateEPcj
                0x000051f4       0x24 ./Sources/Ruby.o
                0x000051f4                std::_Vector_base<char, std::allocator<char> >::_M_deallocate(char*, unsigned int)
 .text._ZN5USBDM9FtmBase_TINS_8Ftm0InfoEE12setDutyCycleEfi
                0x00005218       0xc8 ./Sources/Ruby.o
                0x00005218                USBDM::FtmBase_T<USBDM::Ftm0Info>::setDutyCycle(float, int)
 .text._ZN5USBDM5Pcr_TILm4096ELm1074053120EL9IRQn_Type62ELi7ELm1091EE6setPCREm
                0x000052e0       0x20 ./Sources/Ruby.o
                0x000052e0                USBDM::Pcr_T<4096ul, 1074053120ul, (IRQn_Type)62, 7, 1091ul>::setPCR(unsigned long)
 .text._ZN5USBDM9FtmBase_TINS_8Ftm0InfoEE12setDutyCycleEii
                0x00005300       0x74 ./Sources/Ruby.o
                0x00005300                USBDM::FtmBase_T<USBDM::Ftm0Info>::setDutyCycle(int, int)
 .text._ZN5USBDM5Pcr_TILm2048ELm1074049024EL9IRQn_Type61ELi2ELm1091EE6setPCREm
                0x00005374       0x20 ./Sources/Ruby.o
                0x00005374                USBDM::Pcr_T<2048ul, 1074049024ul, (IRQn_Type)61, 2, 1091ul>::setPCR(unsigned long)
 .text._ZN5USBDM9PitBase_TINS_7PitInfoEE16enableInterruptsEjb
                0x00005394       0x64 ./Sources/Ruby.o
                0x00005394                USBDM::PitBase_T<USBDM::PitInfo>::enableInterrupts(unsigned int, bool)
 .text._ZN5USBDM9FtmBase_TINS_8Ftm0InfoEE6enableEv
                0x000053f8       0x20 ./Sources/Ruby.o
                0x000053f8                USBDM::FtmBase_T<USBDM::Ftm0Info>::enable()
 .text._ZN5USBDM9FtmBase_TINS_8Ftm0InfoEE16setPeriodInTicksEm
                0x00005418       0x78 ./Sources/Ruby.o
                0x00005418                USBDM::FtmBase_T<USBDM::Ftm0Info>::setPeriodInTicks(unsigned long)
 .text._ZN5USBDM10GpioBase_TILm8192ELm1074057216EL9IRQn_Type63ELm1074786560ELi0ELNS_8PolarityE1EE5setInEv
                0x00005490       0x1c ./Sources/Ruby.o
                0x00005490                USBDM::GpioBase_T<8192ul, 1074057216ul, (IRQn_Type)63, 1074786560ul, 0, (USBDM::Polarity)1>::setIn()
 .text._ZN5USBDM5Pcr_TILm8192ELm1074057216EL9IRQn_Type63ELi0ELm323EE6setPCREm
                0x000054ac       0x20 ./Sources/Ruby.o
                0x000054ac                USBDM::Pcr_T<8192ul, 1074057216ul, (IRQn_Type)63, 0, 323ul>::setPCR(unsigned long)
 .text._ZN5USBDM10GpioBase_TILm8192ELm1074057216EL9IRQn_Type63ELm1074786560ELi1ELNS_8PolarityE1EE5setInEv
                0x000054cc       0x1c ./Sources/Ruby.o
                0x000054cc                USBDM::GpioBase_T<8192ul, 1074057216ul, (IRQn_Type)63, 1074786560ul, 1, (USBDM::Polarity)1>::setIn()
 .text._ZN5USBDM5Pcr_TILm8192ELm1074057216EL9IRQn_Type63ELi1ELm323EE6setPCREm
                0x000054e8       0x20 ./Sources/Ruby.o
                0x000054e8                USBDM::Pcr_T<8192ul, 1074057216ul, (IRQn_Type)63, 1, 323ul>::setPCR(unsigned long)
 .text._ZN5USBDM10GpioBase_TILm2048ELm1074049024EL9IRQn_Type61ELm1074786432ELi0ELNS_8PolarityE1EE5setInEv
                0x00005508       0x1c ./Sources/Ruby.o
                0x00005508                USBDM::GpioBase_T<2048ul, 1074049024ul, (IRQn_Type)61, 1074786432ul, 0, (USBDM::Polarity)1>::setIn()
 .text._ZN5USBDM5Pcr_TILm2048ELm1074049024EL9IRQn_Type61ELi0ELm323EE6setPCREm
                0x00005524       0x20 ./Sources/Ruby.o
                0x00005524                USBDM::Pcr_T<2048ul, 1074049024ul, (IRQn_Type)61, 0, 323ul>::setPCR(unsigned long)
 .text._ZN5USBDM10GpioBase_TILm2048ELm1074049024EL9IRQn_Type61ELm1074786432ELi1ELNS_8PolarityE1EE5setInEv
                0x00005544       0x1c ./Sources/Ruby.o
                0x00005544                USBDM::GpioBase_T<2048ul, 1074049024ul, (IRQn_Type)61, 1074786432ul, 1, (USBDM::Polarity)1>::setIn()
 .text._ZN5USBDM5Pcr_TILm2048ELm1074049024EL9IRQn_Type61ELi1ELm323EE6setPCREm
                0x00005560       0x20 ./Sources/Ruby.o
                0x00005560                USBDM::Pcr_T<2048ul, 1074049024ul, (IRQn_Type)61, 1, 323ul>::setPCR(unsigned long)
 .text._ZN5USBDM10GpioBase_TILm512ELm1074040832EL9IRQn_Type59ELm1074786304ELi5ELNS_8PolarityE1EE5setInEv
                0x00005580       0x1c ./Sources/Ruby.o
                0x00005580                USBDM::GpioBase_T<512ul, 1074040832ul, (IRQn_Type)59, 1074786304ul, 5, (USBDM::Polarity)1>::setIn()
 .text._ZN5USBDM5Pcr_TILm512ELm1074040832EL9IRQn_Type59ELi5ELm323EE6setPCREm
                0x0000559c       0x20 ./Sources/Ruby.o
                0x0000559c                USBDM::Pcr_T<512ul, 1074040832ul, (IRQn_Type)59, 5, 323ul>::setPCR(unsigned long)
 .text._ZN5USBDM9FtmBase_TINS_8Ftm1InfoEE9configureENS_7FtmModeENS_14FtmClockSourceENS_11FtmPrescaleE
                0x000055bc       0x34 ./Sources/Ruby.o
                0x000055bc                USBDM::FtmBase_T<USBDM::Ftm1Info>::configure(USBDM::FtmMode, USBDM::FtmClockSource, USBDM::FtmPrescale)
 .text._ZN5USBDM10GpioBase_TILm1024ELm1074044928EL9IRQn_Type60ELm1074786368ELi3ELNS_8PolarityE1EE5setInEv
                0x000055f0       0x1c ./Sources/Ruby.o
                0x000055f0                USBDM::GpioBase_T<1024ul, 1074044928ul, (IRQn_Type)60, 1074786368ul, 3, (USBDM::Polarity)1>::setIn()
 .text._ZN5USBDM5Pcr_TILm1024ELm1074044928EL9IRQn_Type60ELi3ELm323EE6setPCREm
                0x0000560c       0x20 ./Sources/Ruby.o
                0x0000560c                USBDM::Pcr_T<1024ul, 1074044928ul, (IRQn_Type)60, 3, 323ul>::setPCR(unsigned long)
 .text._ZN5USBDM9FtmBase_TINS_8Ftm2InfoEE9configureENS_7FtmModeENS_14FtmClockSourceENS_11FtmPrescaleE
                0x0000562c       0x34 ./Sources/Ruby.o
                0x0000562c                USBDM::FtmBase_T<USBDM::Ftm2Info>::configure(USBDM::FtmMode, USBDM::FtmClockSource, USBDM::FtmPrescale)
 .text._ZN5USBDM10GpioBase_TILm2048ELm1074049024EL9IRQn_Type61ELm1074786432ELi11ELNS_8PolarityE1EE5clearEv
                0x00005660       0x18 ./Sources/Ruby.o
                0x00005660                USBDM::GpioBase_T<2048ul, 1074049024ul, (IRQn_Type)61, 1074786432ul, 11, (USBDM::Polarity)1>::clear()
 .text._ZNSt12_Vector_baseIcSaIcEE19_M_get_Tp_allocatorEv
                0x00005678       0x18 ./Sources/Ruby.o
                0x00005678                std::_Vector_base<char, std::allocator<char> >::_M_get_Tp_allocator()
 .text._ZSt8_DestroyIPccEvT_S1_RSaIT0_E
                0x00005690       0x1c ./Sources/Ruby.o
                0x00005690                void std::_Destroy<char*, char>(char*, char*, std::allocator<char>&)
 .text._ZSt8_DestroyIPiEvT_S1_
                0x000056ac       0x18 ./Sources/Ruby.o
                0x000056ac                void std::_Destroy<int*>(int*, int*)
 .text._ZNSaIiEC2Ev
                0x000056c4       0x18 ./Sources/Ruby.o
                0x000056c4                std::allocator<int>::allocator()
                0x000056c4                std::allocator<int>::allocator()
 .text._ZN9__gnu_cxx13new_allocatorIiED2Ev
                0x000056dc       0x18 ./Sources/Ruby.o
                0x000056dc                __gnu_cxx::new_allocator<int>::~new_allocator()
                0x000056dc                __gnu_cxx::new_allocator<int>::~new_allocator()
 .text._ZN9__gnu_cxx13new_allocatorIiE10deallocateEPij
                0x000056f4       0x18 ./Sources/Ruby.o
                0x000056f4                __gnu_cxx::new_allocator<int>::deallocate(int*, unsigned int)
 .text._ZN9__gnu_cxx13new_allocatorIcE10deallocateEPcj
                0x0000570c       0x18 ./Sources/Ruby.o
                0x0000570c                __gnu_cxx::new_allocator<char>::deallocate(char*, unsigned int)
 .text._ZN5USBDM9FtmBase_TINS_8Ftm0InfoEE16configureAllPinsEv
                0x00005724        0xc ./Sources/Ruby.o
                0x00005724                USBDM::FtmBase_T<USBDM::Ftm0Info>::configureAllPins()
 .text._ZN5USBDM9FtmBase_TINS_8Ftm1InfoEE6enableEv
                0x00005730       0x20 ./Sources/Ruby.o
                0x00005730                USBDM::FtmBase_T<USBDM::Ftm1Info>::enable()
 .text._ZN5USBDM9FtmBase_TINS_8Ftm2InfoEE6enableEv
                0x00005750       0x20 ./Sources/Ruby.o
                0x00005750                USBDM::FtmBase_T<USBDM::Ftm2Info>::enable()
 .text._ZSt8_DestroyIPcEvT_S1_
                0x00005770       0x18 ./Sources/Ruby.o
                0x00005770                void std::_Destroy<char*>(char*, char*)
 .text._ZNSt12_Destroy_auxILb1EE9__destroyIPiEEvT_S3_
                0x00005788       0x14 ./Sources/Ruby.o
                0x00005788                void std::_Destroy_aux<true>::__destroy<int*>(int*, int*)
 .text._ZN9__gnu_cxx13new_allocatorIiEC2Ev
                0x0000579c       0x18 ./Sources/Ruby.o
                0x0000579c                __gnu_cxx::new_allocator<int>::new_allocator()
                0x0000579c                __gnu_cxx::new_allocator<int>::new_allocator()
 .text._ZN5USBDM9FtmBase_TINS_8Ftm1InfoEE16configureAllPinsEv
                0x000057b4        0xc ./Sources/Ruby.o
                0x000057b4                USBDM::FtmBase_T<USBDM::Ftm1Info>::configureAllPins()
 .text._ZN5USBDM9FtmBase_TINS_8Ftm2InfoEE16configureAllPinsEv
                0x000057c0        0xc ./Sources/Ruby.o
                0x000057c0                USBDM::FtmBase_T<USBDM::Ftm2Info>::configureAllPins()
 .text._ZNSt12_Destroy_auxILb1EE9__destroyIPcEEvT_S3_
                0x000057cc       0x14 ./Sources/Ruby.o
                0x000057cc                void std::_Destroy_aux<true>::__destroy<char*>(char*, char*)
 .text._Z41__static_initialization_and_destruction_0ii
                0x000057e0       0xd0 ./Sources/Ruby.o
 .text._ZNSt6vectorIcSaIcEED2Ev
                0x000058b0       0x38 ./Sources/Ruby.o
                0x000058b0                std::vector<char, std::allocator<char> >::~vector()
                0x000058b0                std::vector<char, std::allocator<char> >::~vector()
 .text._GLOBAL__sub_I_interpretedActions
                0x000058e8       0x10 ./Sources/Ruby.o
 .text._ZN5USBDML9waitTicksEx
                0x000058f8       0x70 ./Sources/delay.o
 .text._ZN5USBDM6waitMSEm
                0x00005968       0x54 ./Sources/delay.o
                0x00005968                USBDM::waitMS(unsigned long)
 .text.NVIC_EnableIRQ
                0x000059bc       0x30 ./Sources/usbdmError.o
 .text.NVIC_ClearPendingIRQ
                0x000059ec       0x34 ./Sources/usbdmError.o
 .text.NVIC_SetPriority
                0x00005a20       0x54 ./Sources/usbdmError.o
 .text._ZN5USBDM15getErrorMessageENS_9ErrorCodeE
                0x00005a74       0x30 ./Sources/usbdmError.o
                0x00005a74                USBDM::getErrorMessage(USBDM::ErrorCode)
 .text._ZN5USBDM10checkErrorEv
                0x00005aa4       0x50 ./Sources/usbdmError.o
                0x00005aa4                USBDM::checkError()
 .text.cpp_initialise
                0x00005af4        0xc ./Sources/usbdmError.o
                0x00005af4                cpp_initialise
 .text._ZN5USBDM19enableNvicInterruptE9IRQn_Typem
                0x00005b00       0x34 ./Sources/usbdmError.o
                0x00005b00                USBDM::enableNvicInterrupt(IRQn_Type, unsigned long)
 .text._ZdlPv   0x00005b34        0x8 c:/freescale/kds_v3/toolchain/bin/../lib/gcc/arm-none-eabi/4.8.4/../../../../arm-none-eabi/lib/armv7e-m/fpu\libstdc++_s.a(del_op.o)
                0x00005b34                operator delete(void*)
 .text.__aeabi_atexit
                0x00005b3c        0xa c:/freescale/kds_v3/toolchain/bin/../lib/gcc/arm-none-eabi/4.8.4/../../../../arm-none-eabi/lib/armv7e-m/fpu\libstdc++_s.a(atexit_arm.o)
                0x00005b3c                __aeabi_atexit
 .text._ZNSaIcEC2Ev
                0x00005b46        0x2 c:/freescale/kds_v3/toolchain/bin/../lib/gcc/arm-none-eabi/4.8.4/../../../../arm-none-eabi/lib/armv7e-m/fpu\libstdc++_s.a(allocator-inst.o)
                0x00005b46                std::allocator<char>::allocator()
                0x00005b46                std::allocator<char>::allocator()
 .text._ZNSaIcED2Ev
                0x00005b48        0x2 c:/freescale/kds_v3/toolchain/bin/../lib/gcc/arm-none-eabi/4.8.4/../../../../arm-none-eabi/lib/armv7e-m/fpu\libstdc++_s.a(allocator-inst.o)
                0x00005b48                std::allocator<char>::~allocator()
                0x00005b48                std::allocator<char>::~allocator()
 *fill*         0x00005b4a        0x2 
 .text.round    0x00005b4c       0x98 c:/freescale/kds_v3/toolchain/bin/../lib/gcc/arm-none-eabi/4.8.4/../../../../arm-none-eabi/lib/armv7e-m/fpu\libm.a(lib_a-s_round.o)
                0x00005b4c                round
 .text.abort    0x00005be4        0xe c:/freescale/kds_v3/toolchain/bin/../lib/gcc/arm-none-eabi/4.8.4/../../../../arm-none-eabi/lib/armv7e-m/fpu\libg_s.a(lib_a-abort.o)
                0x00005be4                abort
 *fill*         0x00005bf2        0x2 
 .text.__assert_func
                0x00005bf4       0x38 c:/freescale/kds_v3/toolchain/bin/../lib/gcc/arm-none-eabi/4.8.4/../../../../arm-none-eabi/lib/armv7e-m/fpu\libg_s.a(lib_a-assert.o)
                0x00005bf4                __assert_func
 .text.__cxa_atexit
                0x00005c2c       0x20 c:/freescale/kds_v3/toolchain/bin/../lib/gcc/arm-none-eabi/4.8.4/../../../../arm-none-eabi/lib/armv7e-m/fpu\libg_s.a(lib_a-cxa_atexit.o)
                0x00005c2c                __cxa_atexit
 .text.exit     0x00005c4c       0x28 c:/freescale/kds_v3/toolchain/bin/../lib/gcc/arm-none-eabi/4.8.4/../../../../arm-none-eabi/lib/armv7e-m/fpu\libg_s.a(lib_a-exit.o)
                0x00005c4c                exit
 .text.fprintf  0x00005c74       0x24 c:/freescale/kds_v3/toolchain/bin/../lib/gcc/arm-none-eabi/4.8.4/../../../../arm-none-eabi/lib/armv7e-m/fpu\libg_s.a(lib_a-fprintf.o)
                0x00005c74                fiprintf
                0x00005c74                fprintf
 .text.__libc_init_array
                0x00005c98       0x4c c:/freescale/kds_v3/toolchain/bin/../lib/gcc/arm-none-eabi/4.8.4/../../../../arm-none-eabi/lib/armv7e-m/fpu\libg_s.a(lib_a-init.o)
                0x00005c98                __libc_init_array
 .text.malloc   0x00005ce4       0x10 c:/freescale/kds_v3/toolchain/bin/../lib/gcc/arm-none-eabi/4.8.4/../../../../arm-none-eabi/lib/armv7e-m/fpu\libg_s.a(lib_a-malloc.o)
                0x00005ce4                malloc
 .text.free     0x00005cf4       0x10 c:/freescale/kds_v3/toolchain/bin/../lib/gcc/arm-none-eabi/4.8.4/../../../../arm-none-eabi/lib/armv7e-m/fpu\libg_s.a(lib_a-malloc.o)
                0x00005cf4                free
 .text.memcpy   0x00005d04       0x12 c:/freescale/kds_v3/toolchain/bin/../lib/gcc/arm-none-eabi/4.8.4/../../../../arm-none-eabi/lib/armv7e-m/fpu\libg_s.a(lib_a-memcpy-stub.o)
                0x00005d04                memcpy
 .text.memset   0x00005d16       0x10 c:/freescale/kds_v3/toolchain/bin/../lib/gcc/arm-none-eabi/4.8.4/../../../../arm-none-eabi/lib/armv7e-m/fpu\libg_s.a(lib_a-memset.o)
                0x00005d16                memset
 *fill*         0x00005d26        0x2 
 .text._free_r  0x00005d28       0x88 c:/freescale/kds_v3/toolchain/bin/../lib/gcc/arm-none-eabi/4.8.4/../../../../arm-none-eabi/lib/armv7e-m/fpu\libg_s.a(lib_a-nano-freer.o)
                0x00005d28                _free_r
 .text._malloc_r
                0x00005db0       0xa8 c:/freescale/kds_v3/toolchain/bin/../lib/gcc/arm-none-eabi/4.8.4/../../../../arm-none-eabi/lib/armv7e-m/fpu\libg_s.a(lib_a-nano-mallocr.o)
                0x00005db0                _malloc_r
 .text._sbrk_r  0x00005e58       0x20 c:/freescale/kds_v3/toolchain/bin/../lib/gcc/arm-none-eabi/4.8.4/../../../../arm-none-eabi/lib/armv7e-m/fpu\libg_s.a(lib_a-sbrkr.o)
                0x00005e58                _sbrk_r
 .text._raise_r
                0x00005e78       0x50 c:/freescale/kds_v3/toolchain/bin/../lib/gcc/arm-none-eabi/4.8.4/../../../../arm-none-eabi/lib/armv7e-m/fpu\libg_s.a(lib_a-signal.o)
                0x00005e78                _raise_r
 .text.raise    0x00005ec8       0x10 c:/freescale/kds_v3/toolchain/bin/../lib/gcc/arm-none-eabi/4.8.4/../../../../arm-none-eabi/lib/armv7e-m/fpu\libg_s.a(lib_a-signal.o)
                0x00005ec8                raise
 .text._kill_r  0x00005ed8       0x24 c:/freescale/kds_v3/toolchain/bin/../lib/gcc/arm-none-eabi/4.8.4/../../../../arm-none-eabi/lib/armv7e-m/fpu\libg_s.a(lib_a-signalr.o)
                0x00005ed8                _kill_r
 .text._getpid_r
                0x00005efc        0x4 c:/freescale/kds_v3/toolchain/bin/../lib/gcc/arm-none-eabi/4.8.4/../../../../arm-none-eabi/lib/armv7e-m/fpu\libg_s.a(lib_a-signalr.o)
                0x00005efc                _getpid_r
 .text.__sfputc_r
                0x00005f00       0x2c c:/freescale/kds_v3/toolchain/bin/../lib/gcc/arm-none-eabi/4.8.4/../../../../arm-none-eabi/lib/armv7e-m/fpu\libg_s.a(lib_a-vfprintf.o)
 .text.__sfputs_r
                0x00005f2c       0x24 c:/freescale/kds_v3/toolchain/bin/../lib/gcc/arm-none-eabi/4.8.4/../../../../arm-none-eabi/lib/armv7e-m/fpu\libg_s.a(lib_a-vfprintf.o)
                0x00005f2c                __sfputs_r
 .text._vfprintf_r
                0x00005f50      0x208 c:/freescale/kds_v3/toolchain/bin/../lib/gcc/arm-none-eabi/4.8.4/../../../../arm-none-eabi/lib/armv7e-m/fpu\libg_s.a(lib_a-vfprintf.o)
                0x00005f50                _vfprintf_r
                0x00005f50                _vfiprintf_r
 .text.__cvt    0x00006158       0xc0 c:/freescale/kds_v3/toolchain/bin/../lib/gcc/arm-none-eabi/4.8.4/../../../../arm-none-eabi/lib/armv7e-m/fpu\libg_s.a(lib_a-vfprintf_float.o)
                0x00006158                __cvt
 .text.__exponent
                0x00006218       0x66 c:/freescale/kds_v3/toolchain/bin/../lib/gcc/arm-none-eabi/4.8.4/../../../../arm-none-eabi/lib/armv7e-m/fpu\libg_s.a(lib_a-vfprintf_float.o)
                0x00006218                __exponent
 *fill*         0x0000627e        0x2 
 .text._printf_float
                0x00006280      0x420 c:/freescale/kds_v3/toolchain/bin/../lib/gcc/arm-none-eabi/4.8.4/../../../../arm-none-eabi/lib/armv7e-m/fpu\libg_s.a(lib_a-vfprintf_float.o)
                0x00006280                _printf_float
 .text._printf_common
                0x000066a0       0xe4 c:/freescale/kds_v3/toolchain/bin/../lib/gcc/arm-none-eabi/4.8.4/../../../../arm-none-eabi/lib/armv7e-m/fpu\libg_s.a(lib_a-vfprintf_i.o)
                0x000066a0                _printf_common
 .text._printf_i
                0x00006784      0x228 c:/freescale/kds_v3/toolchain/bin/../lib/gcc/arm-none-eabi/4.8.4/../../../../arm-none-eabi/lib/armv7e-m/fpu\libg_s.a(lib_a-vfprintf_i.o)
                0x00006784                _printf_i
 .text.__swbuf_r
                0x000069ac       0xa8 c:/freescale/kds_v3/toolchain/bin/../lib/gcc/arm-none-eabi/4.8.4/../../../../arm-none-eabi/lib/armv7e-m/fpu\libg_s.a(lib_a-wbuf.o)
                0x000069ac                __swbuf_r
 .text.__swsetup_r
                0x00006a54       0xdc c:/freescale/kds_v3/toolchain/bin/../lib/gcc/arm-none-eabi/4.8.4/../../../../arm-none-eabi/lib/armv7e-m/fpu\libg_s.a(lib_a-wsetup.o)
                0x00006a54                __swsetup_r
 .text.quorem   0x00006b30      0x11a c:/freescale/kds_v3/toolchain/bin/../lib/gcc/arm-none-eabi/4.8.4/../../../../arm-none-eabi/lib/armv7e-m/fpu\libg_s.a(lib_a-dtoa.o)
 *fill*         0x00006c4a        0x6 
 .text._dtoa_r  0x00006c50      0xb70 c:/freescale/kds_v3/toolchain/bin/../lib/gcc/arm-none-eabi/4.8.4/../../../../arm-none-eabi/lib/armv7e-m/fpu\libg_s.a(lib_a-dtoa.o)
                0x00006c50                _dtoa_r
 .text.__sflush_r
                0x000077c0      0x106 c:/freescale/kds_v3/toolchain/bin/../lib/gcc/arm-none-eabi/4.8.4/../../../../arm-none-eabi/lib/armv7e-m/fpu\libg_s.a(lib_a-fflush.o)
                0x000077c0                __sflush_r
 *fill*         0x000078c6        0x2 
 .text._fflush_r
                0x000078c8       0x54 c:/freescale/kds_v3/toolchain/bin/../lib/gcc/arm-none-eabi/4.8.4/../../../../arm-none-eabi/lib/armv7e-m/fpu\libg_s.a(lib_a-fflush.o)
                0x000078c8                _fflush_r
 .text._cleanup_r
                0x0000791c       0x32 c:/freescale/kds_v3/toolchain/bin/../lib/gcc/arm-none-eabi/4.8.4/../../../../arm-none-eabi/lib/armv7e-m/fpu\libg_s.a(lib_a-findfp.o)
                0x0000791c                _cleanup_r
 *fill*         0x0000794e        0x2 
 .text.std.isra.0
                0x00007950       0x48 c:/freescale/kds_v3/toolchain/bin/../lib/gcc/arm-none-eabi/4.8.4/../../../../arm-none-eabi/lib/armv7e-m/fpu\libg_s.a(lib_a-findfp.o)
 .text.__sfmoreglue
                0x00007998       0x2c c:/freescale/kds_v3/toolchain/bin/../lib/gcc/arm-none-eabi/4.8.4/../../../../arm-none-eabi/lib/armv7e-m/fpu\libg_s.a(lib_a-findfp.o)
                0x00007998                __sfmoreglue
 .text.__sinit  0x000079c4       0x60 c:/freescale/kds_v3/toolchain/bin/../lib/gcc/arm-none-eabi/4.8.4/../../../../arm-none-eabi/lib/armv7e-m/fpu\libg_s.a(lib_a-findfp.o)
                0x000079c4                __sinit
 .text.__sfp    0x00007a24       0x74 c:/freescale/kds_v3/toolchain/bin/../lib/gcc/arm-none-eabi/4.8.4/../../../../arm-none-eabi/lib/armv7e-m/fpu\libg_s.a(lib_a-findfp.o)
                0x00007a24                __sfp
 .text._localeconv_r
                0x00007a98        0x8 c:/freescale/kds_v3/toolchain/bin/../lib/gcc/arm-none-eabi/4.8.4/../../../../arm-none-eabi/lib/armv7e-m/fpu\libg_s.a(lib_a-locale.o)
                0x00007a98                _localeconv_r
 .text.__smakebuf_r
                0x00007aa0       0x9c c:/freescale/kds_v3/toolchain/bin/../lib/gcc/arm-none-eabi/4.8.4/../../../../arm-none-eabi/lib/armv7e-m/fpu\libg_s.a(lib_a-makebuf.o)
                0x00007aa0                __smakebuf_r
 .text.memchr   0x00007b3c       0x1e c:/freescale/kds_v3/toolchain/bin/../lib/gcc/arm-none-eabi/4.8.4/../../../../arm-none-eabi/lib/armv7e-m/fpu\libg_s.a(lib_a-memchr-stub.o)
                0x00007b3c                memchr
 .text._Balloc  0x00007b5a       0x6a c:/freescale/kds_v3/toolchain/bin/../lib/gcc/arm-none-eabi/4.8.4/../../../../arm-none-eabi/lib/armv7e-m/fpu\libg_s.a(lib_a-mprec.o)
                0x00007b5a                _Balloc
 .text._Bfree   0x00007bc4       0x2e c:/freescale/kds_v3/toolchain/bin/../lib/gcc/arm-none-eabi/4.8.4/../../../../arm-none-eabi/lib/armv7e-m/fpu\libg_s.a(lib_a-mprec.o)
                0x00007bc4                _Bfree
 .text.__multadd
                0x00007bf2       0x74 c:/freescale/kds_v3/toolchain/bin/../lib/gcc/arm-none-eabi/4.8.4/../../../../arm-none-eabi/lib/armv7e-m/fpu\libg_s.a(lib_a-mprec.o)
                0x00007bf2                __multadd
 .text.__hi0bits
                0x00007c66       0x40 c:/freescale/kds_v3/toolchain/bin/../lib/gcc/arm-none-eabi/4.8.4/../../../../arm-none-eabi/lib/armv7e-m/fpu\libg_s.a(lib_a-mprec.o)
                0x00007c66                __hi0bits
 .text.__lo0bits
                0x00007ca6       0x5a c:/freescale/kds_v3/toolchain/bin/../lib/gcc/arm-none-eabi/4.8.4/../../../../arm-none-eabi/lib/armv7e-m/fpu\libg_s.a(lib_a-mprec.o)
                0x00007ca6                __lo0bits
 .text.__i2b    0x00007d00       0x12 c:/freescale/kds_v3/toolchain/bin/../lib/gcc/arm-none-eabi/4.8.4/../../../../arm-none-eabi/lib/armv7e-m/fpu\libg_s.a(lib_a-mprec.o)
                0x00007d00                __i2b
 .text.__multiply
                0x00007d12      0x130 c:/freescale/kds_v3/toolchain/bin/../lib/gcc/arm-none-eabi/4.8.4/../../../../arm-none-eabi/lib/armv7e-m/fpu\libg_s.a(lib_a-mprec.o)
                0x00007d12                __multiply
 *fill*         0x00007e42        0x2 
 .text.__pow5mult
                0x00007e44       0x9c c:/freescale/kds_v3/toolchain/bin/../lib/gcc/arm-none-eabi/4.8.4/../../../../arm-none-eabi/lib/armv7e-m/fpu\libg_s.a(lib_a-mprec.o)
                0x00007e44                __pow5mult
 .text.__lshift
                0x00007ee0       0xa6 c:/freescale/kds_v3/toolchain/bin/../lib/gcc/arm-none-eabi/4.8.4/../../../../arm-none-eabi/lib/armv7e-m/fpu\libg_s.a(lib_a-mprec.o)
                0x00007ee0                __lshift
 .text.__mcmp   0x00007f86       0x3a c:/freescale/kds_v3/toolchain/bin/../lib/gcc/arm-none-eabi/4.8.4/../../../../arm-none-eabi/lib/armv7e-m/fpu\libg_s.a(lib_a-mprec.o)
                0x00007f86                __mcmp
 .text.__mdiff  0x00007fc0       0xbc c:/freescale/kds_v3/toolchain/bin/../lib/gcc/arm-none-eabi/4.8.4/../../../../arm-none-eabi/lib/armv7e-m/fpu\libg_s.a(lib_a-mprec.o)
                0x00007fc0                __mdiff
 .text.__d2b    0x0000807c       0xa0 c:/freescale/kds_v3/toolchain/bin/../lib/gcc/arm-none-eabi/4.8.4/../../../../arm-none-eabi/lib/armv7e-m/fpu\libg_s.a(lib_a-mprec.o)
                0x0000807c                __d2b
 .text._calloc_r
                0x0000811c       0x1c c:/freescale/kds_v3/toolchain/bin/../lib/gcc/arm-none-eabi/4.8.4/../../../../arm-none-eabi/lib/armv7e-m/fpu\libg_s.a(lib_a-nano-callocr.o)
                0x0000811c                _calloc_r
 .text.__fpclassifyd
                0x00008138       0x48 c:/freescale/kds_v3/toolchain/bin/../lib/gcc/arm-none-eabi/4.8.4/../../../../arm-none-eabi/lib/armv7e-m/fpu\libg_s.a(lib_a-s_fpclassify.o)
                0x00008138                __fpclassifyd
 .text.__sread  0x00008180       0x22 c:/freescale/kds_v3/toolchain/bin/../lib/gcc/arm-none-eabi/4.8.4/../../../../arm-none-eabi/lib/armv7e-m/fpu\libg_s.a(lib_a-stdio.o)
                0x00008180                __sread
 .text.__swrite
                0x000081a2       0x38 c:/freescale/kds_v3/toolchain/bin/../lib/gcc/arm-none-eabi/4.8.4/../../../../arm-none-eabi/lib/armv7e-m/fpu\libg_s.a(lib_a-stdio.o)
                0x000081a2                __swrite
 .text.__sseek  0x000081da       0x24 c:/freescale/kds_v3/toolchain/bin/../lib/gcc/arm-none-eabi/4.8.4/../../../../arm-none-eabi/lib/armv7e-m/fpu\libg_s.a(lib_a-stdio.o)
                0x000081da                __sseek
 .text.__sclose
                0x000081fe        0x8 c:/freescale/kds_v3/toolchain/bin/../lib/gcc/arm-none-eabi/4.8.4/../../../../arm-none-eabi/lib/armv7e-m/fpu\libg_s.a(lib_a-stdio.o)
                0x000081fe                __sclose
 .text.strlen   0x00008206       0x10 c:/freescale/kds_v3/toolchain/bin/../lib/gcc/arm-none-eabi/4.8.4/../../../../arm-none-eabi/lib/armv7e-m/fpu\libg_s.a(lib_a-strlen.o)
                0x00008206                strlen
 *fill*         0x00008216        0x2 
 .text._write_r
                0x00008218       0x24 c:/freescale/kds_v3/toolchain/bin/../lib/gcc/arm-none-eabi/4.8.4/../../../../arm-none-eabi/lib/armv7e-m/fpu\libg_s.a(lib_a-writer.o)
                0x00008218                _write_r
 .text._close_r
                0x0000823c       0x20 c:/freescale/kds_v3/toolchain/bin/../lib/gcc/arm-none-eabi/4.8.4/../../../../arm-none-eabi/lib/armv7e-m/fpu\libg_s.a(lib_a-closer.o)
                0x0000823c                _close_r
 .text._fstat_r
                0x0000825c       0x24 c:/freescale/kds_v3/toolchain/bin/../lib/gcc/arm-none-eabi/4.8.4/../../../../arm-none-eabi/lib/armv7e-m/fpu\libg_s.a(lib_a-fstatr.o)
                0x0000825c                _fstat_r
 .text._isatty_r
                0x00008280       0x20 c:/freescale/kds_v3/toolchain/bin/../lib/gcc/arm-none-eabi/4.8.4/../../../../arm-none-eabi/lib/armv7e-m/fpu\libg_s.a(lib_a-isattyr.o)
                0x00008280                _isatty_r
 .text._lseek_r